******************************************************************************
                  TI ARM Linker PC v20.2.7                     
******************************************************************************
>> Linked Tue Mar 19 11:06:00 2024

OUTPUT FILE NAME:   <uart2echo_CC3220S_LAUNCHXL_nortos_ccs.out>
ENTRY POINT SYMBOL: "resetISR"  address: 2000f6ad


MEMORY CONFIGURATION

         name            origin    length      used     unused   attr    fill
----------------------  --------  ---------  --------  --------  ----  --------
  SRAM2                 20000000   00004000  0000130c  00002cf4  RW X
  SRAM                  20004000   0003c000  0000cc11  0002f3ef  RW X
  LOG_DATA              90000000   00040000  00000000  00040000  R   


SEGMENT ALLOCATION MAP

run origin  load origin   length   init length attrs members
----------  ----------- ---------- ----------- ----- -------
20003000    20003000    00001000   00000000    rw-
  20003000    20003000    00001000   00000000    rw- .stack
20004000    20004000    00000040   00000040    r--
  20004000    20004000    00000040   00000040    r-- .resetVecs
20004040    20004040    00008000   00000000    rw-
  20004040    20004040    00008000   00000000    rw- .sysmem
2000c040    2000c040    00003b08   00003b08    r-x
  2000c040    2000c040    00003a1a   00003a1a    r-x .text
  2000fa60    2000fa60    000000e8   000000e8    r-- .cinit
2000fc00    2000fc00    00000d98   00000000    rw-
  2000fc00    2000fc00    000007e4   00000000    rw- .bss
  200103e4    200103e4    000005b4   00000000    rw- .data
20010998    20010998    00000337   00000337    r--
  20010998    20010998    00000337   00000337    r-- .const


SECTION ALLOCATION MAP

 output                                  attributes/
section   page    origin      length       input sections
--------  ----  ----------  ----------   ----------------
.text      0    2000c040    00003a1a     
                  2000c040    0000042c     driverlib.a : prcm.obj (.text:PRCMCC3200MCUInit)
                  2000c46c    00000288     drivers_cc32xx.a : UART2CC32XX.oem4 (.text:UART2_open)
                  2000c6f4    00000236                      : UART2.oem4 (.text:UART2_writeTimeout)
                  2000c92a    00000228                      : UART2CC32XX.oem4 (.text:UART2CC32XX_hwiIntFxn)
                  2000cb52    000001f4                      : UART2.oem4 (.text:UART2_readTimeout)
                  2000cd46    00000002     ti_drivers_config.obj (.text:Board_initHook)
                  2000cd48    000001e4     drivers_cc32xx.a : GPIOCC32XX.oem4 (.text:GPIO_setConfig)
                  2000cf2c    0000019c     nortos_cc32xx.a : PowerCC32XX_nortos.oem4 (.text:PowerCC32XX_sleepPolicy)
                  2000d0c8    00000148     drivers_cc32xx.a : PowerCC32XX.oem4 (.text:parkPins)
                  2000d210    00000138                      : PowerCC32XX.oem4 (.text:Power_sleep)
                  2000d348    00000118                      : UART2CC32XX.oem4 (.text:UART2_close)
                  2000d460    00000100     rtsv7M4_T_le_eabi.lib : memory.c.obj (.text:aligned_alloc)
                  2000d560    000000e4     drivers_cc32xx.a : UART2CC32XX.oem4 (.text:UART2CC32XX_initHw)
                  2000d644    000000e4                      : UART2CC32XX.oem4 (.text:UART2Support_dmaStartRx)
                  2000d728    000000e4     rtsv7M4_T_le_eabi.lib : memory.c.obj (.text:free)
                  2000d80c    000000c8     drivers_cc32xx.a : UART2CC32XX.oem4 (.text:UART2Support_dmaStartTx)
                  2000d8d4    000000c4                      : GPIOCC32XX.oem4 (.text:GPIO_init)
                  2000d998    000000c0                      : PowerCC32XX.oem4 (.text:restoreParkedPins)
                  2000da58    000000a8     driverlib.a : interrupt.obj (.text:IntEnable)
                  2000db00    000000a8     drivers_cc32xx.a : PowerCC32XX.oem4 (.text:PowerCC32XX_configureWakeup)
                  2000dba8    000000a4     uart2echo.obj (.text:mainThread)
                  2000dc4c    000000a0     nortos_cc32xx.a : SemaphoreP_nortos.oem4 (.text:SemaphoreP_pend)
                  2000dcec    0000009c     rtsv7M4_T_le_eabi.lib : memcpy_t2.asm.obj (.text)
                  2000dd88    00000098     drivers_cc32xx.a : GPIOCC32XX.oem4 (.text:powerNotifyFxn)
                  2000de20    00000096     rtsv7M4_T_le_eabi.lib : ull_div_t2.asm.obj (.text)
                  2000deb6    00000002     nortos_cc32xx.a : PowerCC32XX_nortos.oem4 (.text:PowerCC32XX_initPolicy)
                  2000deb8    00000090     drivers_cc32xx.a : PowerCC32XX.oem4 (.text:restoreNVICRegs)
                  2000df48    0000008c     nortos_cc32xx.a : HwiPCC32XX_nortos.oem4 (.text:HwiP_construct)
                  2000dfd4    00000088     driverlib.a : interrupt.obj (.text:IntPendSet)
                  2000e05c    00000088                 : pin.obj (.text:PinConfigSet)
                  2000e0e4    00000084     drivers_cc32xx.a : PowerCC32XX.oem4 (.text:Power_init)
                  2000e168    00000084                      : PowerCC32XX.oem4 (.text:saveNVICRegs)
                  2000e1ec    00000080                      : PowerCC32XX.oem4 (.text:Power_setDependency)
                  2000e26c    0000007c                      : UDMACC32XX.oem4 (.text:UDMACC32XX_open)
                  2000e2e8    0000007a     rtsv7M4_T_le_eabi.lib : memset_t2.asm.obj (.text)
                  2000e362    00000002     nortos_cc32xx.a : SemaphoreP_nortos.oem4 (.text:SemaphoreP_destruct)
                  2000e364    00000078     drivers_cc32xx.a : GPIOCC32XX.oem4 (.text:GPIO_hwiIntFxn)
                  2000e3dc    00000074                      : UART2CC32XX.oem4 (.text:UART2CC32XX_readCallback)
                  2000e450    00000070     rtsv7M4_T_le_eabi.lib : memory.c.obj (.text:split)
                  2000e4c0    00000068                           : copy_decompress_lzss.c.obj (.text:decompress:lzss:__TI_decompress_lzss)
                  2000e528    00000064     drivers_cc32xx.a : PowerCC32XX.oem4 (.text:PowerCC32XX_setParkState)
                  2000e58c    00000064     driverlib.a : udma.obj (.text:uDMAChannelAttributeDisable)
                  2000e5f0    00000060                 : prcm.obj (.text:PRCMSysResetCauseGet)
                  2000e650    0000005c     drivers_cc32xx.a : GPIOCC32XX.oem4 (.text:GPIO_setCallback)
                  2000e6ac    0000005c     nortos_cc32xx.a : ClockPSysTick_nortos.oem4 (.text:sysTickInit)
                  2000e708    00000058     drivers_cc32xx.a : GPIOCC32XX.oem4 (.text:GPIO_write)
                  2000e760    00000058     driverlib.a : prcm.obj (.text:PRCMPeripheralReset)
                  2000e7b8    00000058     drivers_cc32xx.a : PowerCC32XX.oem4 (.text:Power_releaseDependency)
                  2000e810    00000056                      : UART2CC32XX.oem4 (.text:UART2Support_dmaStopTx)
                  2000e866    00000052                      : PowerCC32XX_asm.oem4 (.text:PowerCC32XX_resumeLPDS)
                  2000e8b8    00000050     nortos_cc32xx.a : ClockPSysTick_nortos.oem4 (.text:ClockP_sysTickHandler)
                  2000e908    00000050                     : SemaphoreP_nortos.oem4 (.text:SemaphoreP_construct)
                  2000e958    00000050     drivers_cc32xx.a : UART2CC32XX.oem4 (.text:UART2Support_dmaStopRx)
                  2000e9a8    0000004c                      : GPIOCC32XX.oem4 (.text:GPIO_enableInt)
                  2000e9f4    0000004c                      : PowerCC32XX.oem4 (.text:PowerCC32XX_parkPin)
                  2000ea40    0000004c                      : PowerCC32XX.oem4 (.text:restorePeriphClocks)
                  2000ea8c    00000048     driverlib.a : flash.obj (.text:FlashDisable)
                  2000ead4    00000048                 : prcm.obj (.text:PRCMLPDSEnter)
                  2000eb1c    00000048                 : prcm.obj (.text:PRCMPeripheralClkEnable)
                  2000eb64    00000048     drivers_cc32xx.a : PowerCC32XX.oem4 (.text:Power_releaseConstraint)
                  2000ebac    00000046                      : RingBuf.oem4 (.text:RingBuf_put)
                  2000ebf2    00000002                      : UART2CC32XX.oem4 (.text:UART2CC32XX_eventCallback)
                  2000ebf4    00000044     nortos_cc32xx.a : ClockPSysTick_nortos.oem4 (.text:ClockP_stop)
                  2000ec38    00000044     driverlib.a : prcm.obj (.text:PRCMLPDSRestoreInfoSet)
                  2000ec7c    00000044     drivers_cc32xx.a : PowerCC32XX_asm.oem4 (.text:PowerCC32XX_enterLPDS)
                  2000ecc0    00000044     nortos_cc32xx.a : SemaphoreP_nortos.oem4 (.text:SemaphoreP_post)
                  2000ed04    00000044                     : SwiP_nortos.oem4 (.text:SwiP_restore)
                  2000ed48    00000044     drivers_cc32xx.a : UART2CC32XX.oem4 (.text:UART2Support_enableInts)
                  2000ed8c    00000044     rtsv7M4_T_le_eabi.lib : autoinit.c.obj (.text:__TI_auto_init_nobinit_nopinit:__TI_auto_init_nobinit_nopinit)
                  2000edd0    00000040     nortos_cc32xx.a : ClockPSysTick_nortos.oem4 (.text:ClockP_construct)
                  2000ee10    00000040     driverlib.a : pin.obj (.text:PinModeSet)
                  2000ee50    00000040     drivers_cc32xx.a : UART2.oem4 (.text:UART2_readFull)
                  2000ee90    00000040                      : UDMACC32XX.oem4 (.text:UDMACC32XX_init)
                  2000eed0    0000003e                      : RingBuf.oem4 (.text:RingBuf_putAdvance)
                  2000ef0e    00000002     rtsv7M4_T_le_eabi.lib : _lock.c.obj (.text:_nop)
                  2000ef10    0000003c     nortos_cc32xx.a : ClockPSysTick_nortos.oem4 (.text:ClockP_destruct)
                  2000ef4c    0000003c     drivers_cc32xx.a : PowerCC32XX.oem4 (.text:Power_setConstraint)
                  2000ef88    0000003c                      : UART2CC32XX.oem4 (.text:UART2Support_dmaRefreshRx)
                  2000efc4    0000003a     nortos_cc32xx.a : PowerCC32XX_nortos.oem4 (.text:getCountsRTC)
                  2000effe    00000002                     : startup_cc32xx_ccs.oem4 (.text:busFaultHandler)
                  2000f000    00000038     driverlib.a : prcm.obj (.text:PRCMLPDSEnterKeepDebugIf)
                  2000f038    00000038     drivers_cc32xx.a : UART2.oem4 (.text:UART2_rxEnable)
                  2000f070    00000038     nortos_cc32xx.a : ClockPSysTick_nortos.oem4 (.text:addToList)
                  2000f0a8    00000038                     : startup_cc32xx_ccs.oem4 (.text:initVectors)
                  2000f0e0    00000038     drivers_cc32xx.a : PowerCC32XX.oem4 (.text:notify)
                  2000f118    00000036                      : UART2.oem4 (.text:UART2_rxDisable)
                  2000f14e    00000002     nortos_cc32xx.a : SemaphoreP_nortos.oem4 (.text:clkFxn)
                  2000f150    00000034                     : ClockPSysTick_nortos.oem4 (.text:ClockP_getTicksUntilInterrupt)
                  2000f184    00000034                     : ClockPSysTick_nortos.oem4 (.text:ClockP_startup)
                  2000f1b8    00000034     driverlib.a : pin.obj (.text:PinModeGet)
                  2000f1ec    00000034     drivers_cc32xx.a : PowerCC32XX.oem4 (.text:PowerCC32XX_restoreParkState)
                  2000f220    00000034                      : RingBuf.oem4 (.text:RingBuf_getConsume)
                  2000f254    00000034                      : RingBuf.oem4 (.text:RingBuf_putPointer)
                  2000f288    00000034                      : UART2CC32XX.oem4 (.text:UART2Support_sendData)
                  2000f2bc    00000034                      : UDMACC32XX.oem4 (.text:UDMACC32XX_close)
                  2000f2f0    00000032                      : UART2CC32XX.oem4 (.text:UART2Support_disableRx)
                  2000f322    00000002     nortos_cc32xx.a : startup_cc32xx_ccs.oem4 (.text:defaultHandler)
                  2000f324    00000030                     : ClockPSysTick_nortos.oem4 (.text:ClockP_start)
                  2000f354    00000030     drivers_cc32xx.a : PowerCC32XX.oem4 (.text:PowerCC32XX_restoreParkedPin)
                  2000f384    0000002c                      : PowerCC32XX.oem4 (.text:PowerCC32XX_getParkState)
                  2000f3b0    0000002a     nortos_cc32xx.a : HwiPCC32XX_nortos.oem4 (.text:HwiP_create)
                  2000f3da    0000002a     drivers_cc32xx.a : RingBuf.oem4 (.text:RingBuf_getPointer)
                  2000f404    00000028     driverlib.a : prcm.obj (.text:PRCMPeripheralClkDisable)
                  2000f42c    00000028     drivers_cc32xx.a : PowerCC32XX.oem4 (.text:Power_registerNotify)
                  2000f454    00000028     rtsv7M4_T_le_eabi.lib : memory.c.obj (.text:free_list_insert)
                  2000f47c    00000028     driverlib.a : udma.obj (.text:uDMAChannelIsEnabled)
                  2000f4a4    00000026     drivers_cc32xx.a : List.oem4 (.text:List_put)
                  2000f4ca    00000026                      : List.oem4 (.text:List_remove)
                  2000f4f0    00000024     nortos_cc32xx.a : HwiPCC32XX_nortos.oem4 (.text:HwiP_dispatch)
                  2000f514    00000024     drivers_cc32xx.a : PowerCC32XX.oem4 (.text:PowerCC32XX_reset)
                  2000f538    00000024     driverlib.a : uart.obj (.text:UARTEnable)
                  2000f55c    00000024     rtsv7M4_T_le_eabi.lib : boot_cortex_m.c.obj (.text:_c_int00_noargs:_c_int00_noargs)
                  2000f580    00000020     nortos_cc32xx.a : HwiPCC32XX_nortos.oem4 (.text:HwiP_destruct)
                  2000f5a0    00000020     drivers_cc32xx.a : PowerCC32XX.oem4 (.text:Power_unregisterNotify)
                  2000f5c0    00000020                      : UART2CC32XX.oem4 (.text:UART2CC32XX_getPowerMgrId)
                  2000f5e0    00000020                      : UART2.oem4 (.text:UART2_read)
                  2000f600    0000001e     nortos_cc32xx.a : SemaphoreP_nortos.oem4 (.text:SemaphoreP_constructBinary)
                  2000f61e    0000001e     drivers_cc32xx.a : UDMACC32XX.oem4 (.text:postNotifyFxn)
                  2000f63c    0000001c     driverlib.a : pin.obj (.text:PinToPadGet)
                  2000f658    0000001c     nortos_cc32xx.a : SwiP_nortos.oem4 (.text:SwiP_disable)
                  2000f674    0000001c     rtsv7M4_T_le_eabi.lib : memory.c.obj (.text:free_list_remove)
                  2000f690    0000001a     nortos_cc32xx.a : SemaphoreP_nortos.oem4 (.text:SemaphoreP_createBinary)
                  2000f6aa    00000002                     : startup_cc32xx_ccs.oem4 (.text:faultISR)
                  2000f6ac    0000001a                     : startup_cc32xx_ccs.oem4 (.text:resetISR)
                  2000f6c6    00000002                     : startup_cc32xx_ccs.oem4 (.text:nmiISR)
                  2000f6c8    00000018     drivers_cc32xx.a : PowerCC32XX.oem4 (.text:Power_getTransitionLatency)
                  2000f6e0    00000018                      : PowerCC32XX.oem4 (.text:Power_idleFunc)
                  2000f6f8    00000018                      : UART2CC32XX.oem4 (.text:UART2Support_txDone)
                  2000f710    00000018                      : UART2.oem4 (.text:UART2_Params_init)
                  2000f728    00000018     driverlib.a : uart.obj (.text:UARTDMADisable)
                  2000f740    00000018                 : uart.obj (.text:UARTIntDisable)
                  2000f758    00000018                 : uart.obj (.text:UARTIntEnable)
                  2000f770    00000018     rtsv7M4_T_le_eabi.lib : ll_mul_t2.asm.obj (.text)
                  2000f788    00000016     driverlib.a : prcm.obj (.text:PRCMHIBRegRead)
                  2000f79e    00000016                 : prcm.obj (.text:PRCMHIBRegWrite)
                  2000f7b4    00000016     nortos_cc32xx.a : SemaphoreP_nortos.oem4 (.text:SemaphoreP_create)
                  2000f7ca    00000014     driverlib.a : cpu.obj (.text:CPUcpsid)
                  2000f7de    00000002     rtsv7M4_T_le_eabi.lib : div0.asm.obj (.text)
                  2000f7e0    00000014     nortos_cc32xx.a : HwiPCC32XX_nortos.oem4 (.text:HwiP_inISR)
                  2000f7f4    00000014     driverlib.a : interrupt.obj (.text:IntVTableBaseSet)
                  2000f808    00000014     drivers_cc32xx.a : PowerCC32XX.oem4 (.text:Power_disablePolicy)
                  2000f81c    00000014                      : PowerCC32XX.oem4 (.text:Power_getDependencyCount)
                  2000f830    00000012     nortos_cc32xx.a : HwiPCC32XX_nortos.oem4 (.text:HwiP_Params_init)
                  2000f842    00000012     drivers_cc32xx.a : RingBuf.oem4 (.text:RingBuf_construct)
                  2000f854    00000012                      : UART2CC32XX.oem4 (.text:UART2CC32XX_writeTimeout)
                  2000f866    00000012     driverlib.a : uart.obj (.text:UARTIntClear)
                  2000f878    00000012                 : uart.obj (.text:UARTRxErrorGet)
                  2000f88a    00000012     main_nortos.obj (.text:main)
                  2000f89c    00000010     ti_drivers_config.obj (.text:Board_init)
                  2000f8ac    00000010     nortos_cc32xx.a : ClockPSysTick_nortos.oem4 (.text:ClockP_add)
                  2000f8bc    00000010                     : ClockPSysTick_nortos.oem4 (.text:ClockP_getCpuFreq)
                  2000f8cc    00000010                     : ClockPSysTick_nortos.oem4 (.text:ClockP_getSystemTicks)
                  2000f8dc    00000010                     : ClockPSysTick_nortos.oem4 (.text:ClockP_setTicks)
                  2000f8ec    00000010                     : HwiPCC32XX_nortos.oem4 (.text:HwiP_interruptsEnabled)
                  2000f8fc    00000010                     : HwiPCC32XX_nortos.oem4 (.text:HwiP_restore)
                  2000f90c    00000010     drivers_cc32xx.a : PowerCC32XX.oem4 (.text:Power_enablePolicy)
                  2000f91c    00000010     nortos_cc32xx.a : SemaphoreP_nortos.oem4 (.text:SemaphoreP_Params_init)
                  2000f92c    00000010     drivers_cc32xx.a : UART2CC32XX.oem4 (.text:UART2CC32XX_readTimeout)
                  2000f93c    00000010                      : UART2CC32XX.oem4 (.text:UART2Support_rxStatus2ErrorCode)
                  2000f94c    00000010     ti_drivers_config.obj (.text:dmaErrorFxn)
                  2000f95c    0000000e     nortos_cc32xx.a : HwiPCC32XX_nortos.oem4 (.text:HwiP_clearInterrupt)
                  2000f96a    0000000e                     : HwiPCC32XX_nortos.oem4 (.text:HwiP_disable)
                  2000f978    0000000e                     : HwiPCC32XX_nortos.oem4 (.text:HwiP_enable)
                  2000f986    0000000e     drivers_cc32xx.a : UART2.oem4 (.text:UART2_write)
                  2000f994    0000000e     rtsv7M4_T_le_eabi.lib : copy_decompress_none.c.obj (.text:decompress:none:__TI_decompress_none)
                  2000f9a2    00000002     --HOLE-- [fill = 0]
                  2000f9a4    0000000c     drivers_cc32xx.a : PowerCC32XX.oem4 (.text:Power_getConstraintMask)
                  2000f9b0    0000000c                      : UART2CC32XX.oem4 (.text:UART2CC32XX_postNotifyFxn)
                  2000f9bc    0000000c                      : UART2CC32XX.oem4 (.text:UART2Support_disableTx)
                  2000f9c8    0000000c                      : UART2CC32XX.oem4 (.text:UART2Support_enableRx)
                  2000f9d4    0000000c                      : UART2CC32XX.oem4 (.text:UART2Support_enableTx)
                  2000f9e0    0000000c     rtsv7M4_T_le_eabi.lib : copy_zero_init.c.obj (.text:decompress:ZI:__TI_zero_init)
                  2000f9ec    0000000c     driverlib.a : udma.obj (.text:uDMAErrorStatusClear)
                  2000f9f8    0000000c                 : udma.obj (.text:uDMAErrorStatusGet)
                  2000fa04    0000000a                 : cpu.obj (.text:CPUprimask)
                  2000fa0e    0000000a     nortos_cc32xx.a : ClockPSysTick_nortos.oem4 (.text:ClockP_Params_init)
                  2000fa18    0000000a                     : ClockPSysTick_nortos.oem4 (.text:ClockP_isActive)
                  2000fa22    0000000a     driverlib.a : interrupt.obj (.text:IntMasterDisable)
                  2000fa2c    00000008     rtsv7M4_T_le_eabi.lib : memory.c.obj (.text:malloc)
                  2000fa34    00000006     drivers_cc32xx.a : UART2CC32XX.oem4 (.text:UART2Support_powerRelConstraint)
                  2000fa3a    00000006                      : UART2CC32XX.oem4 (.text:UART2Support_powerSetConstraint)
                  2000fa40    00000006     driverlib.a : utils.obj (.text:UtilsDelay)
                  2000fa46    00000004     nortos_cc32xx.a : ClockPSysTick_nortos.oem4 (.text:ClockP_setTimeout)
                  2000fa4a    00000004                     : HwiPCC32XX_nortos.oem4 (.text:HwiP_post)
                  2000fa4e    00000004                     : SemaphoreP_nortos.oem4 (.text:SemaphoreP_delete)
                  2000fa52    00000004     rtsv7M4_T_le_eabi.lib : pre_init.c.obj (.text:_system_pre_init)
                  2000fa56    00000004                           : exit.c.obj (.text:abort:abort)

.const     0    20010998    00000337     
                  20010998    00000100     driverlib.a : pin.obj (.const:g_ulPinToPadMap)
                  20010a98    000000a8                 : prcm.obj (.const:PRCM_PeriphRegsList)
                  20010b40    00000044     ti_drivers_config.obj (.const:PowerCC32XX_config)
                  20010b84    0000003c     ti_drivers_config.obj (.const:uart2CC32XXHWAttrs0)
                  20010bc0    00000024     drivers_cc32xx.a : UART2.oem4 (.const:UART2_defaultParams)
                  20010be4    00000021                      : GPIOCC32XX.oem4 (.const:.string:pinTable)
                  20010c05    00000003     ti_drivers_config.obj (.const)
                  20010c08    00000018     driverlib.a : interrupt.obj (.const:g_pulEnRegs)
                  20010c20    00000018                 : interrupt.obj (.const:g_pulPendRegs)
                  20010c38    00000016     uart2echo.obj (.const:.string:$P$T0$1)
                  20010c4e    00000002     drivers_cc32xx.a : UART2CC32XX.oem4 (.const:.string:stopBits)
                  20010c50    00000014     ti_drivers_config.obj (.const:GPIOCC32XX_config)
                  20010c64    00000014     drivers_cc32xx.a : GPIOCC32XX.oem4 (.const:gpioBaseAddresses)
                  20010c78    00000014                      : GPIOCC32XX.oem4 (.const:powerResources)
                  20010c8c    0000000c     ti_drivers_config.obj (.const:udmaCC3220SHWAttrs)
                  20010c98    00000008     ti_drivers_config.obj (.const:UART2_config)
                  20010ca0    00000008     ti_drivers_config.obj (.const:UDMACC32XX_config)
                  20010ca8    00000008     drivers_cc32xx.a : GPIOCC32XX.oem4 (.const:outPinTypes)
                  20010cb0    00000006                      : GPIOCC32XX.oem4 (.const:.string:interruptType)
                  20010cb6    00000006                      : GPIOCC32XX.oem4 (.const:inPinTypes)
                  20010cbc    00000006                      : GPIOCC32XX.oem4 (.const:outPinStrengths)
                  20010cc2    00000005                      : UART2CC32XX.oem4 (.const:.string:parityType)
                  20010cc7    00000004                      : UART2CC32XX.oem4 (.const:.string:dataLength)
                  20010ccb    00000004                      : GPIOCC32XX.oem4 (.const:.string:portInterruptIds)

.cinit     0    2000fa60    000000e8     
                  2000fa60    000000c0     (.cinit..data.load) [load image, compression = lzss]
                  2000fb20    0000000c     (__TI_handler_table)
                  2000fb2c    00000004     --HOLE-- [fill = 0]
                  2000fb30    00000008     (.cinit..bss.load) [load image, compression = zero_init]
                  2000fb38    00000010     (__TI_cinit_table)

.init_array 
*          0    20004000    00000000     UNINITIALIZED

.ramVecs   0    20000000    0000030c     NOLOAD SECTION
                  20000000    0000030c     nortos_cc32xx.a : startup_cc32xx_ccs.oem4 (.ramVecs)

.stack     0    20003000    00001000     UNINITIALIZED
                  20003000    00000004     rtsv7M4_T_le_eabi.lib : boot_cortex_m.c.obj (.stack)
                  20003004    00000ffc     --HOLE--

.resetVecs 
*          0    20004000    00000040     
                  20004000    00000040     nortos_cc32xx.a : startup_cc32xx_ccs.oem4 (.resetVecs:retain)

.sysmem    0    20004040    00008000     UNINITIALIZED
                  20004040    00000010     rtsv7M4_T_le_eabi.lib : memory.c.obj (.sysmem)
                  20004050    00007ff0     --HOLE--

.bss       0    2000fc00    000007e4     UNINITIALIZED
                  2000fc00    00000400     ti_drivers_config.obj (.bss:dmaControlTable)
                  20010000    00000200     (.common:uart2CC32XXObjects0)
                  20010200    0000012c     (.common:PowerCC32XX_contextSave)
                  2001032c    00000020     drivers_cc32xx.a : GPIOCC32XX.oem4 (.bss:gpioCallbackInfo)
                  2001034c    00000020     ti_drivers_config.obj (.bss:uart2RxRingBuffer0)
                  2001036c    00000020     ti_drivers_config.obj (.bss:uart2TxRingBuffer0)
                  2001038c    00000014     drivers_cc32xx.a : UDMACC32XX.oem4 (.bss:postNotifyObj)
                  200103a0    00000014                      : GPIOCC32XX.oem4 (.bss:powerNotifyObj)
                  200103b4    00000004                      : GPIOCC32XX.oem4 (.bss)
                  200103b8    00000010     (.common:ClockP_ctrl)
                  200103c8    0000000d     nortos_cc32xx.a : SwiP_nortos.oem4 (.bss)
                  200103d5    00000003     --HOLE--
                  200103d8    00000008     (.common:udmaCC3220SObject)
                  200103e0    00000004                     : ClockPSysTick_nortos.oem4 (.bss)

.data      0    200103e4    000005b4     UNINITIALIZED
                  200103e4    0000030c     nortos_cc32xx.a : HwiPCC32XX_nortos.oem4 (.data:HwiP_dispatchTable)
                  200106f0    0000016c     drivers_cc32xx.a : PowerCC32XX.oem4 (.data:PowerCC32XX_module)
                  2001085c    000000f8     ti_drivers_config.obj (.data:parkInfo)
                  20010954    00000009     drivers_cc32xx.a : GPIOCC32XX.oem4 (.data)
                  2001095d    00000003     nortos_cc32xx.a : SemaphoreP_nortos.oem4 (.data)
                  20010960    00000008     rtsv7M4_T_le_eabi.lib : _lock.c.obj (.data:$O1$$)
                  20010968    00000008                           : memory.c.obj (.data:$O1$$)
                  20010970    00000008     nortos_cc32xx.a : SemaphoreP_nortos.oem4 (.data:SemaphoreP_defaultParams)
                  20010978    00000008     drivers_cc32xx.a : UDMACC32XX.oem4 (.data)
                  20010980    00000008     nortos_cc32xx.a : HwiPCC32XX_nortos.oem4 (.data)
                  20010988    00000005                     : ClockPSysTick_nortos.oem4 (.data)
                  2001098d    00000003     --HOLE--
                  20010990    00000004     ti_drivers_config.obj (.data:gpioCallbackFunctions)
                  20010994    00000004     ti_drivers_config.obj (.data:gpioPinConfigs)

.log_data 
*          0    90000000    00000000     COPY SECTION

__llvm_prf_cnts 
*          0    20004000    00000000     UNINITIALIZED

MODULE SUMMARY

       Module                       code    ro data   rw data
       ------                       ----    -------   -------
    .\
       uart2echo.obj                164     22        0      
       main_nortos.obj              18      0         0      
    +--+----------------------------+-------+---------+---------+
       Total:                       182     22        0      
                                                             
    .\syscfg\
       ti_drivers_config.obj        34      179       1864   
    +--+----------------------------+-------+---------+---------+
       Total:                       34      179       1864   
                                                             
    C:/ti/simplelink_cc32xx_sdk_4_30_00_06/kernel/nortos/lib/ccs/m4/nortos_cc32xx.a
       HwiPCC32XX_nortos.oem4       366     0         788    
       startup_cc32xx_ccs.oem4      90      64        780    
       ClockPSysTick_nortos.oem4    660     0         25     
       PowerCC32XX_nortos.oem4      472     0         0      
       SemaphoreP_nortos.oem4       410     0         11     
       SwiP_nortos.oem4             96      0         13     
    +--+----------------------------+-------+---------+---------+
       Total:                       2094    64        1617   
                                                             
    C:/ti/simplelink_cc32xx_sdk_4_30_00_06/source/ti/devices/cc32xx/driverlib/ccs/Release/driverlib.a
       prcm.obj                     1604    168       0      
       pin.obj                      280     256       0      
       interrupt.obj                334     48        0      
       udma.obj                     164     0         0      
       uart.obj                     144     0         0      
       flash.obj                    72      0         0      
       cpu.obj                      30      0         0      
       utils.obj                    6       0         0      
    +--+----------------------------+-------+---------+---------+
       Total:                       2634    472       0      
                                                             
    C:/ti/simplelink_cc32xx_sdk_4_30_00_06/source/ti/drivers/lib/ccs/m4/drivers_cc32xx.a
       PowerCC32XX.oem4             2432    0         664    
       UART2CC32XX.oem4             2816    11        0      
       GPIOCC32XX.oem4              1208    103       65     
       UART2.oem4                   1310    36        0      
       UDMACC32XX.oem4              270     0         28     
       RingBuf.oem4                 296     0         0      
       PowerCC32XX_asm.oem4         150     0         0      
       List.oem4                    76      0         0      
    +--+----------------------------+-------+---------+---------+
       Total:                       8558    150       757    
                                                             
    C:\ti\ccs1260\ccs\tools\compiler\ti-cgt-arm_20.2.7.LTS\lib\rtsv7M4_T_le_eabi.lib
       memory.c.obj                 672     0         8      
       memcpy_t2.asm.obj            156     0         0      
       ull_div_t2.asm.obj           150     0         0      
       memset_t2.asm.obj            122     0         0      
       copy_decompress_lzss.c.obj   104     0         0      
       autoinit.c.obj               68      0         0      
       boot_cortex_m.c.obj          36      0         0      
       ll_mul_t2.asm.obj            24      0         0      
       copy_decompress_none.c.obj   14      0         0      
       copy_zero_init.c.obj         12      0         0      
       _lock.c.obj                  2       0         8      
       exit.c.obj                   4       0         0      
       pre_init.c.obj               4       0         0      
       div0.asm.obj                 2       0         0      
    +--+----------------------------+-------+---------+---------+
       Total:                       1370    0         16     
                                                             
       Heap:                        0       0         32768  
       Stack:                       0       0         4096   
       Linker Generated:            0       228       0      
    +--+----------------------------+-------+---------+---------+
       Grand Total:                 14872   1115      41118  


LINKER GENERATED COPY TABLES

__TI_cinit_table @ 2000fb38 records: 2, size/record: 8, table size: 16
	.data: load addr=2000fa60, load size=000000c0 bytes, run addr=200103e4, run size=000005b4 bytes, compression=lzss
	.bss: load addr=2000fb30, load size=00000008 bytes, run addr=2000fc00, run size=000007e4 bytes, compression=zero_init


LINKER GENERATED HANDLER TABLE

__TI_handler_table @ 2000fb20 records: 3, size/record: 4, table size: 12
	index: 0, handler: __TI_decompress_lzss
	index: 1, handler: __TI_decompress_none
	index: 2, handler: __TI_zero_init


GLOBAL SYMBOLS: SORTED ALPHABETICALLY BY Name 

address   name                           
-------   ----                           
2000f89d  Board_init                     
2000cd47  Board_initHook                 
2000fa57  C$$EXIT                        
20010c05  CONFIG_GPIO_LED_0_CONST        
20010c06  CONFIG_UART2_0_CONST           
2000f7cb  CPUcpsid                       
2000fa05  CPUprimask                     
2000fa0f  ClockP_Params_init             
2000f8ad  ClockP_add                     
2000edd1  ClockP_construct               
200103b8  ClockP_ctrl                    
2000ef11  ClockP_destruct                
2000e8b9  ClockP_doTick                  
2000f8bd  ClockP_getCpuFreq              
2000f8cd  ClockP_getSystemTicks          
2000f151  ClockP_getTicksUntilInterrupt  
2000fa19  ClockP_isActive                
2000f8dd  ClockP_setTicks                
2000fa47  ClockP_setTimeout              
2000f325  ClockP_start                   
2000f185  ClockP_startup                 
2000ebf5  ClockP_stop                    
2000e8b9  ClockP_sysTickHandler          
20010988  ClockP_tickPeriod              
2000ea8d  FlashDisable                   
20010c50  GPIOCC32XX_config              
2000e9a9  GPIO_enableInt                 
2000e365  GPIO_hwiIntFxn                 
2000d8d5  GPIO_init                      
2000e651  GPIO_setCallback               
2000cd49  GPIO_setConfig                 
2000e709  GPIO_write                     
2000f831  HwiP_Params_init               
2000f95d  HwiP_clearInterrupt            
2000df49  HwiP_construct                 
2000f3b1  HwiP_create                    
2000f581  HwiP_destruct                  
2000f96b  HwiP_disable                   
2000f4f1  HwiP_dispatch                  
2000f979  HwiP_enable                    
2000f7e1  HwiP_inISR                     
2000f8ed  HwiP_interruptsEnabled         
20010980  HwiP_key                       
2000fa4b  HwiP_post                      
2000f8fd  HwiP_restore                   
20010984  HwiP_swiPIntNum                
UNDEFED   ITM_flush                      
UNDEFED   ITM_restore                    
2000da59  IntEnable                      
2000fa23  IntMasterDisable               
2000dfd5  IntPendSet                     
2000f7f5  IntVTableBaseSet               
2000f4a5  List_put                       
2000f4cb  List_remove                    
2000f979  NoRTOS_start                   
2000c041  PRCMCC3200MCUInit              
2000f789  PRCMHIBRegRead                 
2000f79f  PRCMHIBRegWrite                
2000ead5  PRCMLPDSEnter                  
2000f001  PRCMLPDSEnterKeepDebugIf       
2000ec39  PRCMLPDSRestoreInfoSet         
2000f405  PRCMPeripheralClkDisable       
2000eb1d  PRCMPeripheralClkEnable        
2000e761  PRCMPeripheralReset            
2000e5f1  PRCMSysResetCauseGet           
2000e05d  PinConfigSet                   
2000f1b9  PinModeGet                     
2000ee11  PinModeSet                     
2000f63d  PinToPadGet                    
20010b40  PowerCC32XX_config             
2000db01  PowerCC32XX_configureWakeup    
20010200  PowerCC32XX_contextSave        
2000ec7d  PowerCC32XX_enterLPDS          
2000f385  PowerCC32XX_getParkState       
2000deb7  PowerCC32XX_initPolicy         
200106f0  PowerCC32XX_module             
2000e9f5  PowerCC32XX_parkPin            
2000f515  PowerCC32XX_reset              
2000f1ed  PowerCC32XX_restoreParkState   
2000f355  PowerCC32XX_restoreParkedPin   
2000e867  PowerCC32XX_resumeLPDS         
2000e529  PowerCC32XX_setParkState       
2000cf2d  PowerCC32XX_sleepPolicy        
2000f809  Power_disablePolicy            
2000f90d  Power_enablePolicy             
2000f9a5  Power_getConstraintMask        
2000f81d  Power_getDependencyCount       
2000f6c9  Power_getTransitionLatency     
2000f6e1  Power_idleFunc                 
2000e0e5  Power_init                     
2000f42d  Power_registerNotify           
2000eb65  Power_releaseConstraint        
2000e7b9  Power_releaseDependency        
2000ef4d  Power_setConstraint            
2000e1ed  Power_setDependency            
2000d211  Power_sleep                    
2000f5a1  Power_unregisterNotify         
2000f843  RingBuf_construct              
2000f221  RingBuf_getConsume             
2000f3db  RingBuf_getPointer             
2000ebad  RingBuf_put                    
2000eed1  RingBuf_putAdvance             
2000f255  RingBuf_putPointer             
2000f91d  SemaphoreP_Params_init         
2000e909  SemaphoreP_construct           
2000f601  SemaphoreP_constructBinary     
2000f7b5  SemaphoreP_create              
2000f691  SemaphoreP_createBinary        
20010970  SemaphoreP_defaultParams       
2000fa4f  SemaphoreP_delete              
2000e363  SemaphoreP_destruct            
2000dc4d  SemaphoreP_pend                
2000ecc1  SemaphoreP_post                
2000f659  SwiP_disable                   
2000ed05  SwiP_restore                   
2000f2f1  UART2Support_disableRx         
2000f9bd  UART2Support_disableTx         
2000ef89  UART2Support_dmaRefreshRx      
2000d645  UART2Support_dmaStartRx        
2000d80d  UART2Support_dmaStartTx        
2000e959  UART2Support_dmaStopRx         
2000e811  UART2Support_dmaStopTx         
2000ed49  UART2Support_enableInts        
2000f9c9  UART2Support_enableRx          
2000f9d5  UART2Support_enableTx          
2000fa35  UART2Support_powerRelConstraint
2000fa3b  UART2Support_powerSetConstraint
2000f93d  UART2Support_rxStatus2ErrorCode
2000f289  UART2Support_sendData          
2000f6f9  UART2Support_txDone            
2000f711  UART2_Params_init              
2000d349  UART2_close                    
20010c98  UART2_config                   
20010c07  UART2_count                    
20010bc0  UART2_defaultParams            
2000c46d  UART2_open                     
2000f5e1  UART2_read                     
2000ee51  UART2_readFull                 
2000cb53  UART2_readTimeout              
2000f119  UART2_rxDisable                
2000f039  UART2_rxEnable                 
2000f987  UART2_write                    
2000c6f5  UART2_writeTimeout             
2000f729  UARTDMADisable                 
2000f539  UARTEnable                     
2000f867  UARTIntClear                   
2000f741  UARTIntDisable                 
2000f759  UARTIntEnable                  
2000f879  UARTRxErrorGet                 
2000f2bd  UDMACC32XX_close               
20010ca0  UDMACC32XX_config              
2000ee91  UDMACC32XX_init                
2000e26d  UDMACC32XX_open                
2000fa41  UtilsDelay                     
20004000  __STACK_END                    
00001000  __STACK_SIZE                   
00008000  __SYSMEM_SIZE                  
2000fb38  __TI_CINIT_Base                
2000fb48  __TI_CINIT_Limit               
2000fb20  __TI_Handler_Table_Base        
2000fb2c  __TI_Handler_Table_Limit       
2000ed8d  __TI_auto_init_nobinit_nopinit 
2000e4c1  __TI_decompress_lzss           
2000f995  __TI_decompress_none           
ffffffff  __TI_pprof_out_hndl            
ffffffff  __TI_prof_data_size            
ffffffff  __TI_prof_data_start           
2000fa60  __TI_static_base__             
2000f9e1  __TI_zero_init                 
2000f7df  __aeabi_idiv0                  
2000f7df  __aeabi_ldiv0                  
2000f771  __aeabi_lmul                   
2000e2e9  __aeabi_memclr                 
2000e2e9  __aeabi_memclr4                
2000e2e9  __aeabi_memclr8                
2000dced  __aeabi_memcpy                 
2000dced  __aeabi_memcpy4                
2000dced  __aeabi_memcpy8                
2000e2eb  __aeabi_memset                 
2000e2eb  __aeabi_memset4                
2000e2eb  __aeabi_memset8                
2000de21  __aeabi_uldivmod               
ffffffff  __binit__                      
ffffffff  __c_args__                     
UNDEFED   __mpu_init                     
20003000  __stack                        
20004000  __start___llvm_prf_cnts        
20004000  __stop___llvm_prf_cnts         
2000f55d  _c_int00_noargs                
20010960  _lock                          
2000ef0f  _nop                           
20004040  _sys_memory                    
UNDEFED   _system_post_cinit             
2000fa53  _system_pre_init               
20010964  _unlock                        
2000fa57  abort                          
2000d461  aligned_alloc                  
ffffffff  binit                          
2000f14f  clkFxn                         
2000d729  free                           
20010990  gpioCallbackFunctions          
20010994  gpioPinConfigs                 
20010cb6  inPinTypes                     
2000f0a9  initVectors                    
2000f88b  main                           
2000dba9  mainThread                     
2000fa2d  malloc                         
2000d461  memalign                       
2000dced  memcpy                         
2000e2f1  memset                         
20010cbc  outPinStrengths                
20010ca8  outPinTypes                    
2001085c  parkInfo                       
2000f6ad  resetISR                       
2000f6c0  resetVectorAddr                
20004000  resetVectors                   
2000e58d  uDMAChannelAttributeDisable    
2000f47d  uDMAChannelIsEnabled           
2000f9ed  uDMAErrorStatusClear           
2000f9f9  uDMAErrorStatusGet             
20010000  uart2CC32XXObjects0            
20010c8c  udmaCC3220SHWAttrs             
200103d8  udmaCC3220SObject              


GLOBAL SYMBOLS: SORTED BY Symbol Address 

address   name                           
-------   ----                           
00001000  __STACK_SIZE                   
00008000  __SYSMEM_SIZE                  
20003000  __stack                        
20004000  __STACK_END                    
20004000  __start___llvm_prf_cnts        
20004000  __stop___llvm_prf_cnts         
20004000  resetVectors                   
20004040  _sys_memory                    
2000c041  PRCMCC3200MCUInit              
2000c46d  UART2_open                     
2000c6f5  UART2_writeTimeout             
2000cb53  UART2_readTimeout              
2000cd47  Board_initHook                 
2000cd49  GPIO_setConfig                 
2000cf2d  PowerCC32XX_sleepPolicy        
2000d211  Power_sleep                    
2000d349  UART2_close                    
2000d461  aligned_alloc                  
2000d461  memalign                       
2000d645  UART2Support_dmaStartRx        
2000d729  free                           
2000d80d  UART2Support_dmaStartTx        
2000d8d5  GPIO_init                      
2000da59  IntEnable                      
2000db01  PowerCC32XX_configureWakeup    
2000dba9  mainThread                     
2000dc4d  SemaphoreP_pend                
2000dced  __aeabi_memcpy                 
2000dced  __aeabi_memcpy4                
2000dced  __aeabi_memcpy8                
2000dced  memcpy                         
2000de21  __aeabi_uldivmod               
2000deb7  PowerCC32XX_initPolicy         
2000df49  HwiP_construct                 
2000dfd5  IntPendSet                     
2000e05d  PinConfigSet                   
2000e0e5  Power_init                     
2000e1ed  Power_setDependency            
2000e26d  UDMACC32XX_open                
2000e2e9  __aeabi_memclr                 
2000e2e9  __aeabi_memclr4                
2000e2e9  __aeabi_memclr8                
2000e2eb  __aeabi_memset                 
2000e2eb  __aeabi_memset4                
2000e2eb  __aeabi_memset8                
2000e2f1  memset                         
2000e363  SemaphoreP_destruct            
2000e365  GPIO_hwiIntFxn                 
2000e4c1  __TI_decompress_lzss           
2000e529  PowerCC32XX_setParkState       
2000e58d  uDMAChannelAttributeDisable    
2000e5f1  PRCMSysResetCauseGet           
2000e651  GPIO_setCallback               
2000e709  GPIO_write                     
2000e761  PRCMPeripheralReset            
2000e7b9  Power_releaseDependency        
2000e811  UART2Support_dmaStopTx         
2000e867  PowerCC32XX_resumeLPDS         
2000e8b9  ClockP_doTick                  
2000e8b9  ClockP_sysTickHandler          
2000e909  SemaphoreP_construct           
2000e959  UART2Support_dmaStopRx         
2000e9a9  GPIO_enableInt                 
2000e9f5  PowerCC32XX_parkPin            
2000ea8d  FlashDisable                   
2000ead5  PRCMLPDSEnter                  
2000eb1d  PRCMPeripheralClkEnable        
2000eb65  Power_releaseConstraint        
2000ebad  RingBuf_put                    
2000ebf5  ClockP_stop                    
2000ec39  PRCMLPDSRestoreInfoSet         
2000ec7d  PowerCC32XX_enterLPDS          
2000ecc1  SemaphoreP_post                
2000ed05  SwiP_restore                   
2000ed49  UART2Support_enableInts        
2000ed8d  __TI_auto_init_nobinit_nopinit 
2000edd1  ClockP_construct               
2000ee11  PinModeSet                     
2000ee51  UART2_readFull                 
2000ee91  UDMACC32XX_init                
2000eed1  RingBuf_putAdvance             
2000ef0f  _nop                           
2000ef11  ClockP_destruct                
2000ef4d  Power_setConstraint            
2000ef89  UART2Support_dmaRefreshRx      
2000f001  PRCMLPDSEnterKeepDebugIf       
2000f039  UART2_rxEnable                 
2000f0a9  initVectors                    
2000f119  UART2_rxDisable                
2000f14f  clkFxn                         
2000f151  ClockP_getTicksUntilInterrupt  
2000f185  ClockP_startup                 
2000f1b9  PinModeGet                     
2000f1ed  PowerCC32XX_restoreParkState   
2000f221  RingBuf_getConsume             
2000f255  RingBuf_putPointer             
2000f289  UART2Support_sendData          
2000f2bd  UDMACC32XX_close               
2000f2f1  UART2Support_disableRx         
2000f325  ClockP_start                   
2000f355  PowerCC32XX_restoreParkedPin   
2000f385  PowerCC32XX_getParkState       
2000f3b1  HwiP_create                    
2000f3db  RingBuf_getPointer             
2000f405  PRCMPeripheralClkDisable       
2000f42d  Power_registerNotify           
2000f47d  uDMAChannelIsEnabled           
2000f4a5  List_put                       
2000f4cb  List_remove                    
2000f4f1  HwiP_dispatch                  
2000f515  PowerCC32XX_reset              
2000f539  UARTEnable                     
2000f55d  _c_int00_noargs                
2000f581  HwiP_destruct                  
2000f5a1  Power_unregisterNotify         
2000f5e1  UART2_read                     
2000f601  SemaphoreP_constructBinary     
2000f63d  PinToPadGet                    
2000f659  SwiP_disable                   
2000f691  SemaphoreP_createBinary        
2000f6ad  resetISR                       
2000f6c0  resetVectorAddr                
2000f6c9  Power_getTransitionLatency     
2000f6e1  Power_idleFunc                 
2000f6f9  UART2Support_txDone            
2000f711  UART2_Params_init              
2000f729  UARTDMADisable                 
2000f741  UARTIntDisable                 
2000f759  UARTIntEnable                  
2000f771  __aeabi_lmul                   
2000f789  PRCMHIBRegRead                 
2000f79f  PRCMHIBRegWrite                
2000f7b5  SemaphoreP_create              
2000f7cb  CPUcpsid                       
2000f7df  __aeabi_idiv0                  
2000f7df  __aeabi_ldiv0                  
2000f7e1  HwiP_inISR                     
2000f7f5  IntVTableBaseSet               
2000f809  Power_disablePolicy            
2000f81d  Power_getDependencyCount       
2000f831  HwiP_Params_init               
2000f843  RingBuf_construct              
2000f867  UARTIntClear                   
2000f879  UARTRxErrorGet                 
2000f88b  main                           
2000f89d  Board_init                     
2000f8ad  ClockP_add                     
2000f8bd  ClockP_getCpuFreq              
2000f8cd  ClockP_getSystemTicks          
2000f8dd  ClockP_setTicks                
2000f8ed  HwiP_interruptsEnabled         
2000f8fd  HwiP_restore                   
2000f90d  Power_enablePolicy             
2000f91d  SemaphoreP_Params_init         
2000f93d  UART2Support_rxStatus2ErrorCode
2000f95d  HwiP_clearInterrupt            
2000f96b  HwiP_disable                   
2000f979  HwiP_enable                    
2000f979  NoRTOS_start                   
2000f987  UART2_write                    
2000f995  __TI_decompress_none           
2000f9a5  Power_getConstraintMask        
2000f9bd  UART2Support_disableTx         
2000f9c9  UART2Support_enableRx          
2000f9d5  UART2Support_enableTx          
2000f9e1  __TI_zero_init                 
2000f9ed  uDMAErrorStatusClear           
2000f9f9  uDMAErrorStatusGet             
2000fa05  CPUprimask                     
2000fa0f  ClockP_Params_init             
2000fa19  ClockP_isActive                
2000fa23  IntMasterDisable               
2000fa2d  malloc                         
2000fa35  UART2Support_powerRelConstraint
2000fa3b  UART2Support_powerSetConstraint
2000fa41  UtilsDelay                     
2000fa47  ClockP_setTimeout              
2000fa4b  HwiP_post                      
2000fa4f  SemaphoreP_delete              
2000fa53  _system_pre_init               
2000fa57  C$$EXIT                        
2000fa57  abort                          
2000fa60  __TI_static_base__             
2000fb20  __TI_Handler_Table_Base        
2000fb2c  __TI_Handler_Table_Limit       
2000fb38  __TI_CINIT_Base                
2000fb48  __TI_CINIT_Limit               
20010000  uart2CC32XXObjects0            
20010200  PowerCC32XX_contextSave        
200103b8  ClockP_ctrl                    
200103d8  udmaCC3220SObject              
200106f0  PowerCC32XX_module             
2001085c  parkInfo                       
20010960  _lock                          
20010964  _unlock                        
20010970  SemaphoreP_defaultParams       
20010980  HwiP_key                       
20010984  HwiP_swiPIntNum                
20010988  ClockP_tickPeriod              
20010990  gpioCallbackFunctions          
20010994  gpioPinConfigs                 
20010b40  PowerCC32XX_config             
20010bc0  UART2_defaultParams            
20010c05  CONFIG_GPIO_LED_0_CONST        
20010c06  CONFIG_UART2_0_CONST           
20010c07  UART2_count                    
20010c50  GPIOCC32XX_config              
20010c8c  udmaCC3220SHWAttrs             
20010c98  UART2_config                   
20010ca0  UDMACC32XX_config              
20010ca8  outPinTypes                    
20010cb6  inPinTypes                     
20010cbc  outPinStrengths                
ffffffff  __TI_pprof_out_hndl            
ffffffff  __TI_prof_data_size            
ffffffff  __TI_prof_data_start           
ffffffff  __binit__                      
ffffffff  __c_args__                     
ffffffff  binit                          
UNDEFED   ITM_flush                      
UNDEFED   ITM_restore                    
UNDEFED   __mpu_init                     
UNDEFED   _system_post_cinit             

[223 symbols]
