<?xml version="1.0" encoding="ISO-8859-1" ?>
<link_info>
   <banner>TI ARM Linker PC v20.2.7.LTS</banner>
   <copyright>Copyright (c) 1996-2018 Texas Instruments Incorporated</copyright>
   <link_time>0x65f9b7e8</link_time>
   <link_errors>0x0</link_errors>
   <output_file>uart2echo_CC3220S_LAUNCHXL_nortos_ccs.out</output_file>
   <entry_point>
      <name>resetISR</name>
      <address>0x2000f6ad</address>
   </entry_point>
   <input_file_list>
      <input_file id="fl-2">
         <path>.\</path>
         <kind>object</kind>
         <file>main_nortos.obj</file>
         <name>main_nortos.obj</name>
      </input_file>
      <input_file id="fl-3">
         <path>.\</path>
         <kind>object</kind>
         <file>uart2echo.obj</file>
         <name>uart2echo.obj</name>
      </input_file>
      <input_file id="fl-4">
         <path>.\syscfg\</path>
         <kind>object</kind>
         <file>ti_drivers_config.obj</file>
         <name>ti_drivers_config.obj</name>
      </input_file>
      <input_file id="fl-d">
         <kind>object</kind>
         <file>&lt;internal&gt;</file>
         <name>&lt;internal&gt;</name>
      </input_file>
      <input_file id="fl-e">
         <path>C:\ti\simplelink_cc32xx_sdk_4_30_00_06\source\ti\drivers\lib\ccs\m4\</path>
         <kind>archive</kind>
         <file>drivers_cc32xx.a</file>
         <name>UART2.oem4</name>
      </input_file>
      <input_file id="fl-f">
         <path>C:\ti\simplelink_cc32xx_sdk_4_30_00_06\source\ti\drivers\lib\ccs\m4\</path>
         <kind>archive</kind>
         <file>drivers_cc32xx.a</file>
         <name>RingBuf.oem4</name>
      </input_file>
      <input_file id="fl-10">
         <path>C:\ti\simplelink_cc32xx_sdk_4_30_00_06\source\ti\drivers\lib\ccs\m4\</path>
         <kind>archive</kind>
         <file>drivers_cc32xx.a</file>
         <name>GPIOCC32XX.oem4</name>
      </input_file>
      <input_file id="fl-11">
         <path>C:\ti\simplelink_cc32xx_sdk_4_30_00_06\source\ti\drivers\lib\ccs\m4\</path>
         <kind>archive</kind>
         <file>drivers_cc32xx.a</file>
         <name>PowerCC32XX.oem4</name>
      </input_file>
      <input_file id="fl-12">
         <path>C:\ti\simplelink_cc32xx_sdk_4_30_00_06\source\ti\drivers\lib\ccs\m4\</path>
         <kind>archive</kind>
         <file>drivers_cc32xx.a</file>
         <name>PowerCC32XX_asm.oem4</name>
      </input_file>
      <input_file id="fl-13">
         <path>C:\ti\simplelink_cc32xx_sdk_4_30_00_06\source\ti\drivers\lib\ccs\m4\</path>
         <kind>archive</kind>
         <file>drivers_cc32xx.a</file>
         <name>UART2CC32XX.oem4</name>
      </input_file>
      <input_file id="fl-14">
         <path>C:\ti\simplelink_cc32xx_sdk_4_30_00_06\source\ti\drivers\lib\ccs\m4\</path>
         <kind>archive</kind>
         <file>drivers_cc32xx.a</file>
         <name>List.oem4</name>
      </input_file>
      <input_file id="fl-15">
         <path>C:\ti\simplelink_cc32xx_sdk_4_30_00_06\source\ti\drivers\lib\ccs\m4\</path>
         <kind>archive</kind>
         <file>drivers_cc32xx.a</file>
         <name>UDMACC32XX.oem4</name>
      </input_file>
      <input_file id="fl-16">
         <path>C:\ti\simplelink_cc32xx_sdk_4_30_00_06\kernel\nortos\lib\ccs\m4\</path>
         <kind>archive</kind>
         <file>nortos_cc32xx.a</file>
         <name>NoRTOS.oem4</name>
      </input_file>
      <input_file id="fl-17">
         <path>C:\ti\simplelink_cc32xx_sdk_4_30_00_06\kernel\nortos\lib\ccs\m4\</path>
         <kind>archive</kind>
         <file>nortos_cc32xx.a</file>
         <name>SemaphoreP_nortos.oem4</name>
      </input_file>
      <input_file id="fl-18">
         <path>C:\ti\simplelink_cc32xx_sdk_4_30_00_06\kernel\nortos\lib\ccs\m4\</path>
         <kind>archive</kind>
         <file>nortos_cc32xx.a</file>
         <name>ClockPSysTick_nortos.oem4</name>
      </input_file>
      <input_file id="fl-19">
         <path>C:\ti\simplelink_cc32xx_sdk_4_30_00_06\kernel\nortos\lib\ccs\m4\</path>
         <kind>archive</kind>
         <file>nortos_cc32xx.a</file>
         <name>HwiPCC32XX_nortos.oem4</name>
      </input_file>
      <input_file id="fl-1a">
         <path>C:\ti\simplelink_cc32xx_sdk_4_30_00_06\kernel\nortos\lib\ccs\m4\</path>
         <kind>archive</kind>
         <file>nortos_cc32xx.a</file>
         <name>PowerCC32XX_nortos.oem4</name>
      </input_file>
      <input_file id="fl-1b">
         <path>C:\ti\simplelink_cc32xx_sdk_4_30_00_06\kernel\nortos\lib\ccs\m4\</path>
         <kind>archive</kind>
         <file>nortos_cc32xx.a</file>
         <name>startup_cc32xx_ccs.oem4</name>
      </input_file>
      <input_file id="fl-1c">
         <path>C:\ti\simplelink_cc32xx_sdk_4_30_00_06\kernel\nortos\lib\ccs\m4\</path>
         <kind>archive</kind>
         <file>nortos_cc32xx.a</file>
         <name>SwiP_nortos.oem4</name>
      </input_file>
      <input_file id="fl-1d">
         <path>C:\ti\simplelink_cc32xx_sdk_4_30_00_06\kernel\nortos\lib\ccs\m4\</path>
         <kind>archive</kind>
         <file>nortos_cc32xx.a</file>
         <name>QueueP_nortos.oem4</name>
      </input_file>
      <input_file id="fl-1e">
         <path>C:\ti\simplelink_cc32xx_sdk_4_30_00_06\source\ti\devices\cc32xx\driverlib\ccs\Release\</path>
         <kind>archive</kind>
         <file>driverlib.a</file>
         <name>cpu.obj</name>
      </input_file>
      <input_file id="fl-1f">
         <path>C:\ti\simplelink_cc32xx_sdk_4_30_00_06\source\ti\devices\cc32xx\driverlib\ccs\Release\</path>
         <kind>archive</kind>
         <file>driverlib.a</file>
         <name>interrupt.obj</name>
      </input_file>
      <input_file id="fl-20">
         <path>C:\ti\simplelink_cc32xx_sdk_4_30_00_06\source\ti\devices\cc32xx\driverlib\ccs\Release\</path>
         <kind>archive</kind>
         <file>driverlib.a</file>
         <name>pin.obj</name>
      </input_file>
      <input_file id="fl-21">
         <path>C:\ti\simplelink_cc32xx_sdk_4_30_00_06\source\ti\devices\cc32xx\driverlib\ccs\Release\</path>
         <kind>archive</kind>
         <file>driverlib.a</file>
         <name>prcm.obj</name>
      </input_file>
      <input_file id="fl-22">
         <path>C:\ti\simplelink_cc32xx_sdk_4_30_00_06\source\ti\devices\cc32xx\driverlib\ccs\Release\</path>
         <kind>archive</kind>
         <file>driverlib.a</file>
         <name>uart.obj</name>
      </input_file>
      <input_file id="fl-23">
         <path>C:\ti\simplelink_cc32xx_sdk_4_30_00_06\source\ti\devices\cc32xx\driverlib\ccs\Release\</path>
         <kind>archive</kind>
         <file>driverlib.a</file>
         <name>udma.obj</name>
      </input_file>
      <input_file id="fl-24">
         <path>C:\ti\simplelink_cc32xx_sdk_4_30_00_06\source\ti\devices\cc32xx\driverlib\ccs\Release\</path>
         <kind>archive</kind>
         <file>driverlib.a</file>
         <name>utils.obj</name>
      </input_file>
      <input_file id="fl-25">
         <path>C:\ti\simplelink_cc32xx_sdk_4_30_00_06\source\ti\devices\cc32xx\driverlib\ccs\Release\</path>
         <kind>archive</kind>
         <file>driverlib.a</file>
         <name>flash.obj</name>
      </input_file>
      <input_file id="fl-db">
         <path>C:\ti\ccs1260\ccs\tools\compiler\ti-cgt-arm_20.2.7.LTS\lib\</path>
         <kind>archive</kind>
         <file>rtsv7M4_T_le_eabi.lib</file>
         <name>ll_mul_t2.asm.obj</name>
      </input_file>
      <input_file id="fl-dc">
         <path>C:\ti\ccs1260\ccs\tools\compiler\ti-cgt-arm_20.2.7.LTS\lib\</path>
         <kind>archive</kind>
         <file>rtsv7M4_T_le_eabi.lib</file>
         <name>memcpy_t2.asm.obj</name>
      </input_file>
      <input_file id="fl-dd">
         <path>C:\ti\ccs1260\ccs\tools\compiler\ti-cgt-arm_20.2.7.LTS\lib\</path>
         <kind>archive</kind>
         <file>rtsv7M4_T_le_eabi.lib</file>
         <name>ull_div_t2.asm.obj</name>
      </input_file>
      <input_file id="fl-de">
         <path>C:\ti\ccs1260\ccs\tools\compiler\ti-cgt-arm_20.2.7.LTS\lib\</path>
         <kind>archive</kind>
         <file>rtsv7M4_T_le_eabi.lib</file>
         <name>copy_zero_init.c.obj</name>
      </input_file>
      <input_file id="fl-df">
         <path>C:\ti\ccs1260\ccs\tools\compiler\ti-cgt-arm_20.2.7.LTS\lib\</path>
         <kind>archive</kind>
         <file>rtsv7M4_T_le_eabi.lib</file>
         <name>copy_decompress_none.c.obj</name>
      </input_file>
      <input_file id="fl-e0">
         <path>C:\ti\ccs1260\ccs\tools\compiler\ti-cgt-arm_20.2.7.LTS\lib\</path>
         <kind>archive</kind>
         <file>rtsv7M4_T_le_eabi.lib</file>
         <name>copy_decompress_lzss.c.obj</name>
      </input_file>
      <input_file id="fl-e1">
         <path>C:\ti\ccs1260\ccs\tools\compiler\ti-cgt-arm_20.2.7.LTS\lib\</path>
         <kind>archive</kind>
         <file>rtsv7M4_T_le_eabi.lib</file>
         <name>memory.c.obj</name>
      </input_file>
      <input_file id="fl-e2">
         <path>C:\ti\ccs1260\ccs\tools\compiler\ti-cgt-arm_20.2.7.LTS\lib\</path>
         <kind>archive</kind>
         <file>rtsv7M4_T_le_eabi.lib</file>
         <name>boot_cortex_m.c.obj</name>
      </input_file>
      <input_file id="fl-e3">
         <path>C:\ti\ccs1260\ccs\tools\compiler\ti-cgt-arm_20.2.7.LTS\lib\</path>
         <kind>archive</kind>
         <file>rtsv7M4_T_le_eabi.lib</file>
         <name>div0.asm.obj</name>
      </input_file>
      <input_file id="fl-e4">
         <path>C:\ti\ccs1260\ccs\tools\compiler\ti-cgt-arm_20.2.7.LTS\lib\</path>
         <kind>archive</kind>
         <file>rtsv7M4_T_le_eabi.lib</file>
         <name>memset_t2.asm.obj</name>
      </input_file>
      <input_file id="fl-e5">
         <path>C:\ti\ccs1260\ccs\tools\compiler\ti-cgt-arm_20.2.7.LTS\lib\</path>
         <kind>archive</kind>
         <file>rtsv7M4_T_le_eabi.lib</file>
         <name>autoinit.c.obj</name>
      </input_file>
      <input_file id="fl-e6">
         <path>C:\ti\ccs1260\ccs\tools\compiler\ti-cgt-arm_20.2.7.LTS\lib\</path>
         <kind>archive</kind>
         <file>rtsv7M4_T_le_eabi.lib</file>
         <name>pre_init.c.obj</name>
      </input_file>
      <input_file id="fl-e7">
         <path>C:\ti\ccs1260\ccs\tools\compiler\ti-cgt-arm_20.2.7.LTS\lib\</path>
         <kind>archive</kind>
         <file>rtsv7M4_T_le_eabi.lib</file>
         <name>cpy_tbl.c.obj</name>
      </input_file>
      <input_file id="fl-e8">
         <path>C:\ti\ccs1260\ccs\tools\compiler\ti-cgt-arm_20.2.7.LTS\lib\</path>
         <kind>archive</kind>
         <file>rtsv7M4_T_le_eabi.lib</file>
         <name>exit.c.obj</name>
      </input_file>
      <input_file id="fl-e9">
         <path>C:\ti\ccs1260\ccs\tools\compiler\ti-cgt-arm_20.2.7.LTS\lib\</path>
         <kind>archive</kind>
         <file>rtsv7M4_T_le_eabi.lib</file>
         <name>_lock.c.obj</name>
      </input_file>
      <input_file id="fl-ea">
         <path>C:\ti\ccs1260\ccs\tools\compiler\ti-cgt-arm_20.2.7.LTS\lib\</path>
         <kind>archive</kind>
         <file>rtsv7M4_T_le_eabi.lib</file>
         <name>args_main.c.obj</name>
      </input_file>
   </input_file_list>
   <object_component_list>
      <object_component id="oc-1a8">
         <name>.text:PRCMCC3200MCUInit</name>
         <load_address>0x2000c040</load_address>
         <run_address>0x2000c040</run_address>
         <size>0x42c</size>
         <input_file_ref idref="fl-21"/>
      </object_component>
      <object_component id="oc-1ce">
         <name>.text:UART2_open</name>
         <load_address>0x2000c46c</load_address>
         <run_address>0x2000c46c</run_address>
         <size>0x288</size>
         <input_file_ref idref="fl-13"/>
      </object_component>
      <object_component id="oc-36b">
         <name>.text:UART2_writeTimeout</name>
         <load_address>0x2000c6f4</load_address>
         <run_address>0x2000c6f4</run_address>
         <size>0x236</size>
         <input_file_ref idref="fl-e"/>
      </object_component>
      <object_component id="oc-351">
         <name>.text:UART2CC32XX_hwiIntFxn</name>
         <load_address>0x2000c92a</load_address>
         <run_address>0x2000c92a</run_address>
         <size>0x228</size>
         <input_file_ref idref="fl-13"/>
      </object_component>
      <object_component id="oc-378">
         <name>.text:UART2_readTimeout</name>
         <load_address>0x2000cb52</load_address>
         <run_address>0x2000cb52</run_address>
         <size>0x1f4</size>
         <input_file_ref idref="fl-e"/>
      </object_component>
      <object_component id="oc-1b4">
         <name>.text:Board_initHook</name>
         <load_address>0x2000cd46</load_address>
         <run_address>0x2000cd46</run_address>
         <size>0x2</size>
         <input_file_ref idref="fl-4"/>
      </object_component>
      <object_component id="oc-1c2">
         <name>.text:GPIO_setConfig</name>
         <load_address>0x2000cd48</load_address>
         <run_address>0x2000cd48</run_address>
         <size>0x1e4</size>
         <input_file_ref idref="fl-10"/>
      </object_component>
      <object_component id="oc-3c1">
         <name>.text:PowerCC32XX_sleepPolicy</name>
         <load_address>0x2000cf2c</load_address>
         <run_address>0x2000cf2c</run_address>
         <size>0x19c</size>
         <input_file_ref idref="fl-1a"/>
      </object_component>
      <object_component id="oc-702">
         <name>.text:parkPins</name>
         <load_address>0x2000d0c8</load_address>
         <run_address>0x2000d0c8</run_address>
         <size>0x148</size>
         <input_file_ref idref="fl-11"/>
      </object_component>
      <object_component id="oc-5fd">
         <name>.text:Power_sleep</name>
         <load_address>0x2000d210</load_address>
         <run_address>0x2000d210</run_address>
         <size>0x138</size>
         <input_file_ref idref="fl-11"/>
      </object_component>
      <object_component id="oc-315">
         <name>.text:UART2_close</name>
         <load_address>0x2000d348</load_address>
         <run_address>0x2000d348</run_address>
         <size>0x118</size>
         <input_file_ref idref="fl-13"/>
      </object_component>
      <object_component id="oc-65c">
         <name>.text:aligned_alloc</name>
         <load_address>0x2000d460</load_address>
         <run_address>0x2000d460</run_address>
         <size>0x100</size>
         <input_file_ref idref="fl-e1"/>
      </object_component>
      <object_component id="oc-31b">
         <name>.text:UART2CC32XX_initHw</name>
         <load_address>0x2000d560</load_address>
         <run_address>0x2000d560</run_address>
         <size>0xe4</size>
         <input_file_ref idref="fl-13"/>
      </object_component>
      <object_component id="oc-533">
         <name>.text:UART2Support_dmaStartRx</name>
         <load_address>0x2000d644</load_address>
         <run_address>0x2000d644</run_address>
         <size>0xe4</size>
         <input_file_ref idref="fl-13"/>
      </object_component>
      <object_component id="oc-3df">
         <name>.text:free</name>
         <load_address>0x2000d728</load_address>
         <run_address>0x2000d728</run_address>
         <size>0xe4</size>
         <input_file_ref idref="fl-e1"/>
      </object_component>
      <object_component id="oc-545">
         <name>.text:UART2Support_dmaStartTx</name>
         <load_address>0x2000d80c</load_address>
         <run_address>0x2000d80c</run_address>
         <size>0xc8</size>
         <input_file_ref idref="fl-13"/>
      </object_component>
      <object_component id="oc-1bc">
         <name>.text:GPIO_init</name>
         <load_address>0x2000d8d4</load_address>
         <run_address>0x2000d8d4</run_address>
         <size>0xc4</size>
         <input_file_ref idref="fl-10"/>
      </object_component>
      <object_component id="oc-71f">
         <name>.text:restoreParkedPins</name>
         <load_address>0x2000d998</load_address>
         <run_address>0x2000d998</run_address>
         <size>0xc0</size>
         <input_file_ref idref="fl-11"/>
      </object_component>
      <object_component id="oc-b5">
         <name>.text:IntEnable</name>
         <load_address>0x2000da58</load_address>
         <run_address>0x2000da58</run_address>
         <size>0xa8</size>
         <input_file_ref idref="fl-1f"/>
      </object_component>
      <object_component id="oc-257">
         <name>.text:PowerCC32XX_configureWakeup</name>
         <load_address>0x2000db00</load_address>
         <run_address>0x2000db00</run_address>
         <size>0xa8</size>
         <input_file_ref idref="fl-11"/>
      </object_component>
      <object_component id="oc-15e">
         <name>.text:mainThread</name>
         <load_address>0x2000dba8</load_address>
         <run_address>0x2000dba8</run_address>
         <size>0xa4</size>
         <input_file_ref idref="fl-3"/>
      </object_component>
      <object_component id="oc-27d">
         <name>.text:SemaphoreP_pend</name>
         <load_address>0x2000dc4c</load_address>
         <run_address>0x2000dc4c</run_address>
         <size>0xa0</size>
         <input_file_ref idref="fl-17"/>
      </object_component>
      <object_component id="oc-3b">
         <name>.text</name>
         <load_address>0x2000dcec</load_address>
         <run_address>0x2000dcec</run_address>
         <size>0x9c</size>
         <input_file_ref idref="fl-dc"/>
      </object_component>
      <object_component id="oc-29f">
         <name>.text:powerNotifyFxn</name>
         <load_address>0x2000dd88</load_address>
         <run_address>0x2000dd88</run_address>
         <size>0x98</size>
         <input_file_ref idref="fl-10"/>
      </object_component>
      <object_component id="oc-5f8">
         <name>.text</name>
         <load_address>0x2000de20</load_address>
         <run_address>0x2000de20</run_address>
         <size>0x96</size>
         <input_file_ref idref="fl-dd"/>
      </object_component>
      <object_component id="oc-3bb">
         <name>.text:PowerCC32XX_initPolicy</name>
         <load_address>0x2000deb6</load_address>
         <run_address>0x2000deb6</run_address>
         <size>0x2</size>
         <input_file_ref idref="fl-1a"/>
      </object_component>
      <object_component id="oc-713">
         <name>.text:restoreNVICRegs</name>
         <load_address>0x2000deb8</load_address>
         <run_address>0x2000deb8</run_address>
         <size>0x90</size>
         <input_file_ref idref="fl-11"/>
      </object_component>
      <object_component id="oc-327">
         <name>.text:HwiP_construct</name>
         <load_address>0x2000df48</load_address>
         <run_address>0x2000df48</run_address>
         <size>0x8c</size>
         <input_file_ref idref="fl-19"/>
      </object_component>
      <object_component id="oc-7ac">
         <name>.text:IntPendSet</name>
         <load_address>0x2000dfd4</load_address>
         <run_address>0x2000dfd4</run_address>
         <size>0x88</size>
         <input_file_ref idref="fl-1f"/>
      </object_component>
      <object_component id="oc-2a9">
         <name>.text:PinConfigSet</name>
         <load_address>0x2000e05c</load_address>
         <run_address>0x2000e05c</run_address>
         <size>0x88</size>
         <input_file_ref idref="fl-20"/>
      </object_component>
      <object_component id="oc-1ae">
         <name>.text:Power_init</name>
         <load_address>0x2000e0e4</load_address>
         <run_address>0x2000e0e4</run_address>
         <size>0x84</size>
         <input_file_ref idref="fl-11"/>
      </object_component>
      <object_component id="oc-708">
         <name>.text:saveNVICRegs</name>
         <load_address>0x2000e168</load_address>
         <run_address>0x2000e168</run_address>
         <size>0x84</size>
         <input_file_ref idref="fl-11"/>
      </object_component>
      <object_component id="oc-2af">
         <name>.text:Power_setDependency</name>
         <load_address>0x2000e1ec</load_address>
         <run_address>0x2000e1ec</run_address>
         <size>0x80</size>
         <input_file_ref idref="fl-11"/>
      </object_component>
      <object_component id="oc-30f">
         <name>.text:UDMACC32XX_open</name>
         <load_address>0x2000e26c</load_address>
         <run_address>0x2000e26c</run_address>
         <size>0x7c</size>
         <input_file_ref idref="fl-15"/>
      </object_component>
      <object_component id="oc-9d">
         <name>.text</name>
         <load_address>0x2000e2e8</load_address>
         <run_address>0x2000e2e8</run_address>
         <size>0x7a</size>
         <input_file_ref idref="fl-e4"/>
      </object_component>
      <object_component id="oc-4a1">
         <name>.text:SemaphoreP_destruct</name>
         <load_address>0x2000e362</load_address>
         <run_address>0x2000e362</run_address>
         <size>0x2</size>
         <input_file_ref idref="fl-17"/>
      </object_component>
      <object_component id="oc-2d3">
         <name>.text:GPIO_hwiIntFxn</name>
         <load_address>0x2000e364</load_address>
         <run_address>0x2000e364</run_address>
         <size>0x78</size>
         <input_file_ref idref="fl-10"/>
      </object_component>
      <object_component id="oc-539">
         <name>.text:UART2CC32XX_readCallback</name>
         <load_address>0x2000e3dc</load_address>
         <run_address>0x2000e3dc</run_address>
         <size>0x74</size>
         <input_file_ref idref="fl-13"/>
      </object_component>
      <object_component id="oc-74d">
         <name>.text:split</name>
         <load_address>0x2000e450</load_address>
         <run_address>0x2000e450</run_address>
         <size>0x70</size>
         <input_file_ref idref="fl-e1"/>
      </object_component>
      <object_component id="oc-14">
         <name>.text:decompress:lzss:__TI_decompress_lzss</name>
         <load_address>0x2000e4c0</load_address>
         <run_address>0x2000e4c0</run_address>
         <size>0x68</size>
         <input_file_ref idref="fl-e0"/>
      </object_component>
      <object_component id="oc-303">
         <name>.text:PowerCC32XX_setParkState</name>
         <load_address>0x2000e528</load_address>
         <run_address>0x2000e528</run_address>
         <size>0x64</size>
         <input_file_ref idref="fl-11"/>
      </object_component>
      <object_component id="oc-4de">
         <name>.text:uDMAChannelAttributeDisable</name>
         <load_address>0x2000e58c</load_address>
         <run_address>0x2000e58c</run_address>
         <size>0x64</size>
         <input_file_ref idref="fl-23"/>
      </object_component>
      <object_component id="oc-225">
         <name>.text:PRCMSysResetCauseGet</name>
         <load_address>0x2000e5f0</load_address>
         <run_address>0x2000e5f0</run_address>
         <size>0x60</size>
         <input_file_ref idref="fl-21"/>
      </object_component>
      <object_component id="oc-283">
         <name>.text:GPIO_setCallback</name>
         <load_address>0x2000e650</load_address>
         <run_address>0x2000e650</run_address>
         <size>0x5c</size>
         <input_file_ref idref="fl-10"/>
      </object_component>
      <object_component id="oc-69e">
         <name>.text:sysTickInit</name>
         <load_address>0x2000e6ac</load_address>
         <run_address>0x2000e6ac</run_address>
         <size>0x5c</size>
         <input_file_ref idref="fl-18"/>
      </object_component>
      <object_component id="oc-1d4">
         <name>.text:GPIO_write</name>
         <load_address>0x2000e708</load_address>
         <run_address>0x2000e708</run_address>
         <size>0x58</size>
         <input_file_ref idref="fl-10"/>
      </object_component>
      <object_component id="oc-23e">
         <name>.text:PRCMPeripheralReset</name>
         <load_address>0x2000e760</load_address>
         <run_address>0x2000e760</run_address>
         <size>0x58</size>
         <input_file_ref idref="fl-21"/>
      </object_component>
      <object_component id="oc-4b3">
         <name>.text:Power_releaseDependency</name>
         <load_address>0x2000e7b8</load_address>
         <run_address>0x2000e7b8</run_address>
         <size>0x58</size>
         <input_file_ref idref="fl-11"/>
      </object_component>
      <object_component id="oc-53f">
         <name>.text:UART2Support_dmaStopTx</name>
         <load_address>0x2000e810</load_address>
         <run_address>0x2000e810</run_address>
         <size>0x56</size>
         <input_file_ref idref="fl-13"/>
      </object_component>
      <object_component id="oc-789">
         <name>.text:PowerCC32XX_resumeLPDS</name>
         <load_address>0x2000e866</load_address>
         <run_address>0x2000e866</run_address>
         <size>0x52</size>
         <input_file_ref idref="fl-12"/>
      </object_component>
      <object_component id="oc-79">
         <name>.text:ClockP_sysTickHandler</name>
         <load_address>0x2000e8b8</load_address>
         <run_address>0x2000e8b8</run_address>
         <size>0x50</size>
         <input_file_ref idref="fl-18"/>
      </object_component>
      <object_component id="oc-4fc">
         <name>.text:SemaphoreP_construct</name>
         <load_address>0x2000e908</load_address>
         <run_address>0x2000e908</run_address>
         <size>0x50</size>
         <input_file_ref idref="fl-17"/>
      </object_component>
      <object_component id="oc-52d">
         <name>.text:UART2Support_dmaStopRx</name>
         <load_address>0x2000e958</load_address>
         <run_address>0x2000e958</run_address>
         <size>0x50</size>
         <input_file_ref idref="fl-13"/>
      </object_component>
      <object_component id="oc-434">
         <name>.text:GPIO_enableInt</name>
         <load_address>0x2000e9a8</load_address>
         <run_address>0x2000e9a8</run_address>
         <size>0x4c</size>
         <input_file_ref idref="fl-10"/>
      </object_component>
      <object_component id="oc-780">
         <name>.text:PowerCC32XX_parkPin</name>
         <load_address>0x2000e9f4</load_address>
         <run_address>0x2000e9f4</run_address>
         <size>0x4c</size>
         <input_file_ref idref="fl-11"/>
      </object_component>
      <object_component id="oc-719">
         <name>.text:restorePeriphClocks</name>
         <load_address>0x2000ea40</load_address>
         <run_address>0x2000ea40</run_address>
         <size>0x4c</size>
         <input_file_ref idref="fl-11"/>
      </object_component>
      <object_component id="oc-7a4">
         <name>.text:FlashDisable</name>
         <load_address>0x2000ea8c</load_address>
         <run_address>0x2000ea8c</run_address>
         <size>0x48</size>
         <input_file_ref idref="fl-25"/>
      </object_component>
      <object_component id="oc-725">
         <name>.text:PRCMLPDSEnter</name>
         <load_address>0x2000ead4</load_address>
         <run_address>0x2000ead4</run_address>
         <size>0x48</size>
         <input_file_ref idref="fl-21"/>
      </object_component>
      <object_component id="oc-238">
         <name>.text:PRCMPeripheralClkEnable</name>
         <load_address>0x2000eb1c</load_address>
         <run_address>0x2000eb1c</run_address>
         <size>0x48</size>
         <input_file_ref idref="fl-21"/>
      </object_component>
      <object_component id="oc-557">
         <name>.text:Power_releaseConstraint</name>
         <load_address>0x2000eb64</load_address>
         <run_address>0x2000eb64</run_address>
         <size>0x48</size>
         <input_file_ref idref="fl-11"/>
      </object_component>
      <object_component id="oc-515">
         <name>.text:RingBuf_put</name>
         <load_address>0x2000ebac</load_address>
         <run_address>0x2000ebac</run_address>
         <size>0x46</size>
         <input_file_ref idref="fl-f"/>
      </object_component>
      <object_component id="oc-345">
         <name>.text:UART2CC32XX_eventCallback</name>
         <load_address>0x2000ebf2</load_address>
         <run_address>0x2000ebf2</run_address>
         <size>0x2</size>
         <input_file_ref idref="fl-13"/>
      </object_component>
      <object_component id="oc-590">
         <name>.text:ClockP_stop</name>
         <load_address>0x2000ebf4</load_address>
         <run_address>0x2000ebf4</run_address>
         <size>0x44</size>
         <input_file_ref idref="fl-18"/>
      </object_component>
      <object_component id="oc-78e">
         <name>.text:PRCMLPDSRestoreInfoSet</name>
         <load_address>0x2000ec38</load_address>
         <run_address>0x2000ec38</run_address>
         <size>0x44</size>
         <input_file_ref idref="fl-21"/>
      </object_component>
      <object_component id="oc-70e">
         <name>.text:PowerCC32XX_enterLPDS</name>
         <load_address>0x2000ec7c</load_address>
         <run_address>0x2000ec7c</run_address>
         <size>0x44</size>
         <input_file_ref idref="fl-12"/>
      </object_component>
      <object_component id="oc-28f">
         <name>.text:SemaphoreP_post</name>
         <load_address>0x2000ecc0</load_address>
         <run_address>0x2000ecc0</run_address>
         <size>0x44</size>
         <input_file_ref idref="fl-17"/>
      </object_component>
      <object_component id="oc-60e">
         <name>.text:SwiP_restore</name>
         <load_address>0x2000ed04</load_address>
         <run_address>0x2000ed04</run_address>
         <size>0x44</size>
         <input_file_ref idref="fl-1c"/>
      </object_component>
      <object_component id="oc-6cf">
         <name>.text:UART2Support_enableInts</name>
         <load_address>0x2000ed48</load_address>
         <run_address>0x2000ed48</run_address>
         <size>0x44</size>
         <input_file_ref idref="fl-13"/>
      </object_component>
      <object_component id="oc-171">
         <name>.text:__TI_auto_init_nobinit_nopinit:__TI_auto_init_nobinit_nopinit</name>
         <load_address>0x2000ed8c</load_address>
         <run_address>0x2000ed8c</run_address>
         <size>0x44</size>
         <input_file_ref idref="fl-e5"/>
      </object_component>
      <object_component id="oc-339">
         <name>.text:ClockP_construct</name>
         <load_address>0x2000edd0</load_address>
         <run_address>0x2000edd0</run_address>
         <size>0x40</size>
         <input_file_ref idref="fl-18"/>
      </object_component>
      <object_component id="oc-250">
         <name>.text:PinModeSet</name>
         <load_address>0x2000ee10</load_address>
         <run_address>0x2000ee10</run_address>
         <size>0x40</size>
         <input_file_ref idref="fl-20"/>
      </object_component>
      <object_component id="oc-372">
         <name>.text:UART2_readFull</name>
         <load_address>0x2000ee50</load_address>
         <run_address>0x2000ee50</run_address>
         <size>0x40</size>
         <input_file_ref idref="fl-e"/>
      </object_component>
      <object_component id="oc-309">
         <name>.text:UDMACC32XX_init</name>
         <load_address>0x2000ee90</load_address>
         <run_address>0x2000ee90</run_address>
         <size>0x40</size>
         <input_file_ref idref="fl-15"/>
      </object_component>
      <object_component id="oc-551">
         <name>.text:RingBuf_putAdvance</name>
         <load_address>0x2000eed0</load_address>
         <run_address>0x2000eed0</run_address>
         <size>0x3e</size>
         <input_file_ref idref="fl-f"/>
      </object_component>
      <object_component id="oc-383">
         <name>.text:_nop</name>
         <load_address>0x2000ef0e</load_address>
         <run_address>0x2000ef0e</run_address>
         <size>0x2</size>
         <input_file_ref idref="fl-e9"/>
      </object_component>
      <object_component id="oc-3fe">
         <name>.text:ClockP_destruct</name>
         <load_address>0x2000ef10</load_address>
         <run_address>0x2000ef10</run_address>
         <size>0x3c</size>
         <input_file_ref idref="fl-18"/>
      </object_component>
      <object_component id="oc-6b8">
         <name>.text:Power_setConstraint</name>
         <load_address>0x2000ef4c</load_address>
         <run_address>0x2000ef4c</run_address>
         <size>0x3c</size>
         <input_file_ref idref="fl-11"/>
      </object_component>
      <object_component id="oc-59e">
         <name>.text:UART2Support_dmaRefreshRx</name>
         <load_address>0x2000ef88</load_address>
         <run_address>0x2000ef88</run_address>
         <size>0x3c</size>
         <input_file_ref idref="fl-13"/>
      </object_component>
      <object_component id="oc-5f2">
         <name>.text:getCountsRTC</name>
         <load_address>0x2000efc4</load_address>
         <run_address>0x2000efc4</run_address>
         <size>0x3a</size>
         <input_file_ref idref="fl-1a"/>
      </object_component>
      <object_component id="oc-73">
         <name>.text:busFaultHandler</name>
         <load_address>0x2000effe</load_address>
         <run_address>0x2000effe</run_address>
         <size>0x2</size>
         <input_file_ref idref="fl-1b"/>
      </object_component>
      <object_component id="oc-72b">
         <name>.text:PRCMLPDSEnterKeepDebugIf</name>
         <load_address>0x2000f000</load_address>
         <run_address>0x2000f000</run_address>
         <size>0x38</size>
         <input_file_ref idref="fl-21"/>
      </object_component>
      <object_component id="oc-598">
         <name>.text:UART2_rxEnable</name>
         <load_address>0x2000f038</load_address>
         <run_address>0x2000f038</run_address>
         <size>0x38</size>
         <input_file_ref idref="fl-e"/>
      </object_component>
      <object_component id="oc-db">
         <name>.text:addToList</name>
         <load_address>0x2000f070</load_address>
         <run_address>0x2000f070</run_address>
         <size>0x38</size>
         <input_file_ref idref="fl-18"/>
      </object_component>
      <object_component id="oc-59">
         <name>.text:initVectors</name>
         <load_address>0x2000f0a8</load_address>
         <run_address>0x2000f0a8</run_address>
         <size>0x38</size>
         <input_file_ref idref="fl-1b"/>
      </object_component>
      <object_component id="oc-6fc">
         <name>.text:notify</name>
         <load_address>0x2000f0e0</load_address>
         <run_address>0x2000f0e0</run_address>
         <size>0x38</size>
         <input_file_ref idref="fl-11"/>
      </object_component>
      <object_component id="oc-495">
         <name>.text:UART2_rxDisable</name>
         <load_address>0x2000f118</load_address>
         <run_address>0x2000f118</run_address>
         <size>0x36</size>
         <input_file_ref idref="fl-e"/>
      </object_component>
      <object_component id="oc-404">
         <name>.text:clkFxn</name>
         <load_address>0x2000f14e</load_address>
         <run_address>0x2000f14e</run_address>
         <size>0x2</size>
         <input_file_ref idref="fl-17"/>
      </object_component>
      <object_component id="oc-5e0">
         <name>.text:ClockP_getTicksUntilInterrupt</name>
         <load_address>0x2000f150</load_address>
         <run_address>0x2000f150</run_address>
         <size>0x34</size>
         <input_file_ref idref="fl-18"/>
      </object_component>
      <object_component id="oc-504">
         <name>.text:ClockP_startup</name>
         <load_address>0x2000f184</load_address>
         <run_address>0x2000f184</run_address>
         <size>0x34</size>
         <input_file_ref idref="fl-18"/>
      </object_component>
      <object_component id="oc-24a">
         <name>.text:PinModeGet</name>
         <load_address>0x2000f1b8</load_address>
         <run_address>0x2000f1b8</run_address>
         <size>0x34</size>
         <input_file_ref idref="fl-20"/>
      </object_component>
      <object_component id="oc-4b9">
         <name>.text:PowerCC32XX_restoreParkState</name>
         <load_address>0x2000f1ec</load_address>
         <run_address>0x2000f1ec</run_address>
         <size>0x34</size>
         <input_file_ref idref="fl-11"/>
      </object_component>
      <object_component id="oc-5aa">
         <name>.text:RingBuf_getConsume</name>
         <load_address>0x2000f220</load_address>
         <run_address>0x2000f220</run_address>
         <size>0x34</size>
         <input_file_ref idref="fl-f"/>
      </object_component>
      <object_component id="oc-54b">
         <name>.text:RingBuf_putPointer</name>
         <load_address>0x2000f254</load_address>
         <run_address>0x2000f254</run_address>
         <size>0x34</size>
         <input_file_ref idref="fl-f"/>
      </object_component>
      <object_component id="oc-578">
         <name>.text:UART2Support_sendData</name>
         <load_address>0x2000f288</load_address>
         <run_address>0x2000f288</run_address>
         <size>0x34</size>
         <input_file_ref idref="fl-13"/>
      </object_component>
      <object_component id="oc-4a7">
         <name>.text:UDMACC32XX_close</name>
         <load_address>0x2000f2bc</load_address>
         <run_address>0x2000f2bc</run_address>
         <size>0x34</size>
         <input_file_ref idref="fl-15"/>
      </object_component>
      <object_component id="oc-673">
         <name>.text:UART2Support_disableRx</name>
         <load_address>0x2000f2f0</load_address>
         <run_address>0x2000f2f0</run_address>
         <size>0x32</size>
         <input_file_ref idref="fl-13"/>
      </object_component>
      <object_component id="oc-6d">
         <name>.text:defaultHandler</name>
         <load_address>0x2000f322</load_address>
         <run_address>0x2000f322</run_address>
         <size>0x2</size>
         <input_file_ref idref="fl-1b"/>
      </object_component>
      <object_component id="oc-3ec">
         <name>.text:ClockP_start</name>
         <load_address>0x2000f324</load_address>
         <run_address>0x2000f324</run_address>
         <size>0x30</size>
         <input_file_ref idref="fl-18"/>
      </object_component>
      <object_component id="oc-79d">
         <name>.text:PowerCC32XX_restoreParkedPin</name>
         <load_address>0x2000f354</load_address>
         <run_address>0x2000f354</run_address>
         <size>0x30</size>
         <input_file_ref idref="fl-11"/>
      </object_component>
      <object_component id="oc-2fd">
         <name>.text:PowerCC32XX_getParkState</name>
         <load_address>0x2000f384</load_address>
         <run_address>0x2000f384</run_address>
         <size>0x2c</size>
         <input_file_ref idref="fl-11"/>
      </object_component>
      <object_component id="oc-2bb">
         <name>.text:HwiP_create</name>
         <load_address>0x2000f3b0</load_address>
         <run_address>0x2000f3b0</run_address>
         <size>0x2a</size>
         <input_file_ref idref="fl-19"/>
      </object_component>
      <object_component id="oc-5a4">
         <name>.text:RingBuf_getPointer</name>
         <load_address>0x2000f3da</load_address>
         <run_address>0x2000f3da</run_address>
         <size>0x2a</size>
         <input_file_ref idref="fl-f"/>
      </object_component>
      <object_component id="oc-244">
         <name>.text:PRCMPeripheralClkDisable</name>
         <load_address>0x2000f404</load_address>
         <run_address>0x2000f404</run_address>
         <size>0x28</size>
         <input_file_ref idref="fl-21"/>
      </object_component>
      <object_component id="oc-289">
         <name>.text:Power_registerNotify</name>
         <load_address>0x2000f42c</load_address>
         <run_address>0x2000f42c</run_address>
         <size>0x28</size>
         <input_file_ref idref="fl-11"/>
      </object_component>
      <object_component id="oc-644">
         <name>.text:free_list_insert</name>
         <load_address>0x2000f454</load_address>
         <run_address>0x2000f454</run_address>
         <size>0x28</size>
         <input_file_ref idref="fl-e1"/>
      </object_component>
      <object_component id="oc-527">
         <name>.text:uDMAChannelIsEnabled</name>
         <load_address>0x2000f47c</load_address>
         <run_address>0x2000f47c</run_address>
         <size>0x28</size>
         <input_file_ref idref="fl-23"/>
      </object_component>
      <object_component id="oc-40f">
         <name>.text:List_put</name>
         <load_address>0x2000f4a4</load_address>
         <run_address>0x2000f4a4</run_address>
         <size>0x26</size>
         <input_file_ref idref="fl-14"/>
      </object_component>
      <object_component id="oc-683">
         <name>.text:List_remove</name>
         <load_address>0x2000f4ca</load_address>
         <run_address>0x2000f4ca</run_address>
         <size>0x26</size>
         <input_file_ref idref="fl-14"/>
      </object_component>
      <object_component id="oc-4f2">
         <name>.text:HwiP_dispatch</name>
         <load_address>0x2000f4f0</load_address>
         <run_address>0x2000f4f0</run_address>
         <size>0x24</size>
         <input_file_ref idref="fl-19"/>
      </object_component>
      <object_component id="oc-2f1">
         <name>.text:PowerCC32XX_reset</name>
         <load_address>0x2000f514</load_address>
         <run_address>0x2000f514</run_address>
         <size>0x24</size>
         <input_file_ref idref="fl-11"/>
      </object_component>
      <object_component id="oc-4d2">
         <name>.text:UARTEnable</name>
         <load_address>0x2000f538</load_address>
         <run_address>0x2000f538</run_address>
         <size>0x24</size>
         <input_file_ref idref="fl-22"/>
      </object_component>
      <object_component id="oc-c5">
         <name>.text:_c_int00_noargs:_c_int00_noargs</name>
         <load_address>0x2000f55c</load_address>
         <run_address>0x2000f55c</run_address>
         <size>0x24</size>
         <input_file_ref idref="fl-e2"/>
      </object_component>
      <object_component id="oc-49b">
         <name>.text:HwiP_destruct</name>
         <load_address>0x2000f580</load_address>
         <run_address>0x2000f580</run_address>
         <size>0x20</size>
         <input_file_ref idref="fl-19"/>
      </object_component>
      <object_component id="oc-4ad">
         <name>.text:Power_unregisterNotify</name>
         <load_address>0x2000f5a0</load_address>
         <run_address>0x2000f5a0</run_address>
         <size>0x20</size>
         <input_file_ref idref="fl-11"/>
      </object_component>
      <object_component id="oc-2eb">
         <name>.text:UART2CC32XX_getPowerMgrId</name>
         <load_address>0x2000f5c0</load_address>
         <run_address>0x2000f5c0</run_address>
         <size>0x20</size>
         <input_file_ref idref="fl-13"/>
      </object_component>
      <object_component id="oc-1e0">
         <name>.text:UART2_read</name>
         <load_address>0x2000f5e0</load_address>
         <run_address>0x2000f5e0</run_address>
         <size>0x20</size>
         <input_file_ref idref="fl-e"/>
      </object_component>
      <object_component id="oc-32d">
         <name>.text:SemaphoreP_constructBinary</name>
         <load_address>0x2000f600</load_address>
         <run_address>0x2000f600</run_address>
         <size>0x1e</size>
         <input_file_ref idref="fl-17"/>
      </object_component>
      <object_component id="oc-47d">
         <name>.text:postNotifyFxn</name>
         <load_address>0x2000f61e</load_address>
         <run_address>0x2000f61e</run_address>
         <size>0x1e</size>
         <input_file_ref idref="fl-15"/>
      </object_component>
      <object_component id="oc-4bf">
         <name>.text:PinToPadGet</name>
         <load_address>0x2000f63c</load_address>
         <run_address>0x2000f63c</run_address>
         <size>0x1c</size>
         <input_file_ref idref="fl-20"/>
      </object_component>
      <object_component id="oc-5d4">
         <name>.text:SwiP_disable</name>
         <load_address>0x2000f658</load_address>
         <run_address>0x2000f658</run_address>
         <size>0x1c</size>
         <input_file_ref idref="fl-1c"/>
      </object_component>
      <object_component id="oc-63e">
         <name>.text:free_list_remove</name>
         <load_address>0x2000f674</load_address>
         <run_address>0x2000f674</run_address>
         <size>0x1c</size>
         <input_file_ref idref="fl-e1"/>
      </object_component>
      <object_component id="oc-265">
         <name>.text:SemaphoreP_createBinary</name>
         <load_address>0x2000f690</load_address>
         <run_address>0x2000f690</run_address>
         <size>0x1a</size>
         <input_file_ref idref="fl-17"/>
      </object_component>
      <object_component id="oc-67">
         <name>.text:faultISR</name>
         <load_address>0x2000f6aa</load_address>
         <run_address>0x2000f6aa</run_address>
         <size>0x2</size>
         <input_file_ref idref="fl-1b"/>
      </object_component>
      <object_component id="oc-21">
         <name>.text:resetISR</name>
         <load_address>0x2000f6ac</load_address>
         <run_address>0x2000f6ac</run_address>
         <size>0x1a</size>
         <input_file_ref idref="fl-1b"/>
      </object_component>
      <object_component id="oc-61">
         <name>.text:nmiISR</name>
         <load_address>0x2000f6c6</load_address>
         <run_address>0x2000f6c6</run_address>
         <size>0x2</size>
         <input_file_ref idref="fl-1b"/>
      </object_component>
      <object_component id="oc-5e6">
         <name>.text:Power_getTransitionLatency</name>
         <load_address>0x2000f6c8</load_address>
         <run_address>0x2000f6c8</run_address>
         <size>0x18</size>
         <input_file_ref idref="fl-11"/>
      </object_component>
      <object_component id="oc-73e">
         <name>.text:Power_idleFunc</name>
         <load_address>0x2000f6e0</load_address>
         <run_address>0x2000f6e0</run_address>
         <size>0x18</size>
         <input_file_ref idref="fl-11"/>
      </object_component>
      <object_component id="oc-57e">
         <name>.text:UART2Support_txDone</name>
         <load_address>0x2000f6f8</load_address>
         <run_address>0x2000f6f8</run_address>
         <size>0x18</size>
         <input_file_ref idref="fl-13"/>
      </object_component>
      <object_component id="oc-1c8">
         <name>.text:UART2_Params_init</name>
         <load_address>0x2000f710</load_address>
         <run_address>0x2000f710</run_address>
         <size>0x18</size>
         <input_file_ref idref="fl-e"/>
      </object_component>
      <object_component id="oc-48f">
         <name>.text:UARTDMADisable</name>
         <load_address>0x2000f728</load_address>
         <run_address>0x2000f728</run_address>
         <size>0x18</size>
         <input_file_ref idref="fl-22"/>
      </object_component>
      <object_component id="oc-489">
         <name>.text:UARTIntDisable</name>
         <load_address>0x2000f740</load_address>
         <run_address>0x2000f740</run_address>
         <size>0x18</size>
         <input_file_ref idref="fl-22"/>
      </object_component>
      <object_component id="oc-4d8">
         <name>.text:UARTIntEnable</name>
         <load_address>0x2000f758</load_address>
         <run_address>0x2000f758</run_address>
         <size>0x18</size>
         <input_file_ref idref="fl-22"/>
      </object_component>
      <object_component id="oc-603">
         <name>.text</name>
         <load_address>0x2000f770</load_address>
         <run_address>0x2000f770</run_address>
         <size>0x18</size>
         <input_file_ref idref="fl-db"/>
      </object_component>
      <object_component id="oc-232">
         <name>.text:PRCMHIBRegRead</name>
         <load_address>0x2000f788</load_address>
         <run_address>0x2000f788</run_address>
         <size>0x16</size>
         <input_file_ref idref="fl-21"/>
      </object_component>
      <object_component id="oc-22c">
         <name>.text:PRCMHIBRegWrite</name>
         <load_address>0x2000f79e</load_address>
         <run_address>0x2000f79e</run_address>
         <size>0x16</size>
         <input_file_ref idref="fl-21"/>
      </object_component>
      <object_component id="oc-3d4">
         <name>.text:SemaphoreP_create</name>
         <load_address>0x2000f7b4</load_address>
         <run_address>0x2000f7b4</run_address>
         <size>0x16</size>
         <input_file_ref idref="fl-17"/>
      </object_component>
      <object_component id="oc-a3">
         <name>.text:CPUcpsid</name>
         <load_address>0x2000f7ca</load_address>
         <run_address>0x2000f7ca</run_address>
         <size>0x14</size>
         <input_file_ref idref="fl-1e"/>
      </object_component>
      <object_component id="oc-6f6">
         <name>.text</name>
         <load_address>0x2000f7de</load_address>
         <run_address>0x2000f7de</run_address>
         <size>0x2</size>
         <input_file_ref idref="fl-e3"/>
      </object_component>
      <object_component id="oc-41b">
         <name>.text:HwiP_inISR</name>
         <load_address>0x2000f7e0</load_address>
         <run_address>0x2000f7e0</run_address>
         <size>0x14</size>
         <input_file_ref idref="fl-19"/>
      </object_component>
      <object_component id="oc-af">
         <name>.text:IntVTableBaseSet</name>
         <load_address>0x2000f7f4</load_address>
         <run_address>0x2000f7f4</run_address>
         <size>0x14</size>
         <input_file_ref idref="fl-1f"/>
      </object_component>
      <object_component id="oc-421">
         <name>.text:Power_disablePolicy</name>
         <load_address>0x2000f808</load_address>
         <run_address>0x2000f808</run_address>
         <size>0x14</size>
         <input_file_ref idref="fl-11"/>
      </object_component>
      <object_component id="oc-796">
         <name>.text:Power_getDependencyCount</name>
         <load_address>0x2000f81c</load_address>
         <run_address>0x2000f81c</run_address>
         <size>0x14</size>
         <input_file_ref idref="fl-11"/>
      </object_component>
      <object_component id="oc-2b5">
         <name>.text:HwiP_Params_init</name>
         <load_address>0x2000f830</load_address>
         <run_address>0x2000f830</run_address>
         <size>0x12</size>
         <input_file_ref idref="fl-19"/>
      </object_component>
      <object_component id="oc-2f7">
         <name>.text:RingBuf_construct</name>
         <load_address>0x2000f842</load_address>
         <run_address>0x2000f842</run_address>
         <size>0x12</size>
         <input_file_ref idref="fl-f"/>
      </object_component>
      <object_component id="oc-35d">
         <name>.text:UART2CC32XX_writeTimeout</name>
         <load_address>0x2000f854</load_address>
         <run_address>0x2000f854</run_address>
         <size>0x12</size>
         <input_file_ref idref="fl-13"/>
      </object_component>
      <object_component id="oc-4cc">
         <name>.text:UARTIntClear</name>
         <load_address>0x2000f866</load_address>
         <run_address>0x2000f866</run_address>
         <size>0x12</size>
         <input_file_ref idref="fl-22"/>
      </object_component>
      <object_component id="oc-51b">
         <name>.text:UARTRxErrorGet</name>
         <load_address>0x2000f878</load_address>
         <run_address>0x2000f878</run_address>
         <size>0x12</size>
         <input_file_ref idref="fl-22"/>
      </object_component>
      <object_component id="oc-11a">
         <name>.text:main</name>
         <load_address>0x2000f88a</load_address>
         <run_address>0x2000f88a</run_address>
         <size>0x12</size>
         <input_file_ref idref="fl-2"/>
      </object_component>
      <object_component id="oc-152">
         <name>.text:Board_init</name>
         <load_address>0x2000f89c</load_address>
         <run_address>0x2000f89c</run_address>
         <size>0x10</size>
         <input_file_ref idref="fl-4"/>
      </object_component>
      <object_component id="oc-3e6">
         <name>.text:ClockP_add</name>
         <load_address>0x2000f8ac</load_address>
         <run_address>0x2000f8ac</run_address>
         <size>0x10</size>
         <input_file_ref idref="fl-18"/>
      </object_component>
      <object_component id="oc-4c6">
         <name>.text:ClockP_getCpuFreq</name>
         <load_address>0x2000f8bc</load_address>
         <run_address>0x2000f8bc</run_address>
         <size>0x10</size>
         <input_file_ref idref="fl-18"/>
      </object_component>
      <object_component id="oc-5ec">
         <name>.text:ClockP_getSystemTicks</name>
         <load_address>0x2000f8cc</load_address>
         <run_address>0x2000f8cc</run_address>
         <size>0x10</size>
         <input_file_ref idref="fl-18"/>
      </object_component>
      <object_component id="oc-608">
         <name>.text:ClockP_setTicks</name>
         <load_address>0x2000f8dc</load_address>
         <run_address>0x2000f8dc</run_address>
         <size>0x10</size>
         <input_file_ref idref="fl-18"/>
      </object_component>
      <object_component id="oc-572">
         <name>.text:HwiP_interruptsEnabled</name>
         <load_address>0x2000f8ec</load_address>
         <run_address>0x2000f8ec</run_address>
         <size>0x10</size>
         <input_file_ref idref="fl-19"/>
      </object_component>
      <object_component id="oc-271">
         <name>.text:HwiP_restore</name>
         <load_address>0x2000f8fc</load_address>
         <run_address>0x2000f8fc</run_address>
         <size>0x10</size>
         <input_file_ref idref="fl-19"/>
      </object_component>
      <object_component id="oc-3f2">
         <name>.text:Power_enablePolicy</name>
         <load_address>0x2000f90c</load_address>
         <run_address>0x2000f90c</run_address>
         <size>0x10</size>
         <input_file_ref idref="fl-11"/>
      </object_component>
      <object_component id="oc-3ce">
         <name>.text:SemaphoreP_Params_init</name>
         <load_address>0x2000f91c</load_address>
         <run_address>0x2000f91c</run_address>
         <size>0x10</size>
         <input_file_ref idref="fl-17"/>
      </object_component>
      <object_component id="oc-357">
         <name>.text:UART2CC32XX_readTimeout</name>
         <load_address>0x2000f92c</load_address>
         <run_address>0x2000f92c</run_address>
         <size>0x10</size>
         <input_file_ref idref="fl-13"/>
      </object_component>
      <object_component id="oc-521">
         <name>.text:UART2Support_rxStatus2ErrorCode</name>
         <load_address>0x2000f93c</load_address>
         <run_address>0x2000f93c</run_address>
         <size>0x10</size>
         <input_file_ref idref="fl-13"/>
      </object_component>
      <object_component id="oc-757">
         <name>.text:dmaErrorFxn</name>
         <load_address>0x2000f94c</load_address>
         <run_address>0x2000f94c</run_address>
         <size>0x10</size>
         <input_file_ref idref="fl-4"/>
      </object_component>
      <object_component id="oc-321">
         <name>.text:HwiP_clearInterrupt</name>
         <load_address>0x2000f95c</load_address>
         <run_address>0x2000f95c</run_address>
         <size>0xe</size>
         <input_file_ref idref="fl-19"/>
      </object_component>
      <object_component id="oc-26b">
         <name>.text:HwiP_disable</name>
         <load_address>0x2000f96a</load_address>
         <run_address>0x2000f96a</run_address>
         <size>0xe</size>
         <input_file_ref idref="fl-19"/>
      </object_component>
      <object_component id="oc-158">
         <name>.text:HwiP_enable</name>
         <load_address>0x2000f978</load_address>
         <run_address>0x2000f978</run_address>
         <size>0xe</size>
         <input_file_ref idref="fl-19"/>
      </object_component>
      <object_component id="oc-1da">
         <name>.text:UART2_write</name>
         <load_address>0x2000f986</load_address>
         <run_address>0x2000f986</run_address>
         <size>0xe</size>
         <input_file_ref idref="fl-e"/>
      </object_component>
      <object_component id="oc-1a">
         <name>.text:decompress:none:__TI_decompress_none</name>
         <load_address>0x2000f994</load_address>
         <run_address>0x2000f994</run_address>
         <size>0xe</size>
         <input_file_ref idref="fl-df"/>
      </object_component>
      <object_component id="oc-5da">
         <name>.text:Power_getConstraintMask</name>
         <load_address>0x2000f9a4</load_address>
         <run_address>0x2000f9a4</run_address>
         <size>0xc</size>
         <input_file_ref idref="fl-11"/>
      </object_component>
      <object_component id="oc-34b">
         <name>.text:UART2CC32XX_postNotifyFxn</name>
         <load_address>0x2000f9b0</load_address>
         <run_address>0x2000f9b0</run_address>
         <size>0xc</size>
         <input_file_ref idref="fl-13"/>
      </object_component>
      <object_component id="oc-584">
         <name>.text:UART2Support_disableTx</name>
         <load_address>0x2000f9bc</load_address>
         <run_address>0x2000f9bc</run_address>
         <size>0xc</size>
         <input_file_ref idref="fl-13"/>
      </object_component>
      <object_component id="oc-6d5">
         <name>.text:UART2Support_enableRx</name>
         <load_address>0x2000f9c8</load_address>
         <run_address>0x2000f9c8</run_address>
         <size>0xc</size>
         <input_file_ref idref="fl-13"/>
      </object_component>
      <object_component id="oc-56c">
         <name>.text:UART2Support_enableTx</name>
         <load_address>0x2000f9d4</load_address>
         <run_address>0x2000f9d4</run_address>
         <size>0xc</size>
         <input_file_ref idref="fl-13"/>
      </object_component>
      <object_component id="oc-4d">
         <name>.text:decompress:ZI:__TI_zero_init</name>
         <load_address>0x2000f9e0</load_address>
         <run_address>0x2000f9e0</run_address>
         <size>0xc</size>
         <input_file_ref idref="fl-de"/>
      </object_component>
      <object_component id="oc-7c1">
         <name>.text:uDMAErrorStatusClear</name>
         <load_address>0x2000f9ec</load_address>
         <run_address>0x2000f9ec</run_address>
         <size>0xc</size>
         <input_file_ref idref="fl-23"/>
      </object_component>
      <object_component id="oc-7bb">
         <name>.text:uDMAErrorStatusGet</name>
         <load_address>0x2000f9f8</load_address>
         <run_address>0x2000f9f8</run_address>
         <size>0xc</size>
         <input_file_ref idref="fl-23"/>
      </object_component>
      <object_component id="oc-6c3">
         <name>.text:CPUprimask</name>
         <load_address>0x2000fa04</load_address>
         <run_address>0x2000fa04</run_address>
         <size>0xa</size>
         <input_file_ref idref="fl-1e"/>
      </object_component>
      <object_component id="oc-333">
         <name>.text:ClockP_Params_init</name>
         <load_address>0x2000fa0e</load_address>
         <run_address>0x2000fa0e</run_address>
         <size>0xa</size>
         <input_file_ref idref="fl-18"/>
      </object_component>
      <object_component id="oc-3f8">
         <name>.text:ClockP_isActive</name>
         <load_address>0x2000fa18</load_address>
         <run_address>0x2000fa18</run_address>
         <size>0xa</size>
         <input_file_ref idref="fl-18"/>
      </object_component>
      <object_component id="oc-53">
         <name>.text:IntMasterDisable</name>
         <load_address>0x2000fa22</load_address>
         <run_address>0x2000fa22</run_address>
         <size>0xa</size>
         <input_file_ref idref="fl-1f"/>
      </object_component>
      <object_component id="oc-440">
         <name>.text:malloc</name>
         <load_address>0x2000fa2c</load_address>
         <run_address>0x2000fa2c</run_address>
         <size>0x8</size>
         <input_file_ref idref="fl-e1"/>
      </object_component>
      <object_component id="oc-679">
         <name>.text:UART2Support_powerRelConstraint</name>
         <load_address>0x2000fa34</load_address>
         <run_address>0x2000fa34</run_address>
         <size>0x6</size>
         <input_file_ref idref="fl-13"/>
      </object_component>
      <object_component id="oc-6db">
         <name>.text:UART2Support_powerSetConstraint</name>
         <load_address>0x2000fa3a</load_address>
         <run_address>0x2000fa3a</run_address>
         <size>0x6</size>
         <input_file_ref idref="fl-13"/>
      </object_component>
      <object_component id="oc-22b">
         <name>.text:UtilsDelay</name>
         <load_address>0x2000fa40</load_address>
         <run_address>0x2000fa40</run_address>
         <size>0x6</size>
         <input_file_ref idref="fl-24"/>
      </object_component>
      <object_component id="oc-58a">
         <name>.text:ClockP_setTimeout</name>
         <load_address>0x2000fa46</load_address>
         <run_address>0x2000fa46</run_address>
         <size>0x4</size>
         <input_file_ref idref="fl-18"/>
      </object_component>
      <object_component id="oc-734">
         <name>.text:HwiP_post</name>
         <load_address>0x2000fa4a</load_address>
         <run_address>0x2000fa4a</run_address>
         <size>0x4</size>
         <input_file_ref idref="fl-19"/>
      </object_component>
      <object_component id="oc-277">
         <name>.text:SemaphoreP_delete</name>
         <load_address>0x2000fa4e</load_address>
         <run_address>0x2000fa4e</run_address>
         <size>0x4</size>
         <input_file_ref idref="fl-17"/>
      </object_component>
      <object_component id="oc-114">
         <name>.text:_system_pre_init</name>
         <load_address>0x2000fa52</load_address>
         <run_address>0x2000fa52</run_address>
         <size>0x4</size>
         <input_file_ref idref="fl-e6"/>
      </object_component>
      <object_component id="oc-165">
         <name>.text:abort:abort</name>
         <load_address>0x2000fa56</load_address>
         <run_address>0x2000fa56</run_address>
         <size>0x4</size>
         <input_file_ref idref="fl-e8"/>
      </object_component>
      <object_component id="oc-3ac">
         <name>.const:g_ulPinToPadMap</name>
         <load_address>0x20010998</load_address>
         <run_address>0x20010998</run_address>
         <size>0x100</size>
         <input_file_ref idref="fl-20"/>
      </object_component>
      <object_component id="oc-3a5">
         <name>.const:PRCM_PeriphRegsList</name>
         <load_address>0x20010a98</load_address>
         <run_address>0x20010a98</run_address>
         <size>0xa8</size>
         <input_file_ref idref="fl-21"/>
      </object_component>
      <object_component id="oc-260">
         <name>.const:PowerCC32XX_config</name>
         <load_address>0x20010b40</load_address>
         <run_address>0x20010b40</run_address>
         <size>0x44</size>
         <input_file_ref idref="fl-4"/>
      </object_component>
      <object_component id="oc-50e">
         <name>.const:uart2CC32XXHWAttrs0</name>
         <load_address>0x20010b84</load_address>
         <run_address>0x20010b84</run_address>
         <size>0x3c</size>
         <input_file_ref idref="fl-4"/>
      </object_component>
      <object_component id="oc-2e6">
         <name>.const:UART2_defaultParams</name>
         <load_address>0x20010bc0</load_address>
         <run_address>0x20010bc0</run_address>
         <size>0x24</size>
         <input_file_ref idref="fl-e"/>
      </object_component>
      <object_component id="oc-2c1">
         <name>.const:.string:pinTable</name>
         <load_address>0x20010be4</load_address>
         <run_address>0x20010be4</run_address>
         <size>0x21</size>
         <input_file_ref idref="fl-10"/>
      </object_component>
      <object_component id="oc-33f">
         <name>.const</name>
         <load_address>0x20010c05</load_address>
         <run_address>0x20010c05</run_address>
         <size>0x3</size>
         <input_file_ref idref="fl-4"/>
      </object_component>
      <object_component id="oc-10e">
         <name>.const:g_pulEnRegs</name>
         <load_address>0x20010c08</load_address>
         <run_address>0x20010c08</run_address>
         <size>0x18</size>
         <input_file_ref idref="fl-1f"/>
      </object_component>
      <object_component id="oc-7ce">
         <name>.const:g_pulPendRegs</name>
         <load_address>0x20010c20</load_address>
         <run_address>0x20010c20</run_address>
         <size>0x18</size>
         <input_file_ref idref="fl-1f"/>
      </object_component>
      <object_component id="oc-1e6">
         <name>.const:.string:$P$T0$1</name>
         <load_address>0x20010c38</load_address>
         <run_address>0x20010c38</run_address>
         <size>0x16</size>
         <input_file_ref idref="fl-3"/>
      </object_component>
      <object_component id="oc-4e7">
         <name>.const:.string:stopBits</name>
         <load_address>0x20010c4e</load_address>
         <run_address>0x20010c4e</run_address>
         <size>0x2</size>
         <input_file_ref idref="fl-13"/>
      </object_component>
      <object_component id="oc-299">
         <name>.const:GPIOCC32XX_config</name>
         <load_address>0x20010c50</load_address>
         <run_address>0x20010c50</run_address>
         <size>0x14</size>
         <input_file_ref idref="fl-4"/>
      </object_component>
      <object_component id="oc-2dc">
         <name>.const:gpioBaseAddresses</name>
         <load_address>0x20010c64</load_address>
         <run_address>0x20010c64</run_address>
         <size>0x14</size>
         <input_file_ref idref="fl-10"/>
      </object_component>
      <object_component id="oc-2c4">
         <name>.const:powerResources</name>
         <load_address>0x20010c78</load_address>
         <run_address>0x20010c78</run_address>
         <size>0x14</size>
         <input_file_ref idref="fl-10"/>
      </object_component>
      <object_component id="oc-668">
         <name>.const:udmaCC3220SHWAttrs</name>
         <load_address>0x20010c8c</load_address>
         <run_address>0x20010c8c</run_address>
         <size>0xc</size>
         <input_file_ref idref="fl-4"/>
      </object_component>
      <object_component id="oc-342">
         <name>.const:UART2_config</name>
         <load_address>0x20010c98</load_address>
         <run_address>0x20010c98</run_address>
         <size>0x8</size>
         <input_file_ref idref="fl-4"/>
      </object_component>
      <object_component id="oc-476">
         <name>.const:UDMACC32XX_config</name>
         <load_address>0x20010ca0</load_address>
         <run_address>0x20010ca0</run_address>
         <size>0x8</size>
         <input_file_ref idref="fl-4"/>
      </object_component>
      <object_component id="oc-2ca">
         <name>.const:outPinTypes</name>
         <load_address>0x20010ca8</load_address>
         <run_address>0x20010ca8</run_address>
         <size>0x8</size>
         <input_file_ref idref="fl-10"/>
      </object_component>
      <object_component id="oc-2d9">
         <name>.const:.string:interruptType</name>
         <load_address>0x20010cb0</load_address>
         <run_address>0x20010cb0</run_address>
         <size>0x6</size>
         <input_file_ref idref="fl-10"/>
      </object_component>
      <object_component id="oc-2cd">
         <name>.const:inPinTypes</name>
         <load_address>0x20010cb6</load_address>
         <run_address>0x20010cb6</run_address>
         <size>0x6</size>
         <input_file_ref idref="fl-10"/>
      </object_component>
      <object_component id="oc-2c7">
         <name>.const:outPinStrengths</name>
         <load_address>0x20010cbc</load_address>
         <run_address>0x20010cbc</run_address>
         <size>0x6</size>
         <input_file_ref idref="fl-10"/>
      </object_component>
      <object_component id="oc-4e4">
         <name>.const:.string:parityType</name>
         <load_address>0x20010cc2</load_address>
         <run_address>0x20010cc2</run_address>
         <size>0x5</size>
         <input_file_ref idref="fl-13"/>
      </object_component>
      <object_component id="oc-4ea">
         <name>.const:.string:dataLength</name>
         <load_address>0x20010cc7</load_address>
         <run_address>0x20010cc7</run_address>
         <size>0x4</size>
         <input_file_ref idref="fl-13"/>
      </object_component>
      <object_component id="oc-2d0">
         <name>.const:.string:portInterruptIds</name>
         <load_address>0x20010ccb</load_address>
         <run_address>0x20010ccb</run_address>
         <size>0x4</size>
         <input_file_ref idref="fl-10"/>
      </object_component>
      <object_component id="oc-804">
         <name>.cinit..data.load</name>
         <load_address>0x2000fa60</load_address>
         <run_address>0x2000fa60</run_address>
         <size>0xc0</size>
      </object_component>
      <object_component id="oc-802">
         <name>__TI_handler_table</name>
         <load_address>0x2000fb20</load_address>
         <run_address>0x2000fb20</run_address>
         <size>0xc</size>
      </object_component>
      <object_component id="oc-805">
         <name>.cinit..bss.load</name>
         <load_address>0x2000fb30</load_address>
         <run_address>0x2000fb30</run_address>
         <size>0x8</size>
      </object_component>
      <object_component id="oc-803">
         <name>__TI_cinit_table</name>
         <load_address>0x2000fb38</load_address>
         <run_address>0x2000fb38</run_address>
         <size>0x10</size>
      </object_component>
      <object_component id="oc-42a">
         <name>.data:gpioPinConfigs</name>
         <load_address>0x20010994</load_address>
         <run_address>0x20010994</run_address>
         <size>0x4</size>
         <input_file_ref idref="fl-4"/>
      </object_component>
      <object_component id="oc-42d">
         <name>.data:gpioCallbackFunctions</name>
         <load_address>0x20010990</load_address>
         <run_address>0x20010990</run_address>
         <size>0x4</size>
         <input_file_ref idref="fl-4"/>
      </object_component>
      <object_component id="oc-3c7">
         <name>.data:parkInfo</name>
         <load_address>0x2001085c</load_address>
         <run_address>0x2001085c</run_address>
         <size>0xf8</size>
         <input_file_ref idref="fl-4"/>
      </object_component>
      <object_component id="oc-296">
         <name>.data</name>
         <load_address>0x20010954</load_address>
         <run_address>0x20010954</run_address>
         <size>0x9</size>
         <input_file_ref idref="fl-10"/>
      </object_component>
      <object_component id="oc-25d">
         <name>.data:PowerCC32XX_module</name>
         <load_address>0x200106f0</load_address>
         <run_address>0x200106f0</run_address>
         <size>0x16c</size>
         <input_file_ref idref="fl-11"/>
      </object_component>
      <object_component id="oc-473">
         <name>.data</name>
         <load_address>0x20010978</load_address>
         <run_address>0x20010978</run_address>
         <size>0x8</size>
         <input_file_ref idref="fl-15"/>
      </object_component>
      <object_component id="oc-40a">
         <name>.data</name>
         <load_address>0x2001095d</load_address>
         <run_address>0x2001095d</run_address>
         <size>0x3</size>
         <input_file_ref idref="fl-17"/>
      </object_component>
      <object_component id="oc-626">
         <name>.data:SemaphoreP_defaultParams</name>
         <load_address>0x20010970</load_address>
         <run_address>0x20010970</run_address>
         <size>0x8</size>
         <input_file_ref idref="fl-17"/>
      </object_component>
      <object_component id="oc-614">
         <name>.data</name>
         <load_address>0x20010988</load_address>
         <run_address>0x20010988</run_address>
         <size>0x5</size>
         <input_file_ref idref="fl-18"/>
      </object_component>
      <object_component id="oc-4ef">
         <name>.data:HwiP_dispatchTable</name>
         <load_address>0x200103e4</load_address>
         <run_address>0x200103e4</run_address>
         <size>0x30c</size>
         <input_file_ref idref="fl-19"/>
      </object_component>
      <object_component id="oc-4f8">
         <name>.data</name>
         <load_address>0x20010980</load_address>
         <run_address>0x20010980</run_address>
         <size>0x8</size>
         <input_file_ref idref="fl-19"/>
      </object_component>
      <object_component id="oc-746">
         <name>.data:$O1$$</name>
         <load_address>0x20010968</load_address>
         <run_address>0x20010968</run_address>
         <size>0x8</size>
         <input_file_ref idref="fl-e1"/>
      </object_component>
      <object_component id="oc-1f8">
         <name>.data:$O1$$</name>
         <load_address>0x20010960</load_address>
         <run_address>0x20010960</run_address>
         <size>0x8</size>
         <input_file_ref idref="fl-e9"/>
      </object_component>
      <object_component id="oc-754">
         <name>.bss:dmaControlTable</name>
         <uninitialized>true</uninitialized>
         <run_address>0x2000fc00</run_address>
         <size>0x400</size>
         <input_file_ref idref="fl-4"/>
      </object_component>
      <object_component id="oc-6a8">
         <name>.bss:uart2RxRingBuffer0</name>
         <uninitialized>true</uninitialized>
         <run_address>0x2001034c</run_address>
         <size>0x20</size>
         <input_file_ref idref="fl-4"/>
      </object_component>
      <object_component id="oc-6ab">
         <name>.bss:uart2TxRingBuffer0</name>
         <uninitialized>true</uninitialized>
         <run_address>0x2001036c</run_address>
         <size>0x20</size>
         <input_file_ref idref="fl-4"/>
      </object_component>
      <object_component id="oc-2a5">
         <name>.bss:gpioCallbackInfo</name>
         <uninitialized>true</uninitialized>
         <run_address>0x2001032c</run_address>
         <size>0x20</size>
         <input_file_ref idref="fl-10"/>
      </object_component>
      <object_component id="oc-29c">
         <name>.bss:powerNotifyObj</name>
         <uninitialized>true</uninitialized>
         <run_address>0x200103a0</run_address>
         <size>0x14</size>
         <input_file_ref idref="fl-10"/>
      </object_component>
      <object_component id="oc-295">
         <name>.bss</name>
         <uninitialized>true</uninitialized>
         <run_address>0x200103b4</run_address>
         <size>0x4</size>
         <input_file_ref idref="fl-10"/>
      </object_component>
      <object_component id="oc-47a">
         <name>.bss:postNotifyObj</name>
         <uninitialized>true</uninitialized>
         <run_address>0x2001038c</run_address>
         <size>0x14</size>
         <input_file_ref idref="fl-15"/>
      </object_component>
      <object_component id="oc-6a4">
         <name>.bss</name>
         <uninitialized>true</uninitialized>
         <run_address>0x200103e0</run_address>
         <size>0x4</size>
         <input_file_ref idref="fl-18"/>
      </object_component>
      <object_component id="oc-6e7">
         <name>.bss</name>
         <uninitialized>true</uninitialized>
         <run_address>0x200103c8</run_address>
         <size>0xd</size>
         <input_file_ref idref="fl-1c"/>
      </object_component>
      <object_component id="oc-667">
         <name>.common:udmaCC3220SObject</name>
         <uninitialized>true</uninitialized>
         <run_address>0x200103d8</run_address>
         <size>0x8</size>
      </object_component>
      <object_component id="oc-50d">
         <name>.common:uart2CC32XXObjects0</name>
         <uninitialized>true</uninitialized>
         <run_address>0x20010000</run_address>
         <size>0x200</size>
      </object_component>
      <object_component id="oc-787">
         <name>.common:PowerCC32XX_contextSave</name>
         <uninitialized>true</uninitialized>
         <run_address>0x20010200</run_address>
         <size>0x12c</size>
      </object_component>
      <object_component id="oc-e1">
         <name>.common:ClockP_ctrl</name>
         <uninitialized>true</uninitialized>
         <run_address>0x200103b8</run_address>
         <size>0x10</size>
      </object_component>
      <object_component id="oc-2a">
         <name>.sysmem</name>
         <uninitialized>true</uninitialized>
         <run_address>0x20004040</run_address>
         <size>0x10</size>
         <input_file_ref idref="fl-e1"/>
      </object_component>
      <object_component id="oc-808">
         <name>.sysmem</name>
         <uninitialized>true</uninitialized>
         <run_address>0x20004040</run_address>
         <size>0x0</size>
      </object_component>
      <object_component id="oc-2d">
         <name>.stack</name>
         <uninitialized>true</uninitialized>
         <run_address>0x20003000</run_address>
         <size>0x4</size>
         <input_file_ref idref="fl-e2"/>
      </object_component>
      <object_component id="oc-807">
         <name>.stack</name>
         <uninitialized>true</uninitialized>
         <run_address>0x20003000</run_address>
         <size>0x0</size>
      </object_component>
      <object_component id="oc-27">
         <name>.resetVecs:retain</name>
         <load_address>0x20004000</load_address>
         <run_address>0x20004000</run_address>
         <size>0x40</size>
         <input_file_ref idref="fl-1b"/>
      </object_component>
      <object_component id="oc-bb">
         <name>.ramVecs</name>
         <uninitialized>true</uninitialized>
         <run_address>0x20000000</run_address>
         <size>0x30c</size>
         <input_file_ref idref="fl-1b"/>
      </object_component>
      <object_component id="oc-14d">
         <name>.debug_info</name>
         <load_address>0x0</load_address>
         <run_address>0x0</run_address>
         <size>0x1ba</size>
         <input_file_ref idref="fl-2"/>
      </object_component>
      <object_component id="oc-11e">
         <name>.debug_info</name>
         <load_address>0x1ba</load_address>
         <run_address>0x1ba</run_address>
         <size>0x152</size>
         <input_file_ref idref="fl-2"/>
      </object_component>
      <object_component id="oc-e7">
         <name>.debug_info</name>
         <load_address>0x30c</load_address>
         <run_address>0x30c</run_address>
         <size>0x26b</size>
         <input_file_ref idref="fl-2"/>
      </object_component>
      <object_component id="oc-36">
         <name>.debug_info</name>
         <load_address>0x577</load_address>
         <run_address>0x577</run_address>
         <size>0x84</size>
         <input_file_ref idref="fl-2"/>
      </object_component>
      <object_component id="oc-148">
         <name>.debug_info</name>
         <load_address>0x5fb</load_address>
         <run_address>0x5fb</run_address>
         <size>0x2a4</size>
         <input_file_ref idref="fl-2"/>
      </object_component>
      <object_component id="oc-21b">
         <name>.debug_info</name>
         <load_address>0x89f</load_address>
         <run_address>0x89f</run_address>
         <size>0xef</size>
         <input_file_ref idref="fl-2"/>
      </object_component>
      <object_component id="oc-12f">
         <name>.debug_info</name>
         <load_address>0x98e</load_address>
         <run_address>0x98e</run_address>
         <size>0xbb</size>
         <input_file_ref idref="fl-2"/>
      </object_component>
      <object_component id="oc-1ef">
         <name>.debug_info</name>
         <load_address>0xa49</load_address>
         <run_address>0xa49</run_address>
         <size>0x53</size>
         <input_file_ref idref="fl-2"/>
      </object_component>
      <object_component id="oc-1a3">
         <name>.debug_info</name>
         <load_address>0xa9c</load_address>
         <run_address>0xa9c</run_address>
         <size>0x38d</size>
         <input_file_ref idref="fl-3"/>
      </object_component>
      <object_component id="oc-1e7">
         <name>.debug_info</name>
         <load_address>0xe29</load_address>
         <run_address>0xe29</run_address>
         <size>0xea</size>
         <input_file_ref idref="fl-3"/>
      </object_component>
      <object_component id="oc-15f">
         <name>.debug_info</name>
         <load_address>0xf13</load_address>
         <run_address>0xf13</run_address>
         <size>0x29e</size>
[...]
      </symbol>
      <symbol id="sm-612">
         <name>List_put</name>
         <value>0x2000f4a5</value>
         <object_component_ref idref="oc-40f"/>
      </symbol>
      <symbol id="sm-657">
         <name>UDMACC32XX_open</name>
         <value>0x2000e26d</value>
         <object_component_ref idref="oc-30f"/>
      </symbol>
      <symbol id="sm-658">
         <name>UDMACC32XX_close</name>
         <value>0x2000f2bd</value>
         <object_component_ref idref="oc-4a7"/>
      </symbol>
      <symbol id="sm-659">
         <name>UDMACC32XX_init</name>
         <value>0x2000ee91</value>
         <object_component_ref idref="oc-309"/>
      </symbol>
      <symbol id="sm-6e4">
         <name>SemaphoreP_defaultParams</name>
         <value>0x20010970</value>
         <object_component_ref idref="oc-626"/>
      </symbol>
      <symbol id="sm-6e5">
         <name>SemaphoreP_construct</name>
         <value>0x2000e909</value>
         <object_component_ref idref="oc-4fc"/>
      </symbol>
      <symbol id="sm-6e6">
         <name>SemaphoreP_create</name>
         <value>0x2000f7b5</value>
         <object_component_ref idref="oc-3d4"/>
      </symbol>
      <symbol id="sm-6e7">
         <name>SemaphoreP_destruct</name>
         <value>0x2000e363</value>
         <object_component_ref idref="oc-4a1"/>
      </symbol>
      <symbol id="sm-6e8">
         <name>SemaphoreP_post</name>
         <value>0x2000ecc1</value>
         <object_component_ref idref="oc-28f"/>
      </symbol>
      <symbol id="sm-6e9">
         <name>SemaphoreP_pend</name>
         <value>0x2000dc4d</value>
         <object_component_ref idref="oc-27d"/>
      </symbol>
      <symbol id="sm-6ea">
         <name>SemaphoreP_delete</name>
         <value>0x2000fa4f</value>
         <object_component_ref idref="oc-277"/>
      </symbol>
      <symbol id="sm-6eb">
         <name>SemaphoreP_createBinary</name>
         <value>0x2000f691</value>
         <object_component_ref idref="oc-265"/>
      </symbol>
      <symbol id="sm-6ec">
         <name>SemaphoreP_constructBinary</name>
         <value>0x2000f601</value>
         <object_component_ref idref="oc-32d"/>
      </symbol>
      <symbol id="sm-6ed">
         <name>SemaphoreP_Params_init</name>
         <value>0x2000f91d</value>
         <object_component_ref idref="oc-3ce"/>
      </symbol>
      <symbol id="sm-6ee">
         <name>clkFxn</name>
         <value>0x2000f14f</value>
         <object_component_ref idref="oc-404"/>
      </symbol>
      <symbol id="sm-7c8">
         <name>ClockP_ctrl</name>
         <value>0x200103b8</value>
      </symbol>
      <symbol id="sm-7c9">
         <name>ClockP_doTick</name>
         <value>0x2000e8b9</value>
         <object_component_ref idref="oc-79"/>
      </symbol>
      <symbol id="sm-7ca">
         <name>ClockP_setTimeout</name>
         <value>0x2000fa47</value>
         <object_component_ref idref="oc-58a"/>
      </symbol>
      <symbol id="sm-7cb">
         <name>ClockP_startup</name>
         <value>0x2000f185</value>
         <object_component_ref idref="oc-504"/>
      </symbol>
      <symbol id="sm-7cc">
         <name>ClockP_stop</name>
         <value>0x2000ebf5</value>
         <object_component_ref idref="oc-590"/>
      </symbol>
      <symbol id="sm-7cd">
         <name>ClockP_construct</name>
         <value>0x2000edd1</value>
         <object_component_ref idref="oc-339"/>
      </symbol>
      <symbol id="sm-7ce">
         <name>ClockP_getTicksUntilInterrupt</name>
         <value>0x2000f151</value>
         <object_component_ref idref="oc-5e0"/>
      </symbol>
      <symbol id="sm-7cf">
         <name>ClockP_setTicks</name>
         <value>0x2000f8dd</value>
         <object_component_ref idref="oc-608"/>
      </symbol>
      <symbol id="sm-7d0">
         <name>ClockP_tickPeriod</name>
         <value>0x20010988</value>
         <object_component_ref idref="oc-614"/>
      </symbol>
      <symbol id="sm-7d1">
         <name>ClockP_Params_init</name>
         <value>0x2000fa0f</value>
         <object_component_ref idref="oc-333"/>
      </symbol>
      <symbol id="sm-7d2">
         <name>ClockP_getSystemTicks</name>
         <value>0x2000f8cd</value>
         <object_component_ref idref="oc-5ec"/>
      </symbol>
      <symbol id="sm-7d3">
         <name>ClockP_destruct</name>
         <value>0x2000ef11</value>
         <object_component_ref idref="oc-3fe"/>
      </symbol>
      <symbol id="sm-7d4">
         <name>ClockP_start</name>
         <value>0x2000f325</value>
         <object_component_ref idref="oc-3ec"/>
      </symbol>
      <symbol id="sm-7d5">
         <name>ClockP_sysTickHandler</name>
         <value>0x2000e8b9</value>
         <object_component_ref idref="oc-79"/>
      </symbol>
      <symbol id="sm-7d6">
         <name>ClockP_isActive</name>
         <value>0x2000fa19</value>
         <object_component_ref idref="oc-3f8"/>
      </symbol>
      <symbol id="sm-7d7">
         <name>ClockP_getCpuFreq</name>
         <value>0x2000f8bd</value>
         <object_component_ref idref="oc-4c6"/>
      </symbol>
      <symbol id="sm-7d8">
         <name>ClockP_add</name>
         <value>0x2000f8ad</value>
         <object_component_ref idref="oc-3e6"/>
      </symbol>
      <symbol id="sm-862">
         <name>HwiP_construct</name>
         <value>0x2000df49</value>
         <object_component_ref idref="oc-327"/>
      </symbol>
      <symbol id="sm-863">
         <name>HwiP_inISR</name>
         <value>0x2000f7e1</value>
         <object_component_ref idref="oc-41b"/>
      </symbol>
      <symbol id="sm-864">
         <name>HwiP_dispatch</name>
         <value>0x2000f4f1</value>
         <object_component_ref idref="oc-4f2"/>
      </symbol>
      <symbol id="sm-865">
         <name>HwiP_destruct</name>
         <value>0x2000f581</value>
         <object_component_ref idref="oc-49b"/>
      </symbol>
      <symbol id="sm-866">
         <name>HwiP_clearInterrupt</name>
         <value>0x2000f95d</value>
         <object_component_ref idref="oc-321"/>
      </symbol>
      <symbol id="sm-867">
         <name>HwiP_swiPIntNum</name>
         <value>0x20010984</value>
         <object_component_ref idref="oc-4f8"/>
      </symbol>
      <symbol id="sm-868">
         <name>HwiP_Params_init</name>
         <value>0x2000f831</value>
         <object_component_ref idref="oc-2b5"/>
      </symbol>
      <symbol id="sm-869">
         <name>HwiP_disable</name>
         <value>0x2000f96b</value>
         <object_component_ref idref="oc-26b"/>
      </symbol>
      <symbol id="sm-86a">
         <name>HwiP_interruptsEnabled</name>
         <value>0x2000f8ed</value>
         <object_component_ref idref="oc-572"/>
      </symbol>
      <symbol id="sm-86b">
         <name>HwiP_key</name>
         <value>0x20010980</value>
         <object_component_ref idref="oc-4f8"/>
      </symbol>
      <symbol id="sm-86c">
         <name>HwiP_create</name>
         <value>0x2000f3b1</value>
         <object_component_ref idref="oc-2bb"/>
      </symbol>
      <symbol id="sm-86d">
         <name>HwiP_post</name>
         <value>0x2000fa4b</value>
         <object_component_ref idref="oc-734"/>
      </symbol>
      <symbol id="sm-86e">
         <name>HwiP_enable</name>
         <value>0x2000f979</value>
         <object_component_ref idref="oc-158"/>
      </symbol>
      <symbol id="sm-86f">
         <name>HwiP_restore</name>
         <value>0x2000f8fd</value>
         <object_component_ref idref="oc-271"/>
      </symbol>
      <symbol id="sm-89f">
         <name>PowerCC32XX_initPolicy</name>
         <value>0x2000deb7</value>
         <object_component_ref idref="oc-3bb"/>
      </symbol>
      <symbol id="sm-8a0">
         <name>PowerCC32XX_sleepPolicy</name>
         <value>0x2000cf2d</value>
         <object_component_ref idref="oc-3c1"/>
      </symbol>
      <symbol id="sm-8f0">
         <name>resetISR</name>
         <value>0x2000f6ad</value>
         <object_component_ref idref="oc-21"/>
      </symbol>
      <symbol id="sm-8f1">
         <name>resetVectorAddr</name>
         <value>0x2000f6c0</value>
         <object_component_ref idref="oc-21"/>
      </symbol>
      <symbol id="sm-8f2">
         <name>initVectors</name>
         <value>0x2000f0a9</value>
         <object_component_ref idref="oc-59"/>
      </symbol>
      <symbol id="sm-8f3">
         <name>resetVectors</name>
         <value>0x20004000</value>
         <object_component_ref idref="oc-27"/>
      </symbol>
      <symbol id="sm-923">
         <name>SwiP_disable</name>
         <value>0x2000f659</value>
         <object_component_ref idref="oc-5d4"/>
      </symbol>
      <symbol id="sm-924">
         <name>SwiP_restore</name>
         <value>0x2000ed05</value>
         <object_component_ref idref="oc-60e"/>
      </symbol>
      <symbol id="sm-937">
         <name>CPUprimask</name>
         <value>0x2000fa05</value>
         <object_component_ref idref="oc-6c3"/>
      </symbol>
      <symbol id="sm-938">
         <name>CPUcpsid</name>
         <value>0x2000f7cb</value>
         <object_component_ref idref="oc-a3"/>
      </symbol>
      <symbol id="sm-97d">
         <name>IntVTableBaseSet</name>
         <value>0x2000f7f5</value>
         <object_component_ref idref="oc-af"/>
      </symbol>
      <symbol id="sm-97e">
         <name>IntEnable</name>
         <value>0x2000da59</value>
         <object_component_ref idref="oc-b5"/>
      </symbol>
      <symbol id="sm-97f">
         <name>IntMasterDisable</name>
         <value>0x2000fa23</value>
         <object_component_ref idref="oc-53"/>
      </symbol>
      <symbol id="sm-980">
         <name>IntPendSet</name>
         <value>0x2000dfd5</value>
         <object_component_ref idref="oc-7ac"/>
      </symbol>
      <symbol id="sm-9ba">
         <name>PinModeGet</name>
         <value>0x2000f1b9</value>
         <object_component_ref idref="oc-24a"/>
      </symbol>
      <symbol id="sm-9bb">
         <name>PinConfigSet</name>
         <value>0x2000e05d</value>
         <object_component_ref idref="oc-2a9"/>
      </symbol>
      <symbol id="sm-9bc">
         <name>PinModeSet</name>
         <value>0x2000ee11</value>
         <object_component_ref idref="oc-250"/>
      </symbol>
      <symbol id="sm-9bd">
         <name>PinToPadGet</name>
         <value>0x2000f63d</value>
         <object_component_ref idref="oc-4bf"/>
      </symbol>
      <symbol id="sm-a86">
         <name>PRCMLPDSRestoreInfoSet</name>
         <value>0x2000ec39</value>
         <object_component_ref idref="oc-78e"/>
      </symbol>
      <symbol id="sm-a87">
         <name>PRCMPeripheralReset</name>
         <value>0x2000e761</value>
         <object_component_ref idref="oc-23e"/>
      </symbol>
      <symbol id="sm-a88">
         <name>PRCMLPDSEnter</name>
         <value>0x2000ead5</value>
         <object_component_ref idref="oc-725"/>
      </symbol>
      <symbol id="sm-a89">
         <name>PRCMPeripheralClkEnable</name>
         <value>0x2000eb1d</value>
         <object_component_ref idref="oc-238"/>
      </symbol>
      <symbol id="sm-a8a">
         <name>PRCMLPDSEnterKeepDebugIf</name>
         <value>0x2000f001</value>
         <object_component_ref idref="oc-72b"/>
      </symbol>
      <symbol id="sm-a8b">
         <name>PRCMCC3200MCUInit</name>
         <value>0x2000c041</value>
         <object_component_ref idref="oc-1a8"/>
      </symbol>
      <symbol id="sm-a8c">
         <name>PRCMHIBRegWrite</name>
         <value>0x2000f79f</value>
         <object_component_ref idref="oc-22c"/>
      </symbol>
      <symbol id="sm-a8d">
         <name>PRCMSysResetCauseGet</name>
         <value>0x2000e5f1</value>
         <object_component_ref idref="oc-225"/>
      </symbol>
      <symbol id="sm-a8e">
         <name>PRCMPeripheralClkDisable</name>
         <value>0x2000f405</value>
         <object_component_ref idref="oc-244"/>
      </symbol>
      <symbol id="sm-a8f">
         <name>PRCMHIBRegRead</name>
         <value>0x2000f789</value>
         <object_component_ref idref="oc-232"/>
      </symbol>
      <symbol id="sm-ac1">
         <name>UARTIntEnable</name>
         <value>0x2000f759</value>
         <object_component_ref idref="oc-4d8"/>
      </symbol>
      <symbol id="sm-ac2">
         <name>UARTIntDisable</name>
         <value>0x2000f741</value>
         <object_component_ref idref="oc-489"/>
      </symbol>
      <symbol id="sm-ac3">
         <name>UARTRxErrorGet</name>
         <value>0x2000f879</value>
         <object_component_ref idref="oc-51b"/>
      </symbol>
      <symbol id="sm-ac4">
         <name>UARTEnable</name>
         <value>0x2000f539</value>
         <object_component_ref idref="oc-4d2"/>
      </symbol>
      <symbol id="sm-ac5">
         <name>UARTIntClear</name>
         <value>0x2000f867</value>
         <object_component_ref idref="oc-4cc"/>
      </symbol>
      <symbol id="sm-ac6">
         <name>UARTDMADisable</name>
         <value>0x2000f729</value>
         <object_component_ref idref="oc-48f"/>
      </symbol>
      <symbol id="sm-af9">
         <name>uDMAChannelIsEnabled</name>
         <value>0x2000f47d</value>
         <object_component_ref idref="oc-527"/>
      </symbol>
      <symbol id="sm-afa">
         <name>uDMAErrorStatusGet</name>
         <value>0x2000f9f9</value>
         <object_component_ref idref="oc-7bb"/>
      </symbol>
      <symbol id="sm-afb">
         <name>uDMAErrorStatusClear</name>
         <value>0x2000f9ed</value>
         <object_component_ref idref="oc-7c1"/>
      </symbol>
      <symbol id="sm-afc">
         <name>uDMAChannelAttributeDisable</name>
         <value>0x2000e58d</value>
         <object_component_ref idref="oc-4de"/>
      </symbol>
      <symbol id="sm-b00">
         <name>UtilsDelay</name>
         <value>0x2000fa41</value>
         <object_component_ref idref="oc-22b"/>
      </symbol>
      <symbol id="sm-b10">
         <name>FlashDisable</name>
         <value>0x2000ea8d</value>
         <object_component_ref idref="oc-7a4"/>
      </symbol>
      <symbol id="sm-b19">
         <name>__aeabi_lmul</name>
         <value>0x2000f771</value>
         <object_component_ref idref="oc-603"/>
      </symbol>
      <symbol id="sm-b34">
         <name>memcpy</name>
         <value>0x2000dced</value>
         <object_component_ref idref="oc-3b"/>
      </symbol>
      <symbol id="sm-b35">
         <name>__aeabi_memcpy</name>
         <value>0x2000dced</value>
         <object_component_ref idref="oc-3b"/>
      </symbol>
      <symbol id="sm-b36">
         <name>__aeabi_memcpy8</name>
         <value>0x2000dced</value>
         <object_component_ref idref="oc-3b"/>
      </symbol>
      <symbol id="sm-b37">
         <name>__aeabi_memcpy4</name>
         <value>0x2000dced</value>
         <object_component_ref idref="oc-3b"/>
      </symbol>
      <symbol id="sm-b44">
         <name>__aeabi_uldivmod</name>
         <value>0x2000de21</value>
         <object_component_ref idref="oc-5f8"/>
      </symbol>
      <symbol id="sm-b56">
         <name>__TI_zero_init</name>
         <value>0x2000f9e1</value>
         <object_component_ref idref="oc-4d"/>
      </symbol>
      <symbol id="sm-b6d">
         <name>__TI_decompress_none</name>
         <value>0x2000f995</value>
         <object_component_ref idref="oc-1a"/>
      </symbol>
      <symbol id="sm-b90">
         <name>__TI_decompress_lzss</name>
         <value>0x2000e4c1</value>
         <object_component_ref idref="oc-14"/>
      </symbol>
      <symbol id="sm-c19">
         <name>_sys_memory</name>
         <value>0x20004040</value>
         <object_component_ref idref="oc-2a"/>
      </symbol>
      <symbol id="sm-c1a">
         <name>free</name>
         <value>0x2000d729</value>
         <object_component_ref idref="oc-3df"/>
      </symbol>
      <symbol id="sm-c1b">
         <name>memalign</name>
         <value>0x2000d461</value>
         <object_component_ref idref="oc-65c"/>
      </symbol>
      <symbol id="sm-c1c">
         <name>malloc</name>
         <value>0x2000fa2d</value>
         <object_component_ref idref="oc-440"/>
      </symbol>
      <symbol id="sm-c1d">
         <name>aligned_alloc</name>
         <value>0x2000d461</value>
         <object_component_ref idref="oc-65c"/>
      </symbol>
      <symbol id="sm-c2f">
         <name>__stack</name>
         <value>0x20003000</value>
         <object_component_ref idref="oc-2d"/>
      </symbol>
      <symbol id="sm-c30">
         <name>_c_int00_noargs</name>
         <value>0x2000f55d</value>
         <object_component_ref idref="oc-c5"/>
      </symbol>
      <symbol id="sm-c3a">
         <name>__aeabi_idiv0</name>
         <value>0x2000f7df</value>
         <object_component_ref idref="oc-6f6"/>
      </symbol>
      <symbol id="sm-c3b">
         <name>__aeabi_ldiv0</name>
         <value>0x2000f7df</value>
         <object_component_ref idref="oc-6f6"/>
      </symbol>
      <symbol id="sm-c4a">
         <name>__aeabi_memset</name>
         <value>0x2000e2eb</value>
         <object_component_ref idref="oc-9d"/>
      </symbol>
      <symbol id="sm-c4b">
         <name>memset</name>
         <value>0x2000e2f1</value>
         <object_component_ref idref="oc-9d"/>
      </symbol>
      <symbol id="sm-c4c">
         <name>__aeabi_memset8</name>
         <value>0x2000e2eb</value>
         <object_component_ref idref="oc-9d"/>
      </symbol>
      <symbol id="sm-c4d">
         <name>__aeabi_memset4</name>
         <value>0x2000e2eb</value>
         <object_component_ref idref="oc-9d"/>
      </symbol>
      <symbol id="sm-c4e">
         <name>__aeabi_memclr8</name>
         <value>0x2000e2e9</value>
         <object_component_ref idref="oc-9d"/>
      </symbol>
      <symbol id="sm-c4f">
         <name>__aeabi_memclr4</name>
         <value>0x2000e2e9</value>
         <object_component_ref idref="oc-9d"/>
      </symbol>
      <symbol id="sm-c50">
         <name>__aeabi_memclr</name>
         <value>0x2000e2e9</value>
         <object_component_ref idref="oc-9d"/>
      </symbol>
      <symbol id="sm-c78">
         <name>__TI_auto_init_nobinit_nopinit</name>
         <value>0x2000ed8d</value>
         <object_component_ref idref="oc-171"/>
      </symbol>
      <symbol id="sm-c82">
         <name>_system_pre_init</name>
         <value>0x2000fa53</value>
         <object_component_ref idref="oc-114"/>
      </symbol>
      <symbol id="sm-c8e">
         <name>C$$EXIT</name>
         <value>0x2000fa57</value>
         <object_component_ref idref="oc-165"/>
      </symbol>
      <symbol id="sm-c8f">
         <name>abort</name>
         <value>0x2000fa57</value>
         <object_component_ref idref="oc-165"/>
      </symbol>
      <symbol id="sm-ca4">
         <name>_nop</name>
         <value>0x2000ef0f</value>
         <object_component_ref idref="oc-383"/>
      </symbol>
      <symbol id="sm-ca5">
         <name>_lock</name>
         <value>0x20010960</value>
         <object_component_ref idref="oc-1f8"/>
      </symbol>
      <symbol id="sm-ca6">
         <name>_unlock</name>
         <value>0x20010964</value>
         <object_component_ref idref="oc-1f8"/>
      </symbol>
      <symbol id="sm-ca8">
         <name>__TI_static_base__</name>
         <value>0x2000fa60</value>
      </symbol>
      <symbol id="sm-cab">
         <name>ITM_flush</name>
         <value>0x0</value>
      </symbol>
      <symbol id="sm-cac">
         <name>ITM_restore</name>
         <value>0x0</value>
      </symbol>
      <symbol id="sm-cad">
         <name>__mpu_init</name>
         <value>0x0</value>
      </symbol>
      <symbol id="sm-cae">
         <name>_system_post_cinit</name>
         <value>0x0</value>
      </symbol>
      <symbol id="sm-caf">
         <name>NoRTOS_start</name>
         <value>0x2000f979</value>
      </symbol>
   </symbol_table>
   <title>Link successful</title>
</link_info>
