<?xml version="1.0" encoding="ISO-8859-1" ?>
<link_info>
   <banner>TI ARM Linker PC v20.2.7.LTS</banner>
   <copyright>Copyright (c) 1996-2018 Texas Instruments Incorporated</copyright>
   <link_time>0x661eae96</link_time>
   <link_errors>0x0</link_errors>
   <output_file>gpiointerrupt_CC3220S_LAUNCHXL_nortos_ccs.out</output_file>
   <entry_point>
      <name>resetISR</name>
      <address>0x20012151</address>
   </entry_point>
   <input_file_list>
      <input_file id="fl-2">
         <path>.\</path>
         <kind>object</kind>
         <file>gpiointerrupt.obj</file>
         <name>gpiointerrupt.obj</name>
      </input_file>
      <input_file id="fl-3">
         <path>.\syscfg\</path>
         <kind>object</kind>
         <file>ti_drivers_config.obj</file>
         <name>ti_drivers_config.obj</name>
      </input_file>
      <input_file id="fl-4">
         <path>.\</path>
         <kind>object</kind>
         <file>main_nortos.obj</file>
         <name>main_nortos.obj</name>
      </input_file>
      <input_file id="fl-d">
         <kind>object</kind>
         <file>&lt;internal&gt;</file>
         <name>&lt;internal&gt;</name>
      </input_file>
      <input_file id="fl-e">
         <path>C:\ti\simplelink_cc32xx_sdk_4_30_00_06\source\ti\drivers\lib\ccs\m4\</path>
         <kind>archive</kind>
         <file>drivers_cc32xx.a</file>
         <name>I2C.oem4</name>
      </input_file>
      <input_file id="fl-f">
         <path>C:\ti\simplelink_cc32xx_sdk_4_30_00_06\source\ti\drivers\lib\ccs\m4\</path>
         <kind>archive</kind>
         <file>drivers_cc32xx.a</file>
         <name>Timer.oem4</name>
      </input_file>
      <input_file id="fl-10">
         <path>C:\ti\simplelink_cc32xx_sdk_4_30_00_06\source\ti\drivers\lib\ccs\m4\</path>
         <kind>archive</kind>
         <file>drivers_cc32xx.a</file>
         <name>UART.oem4</name>
      </input_file>
      <input_file id="fl-11">
         <path>C:\ti\simplelink_cc32xx_sdk_4_30_00_06\source\ti\drivers\lib\ccs\m4\</path>
         <kind>archive</kind>
         <file>drivers_cc32xx.a</file>
         <name>GPIOCC32XX.oem4</name>
      </input_file>
      <input_file id="fl-12">
         <path>C:\ti\simplelink_cc32xx_sdk_4_30_00_06\source\ti\drivers\lib\ccs\m4\</path>
         <kind>archive</kind>
         <file>drivers_cc32xx.a</file>
         <name>I2CCC32XX.oem4</name>
      </input_file>
      <input_file id="fl-13">
         <path>C:\ti\simplelink_cc32xx_sdk_4_30_00_06\source\ti\drivers\lib\ccs\m4\</path>
         <kind>archive</kind>
         <file>drivers_cc32xx.a</file>
         <name>PowerCC32XX.oem4</name>
      </input_file>
      <input_file id="fl-14">
         <path>C:\ti\simplelink_cc32xx_sdk_4_30_00_06\source\ti\drivers\lib\ccs\m4\</path>
         <kind>archive</kind>
         <file>drivers_cc32xx.a</file>
         <name>PowerCC32XX_asm.oem4</name>
      </input_file>
      <input_file id="fl-15">
         <path>C:\ti\simplelink_cc32xx_sdk_4_30_00_06\source\ti\drivers\lib\ccs\m4\</path>
         <kind>archive</kind>
         <file>drivers_cc32xx.a</file>
         <name>TimerCC32XX.oem4</name>
      </input_file>
      <input_file id="fl-16">
         <path>C:\ti\simplelink_cc32xx_sdk_4_30_00_06\source\ti\drivers\lib\ccs\m4\</path>
         <kind>archive</kind>
         <file>drivers_cc32xx.a</file>
         <name>UARTCC32XX.oem4</name>
      </input_file>
      <input_file id="fl-17">
         <path>C:\ti\simplelink_cc32xx_sdk_4_30_00_06\source\ti\drivers\lib\ccs\m4\</path>
         <kind>archive</kind>
         <file>drivers_cc32xx.a</file>
         <name>List.oem4</name>
      </input_file>
      <input_file id="fl-18">
         <path>C:\ti\simplelink_cc32xx_sdk_4_30_00_06\source\ti\drivers\lib\ccs\m4\</path>
         <kind>archive</kind>
         <file>drivers_cc32xx.a</file>
         <name>RingBuf.oem4</name>
      </input_file>
      <input_file id="fl-19">
         <path>C:\ti\simplelink_cc32xx_sdk_4_30_00_06\kernel\nortos\lib\ccs\m4\</path>
         <kind>archive</kind>
         <file>nortos_cc32xx.a</file>
         <name>NoRTOS.oem4</name>
      </input_file>
      <input_file id="fl-1a">
         <path>C:\ti\simplelink_cc32xx_sdk_4_30_00_06\kernel\nortos\lib\ccs\m4\</path>
         <kind>archive</kind>
         <file>nortos_cc32xx.a</file>
         <name>SemaphoreP_nortos.oem4</name>
      </input_file>
      <input_file id="fl-1b">
         <path>C:\ti\simplelink_cc32xx_sdk_4_30_00_06\kernel\nortos\lib\ccs\m4\</path>
         <kind>archive</kind>
         <file>nortos_cc32xx.a</file>
         <name>ClockPSysTick_nortos.oem4</name>
      </input_file>
      <input_file id="fl-1c">
         <path>C:\ti\simplelink_cc32xx_sdk_4_30_00_06\kernel\nortos\lib\ccs\m4\</path>
         <kind>archive</kind>
         <file>nortos_cc32xx.a</file>
         <name>HwiPCC32XX_nortos.oem4</name>
      </input_file>
      <input_file id="fl-1d">
         <path>C:\ti\simplelink_cc32xx_sdk_4_30_00_06\kernel\nortos\lib\ccs\m4\</path>
         <kind>archive</kind>
         <file>nortos_cc32xx.a</file>
         <name>PowerCC32XX_nortos.oem4</name>
      </input_file>
      <input_file id="fl-1e">
         <path>C:\ti\simplelink_cc32xx_sdk_4_30_00_06\kernel\nortos\lib\ccs\m4\</path>
         <kind>archive</kind>
         <file>nortos_cc32xx.a</file>
         <name>startup_cc32xx_ccs.oem4</name>
      </input_file>
      <input_file id="fl-1f">
         <path>C:\ti\simplelink_cc32xx_sdk_4_30_00_06\kernel\nortos\lib\ccs\m4\</path>
         <kind>archive</kind>
         <file>nortos_cc32xx.a</file>
         <name>SwiP_nortos.oem4</name>
      </input_file>
      <input_file id="fl-20">
         <path>C:\ti\simplelink_cc32xx_sdk_4_30_00_06\kernel\nortos\lib\ccs\m4\</path>
         <kind>archive</kind>
         <file>nortos_cc32xx.a</file>
         <name>QueueP_nortos.oem4</name>
      </input_file>
      <input_file id="fl-21">
         <path>C:\ti\simplelink_cc32xx_sdk_4_30_00_06\source\ti\devices\cc32xx\driverlib\ccs\Release\</path>
         <kind>archive</kind>
         <file>driverlib.a</file>
         <name>cpu.obj</name>
      </input_file>
      <input_file id="fl-22">
         <path>C:\ti\simplelink_cc32xx_sdk_4_30_00_06\source\ti\devices\cc32xx\driverlib\ccs\Release\</path>
         <kind>archive</kind>
         <file>driverlib.a</file>
         <name>i2c.obj</name>
      </input_file>
      <input_file id="fl-23">
         <path>C:\ti\simplelink_cc32xx_sdk_4_30_00_06\source\ti\devices\cc32xx\driverlib\ccs\Release\</path>
         <kind>archive</kind>
         <file>driverlib.a</file>
         <name>interrupt.obj</name>
      </input_file>
      <input_file id="fl-24">
         <path>C:\ti\simplelink_cc32xx_sdk_4_30_00_06\source\ti\devices\cc32xx\driverlib\ccs\Release\</path>
         <kind>archive</kind>
         <file>driverlib.a</file>
         <name>pin.obj</name>
      </input_file>
      <input_file id="fl-25">
         <path>C:\ti\simplelink_cc32xx_sdk_4_30_00_06\source\ti\devices\cc32xx\driverlib\ccs\Release\</path>
         <kind>archive</kind>
         <file>driverlib.a</file>
         <name>prcm.obj</name>
      </input_file>
      <input_file id="fl-26">
         <path>C:\ti\simplelink_cc32xx_sdk_4_30_00_06\source\ti\devices\cc32xx\driverlib\ccs\Release\</path>
         <kind>archive</kind>
         <file>driverlib.a</file>
         <name>timer.obj</name>
      </input_file>
      <input_file id="fl-27">
         <path>C:\ti\simplelink_cc32xx_sdk_4_30_00_06\source\ti\devices\cc32xx\driverlib\ccs\Release\</path>
         <kind>archive</kind>
         <file>driverlib.a</file>
         <name>uart.obj</name>
      </input_file>
      <input_file id="fl-28">
         <path>C:\ti\simplelink_cc32xx_sdk_4_30_00_06\source\ti\devices\cc32xx\driverlib\ccs\Release\</path>
         <kind>archive</kind>
         <file>driverlib.a</file>
         <name>utils.obj</name>
      </input_file>
      <input_file id="fl-29">
         <path>C:\ti\simplelink_cc32xx_sdk_4_30_00_06\source\ti\devices\cc32xx\driverlib\ccs\Release\</path>
         <kind>archive</kind>
         <file>driverlib.a</file>
         <name>flash.obj</name>
      </input_file>
      <input_file id="fl-df">
         <path>C:\ti\ccs1260\ccs\tools\compiler\ti-cgt-arm_20.2.7.LTS\lib\</path>
         <kind>archive</kind>
         <file>rtsv7M4_T_le_eabi.lib</file>
         <name>snprintf.c.obj</name>
      </input_file>
      <input_file id="fl-e0">
         <path>C:\ti\ccs1260\ccs\tools\compiler\ti-cgt-arm_20.2.7.LTS\lib\</path>
         <kind>archive</kind>
         <file>rtsv7M4_T_le_eabi.lib</file>
         <name>fs_mul_t2.asm.obj</name>
      </input_file>
      <input_file id="fl-e1">
         <path>C:\ti\ccs1260\ccs\tools\compiler\ti-cgt-arm_20.2.7.LTS\lib\</path>
         <kind>archive</kind>
         <file>rtsv7M4_T_le_eabi.lib</file>
         <name>fs_toi_t2.asm.obj</name>
      </input_file>
      <input_file id="fl-e2">
         <path>C:\ti\ccs1260\ccs\tools\compiler\ti-cgt-arm_20.2.7.LTS\lib\</path>
         <kind>archive</kind>
         <file>rtsv7M4_T_le_eabi.lib</file>
         <name>i_tofs_t2.asm.obj</name>
      </input_file>
      <input_file id="fl-e3">
         <path>C:\ti\ccs1260\ccs\tools\compiler\ti-cgt-arm_20.2.7.LTS\lib\</path>
         <kind>archive</kind>
         <file>rtsv7M4_T_le_eabi.lib</file>
         <name>ll_mul_t2.asm.obj</name>
      </input_file>
      <input_file id="fl-e4">
         <path>C:\ti\ccs1260\ccs\tools\compiler\ti-cgt-arm_20.2.7.LTS\lib\</path>
         <kind>archive</kind>
         <file>rtsv7M4_T_le_eabi.lib</file>
         <name>memcpy_t2.asm.obj</name>
      </input_file>
      <input_file id="fl-e5">
         <path>C:\ti\ccs1260\ccs\tools\compiler\ti-cgt-arm_20.2.7.LTS\lib\</path>
         <kind>archive</kind>
         <file>rtsv7M4_T_le_eabi.lib</file>
         <name>ull_div_t2.asm.obj</name>
      </input_file>
      <input_file id="fl-e6">
         <path>C:\ti\ccs1260\ccs\tools\compiler\ti-cgt-arm_20.2.7.LTS\lib\</path>
         <kind>archive</kind>
         <file>rtsv7M4_T_le_eabi.lib</file>
         <name>copy_zero_init.c.obj</name>
      </input_file>
      <input_file id="fl-e7">
         <path>C:\ti\ccs1260\ccs\tools\compiler\ti-cgt-arm_20.2.7.LTS\lib\</path>
         <kind>archive</kind>
         <file>rtsv7M4_T_le_eabi.lib</file>
         <name>copy_decompress_none.c.obj</name>
      </input_file>
      <input_file id="fl-e8">
         <path>C:\ti\ccs1260\ccs\tools\compiler\ti-cgt-arm_20.2.7.LTS\lib\</path>
         <kind>archive</kind>
         <file>rtsv7M4_T_le_eabi.lib</file>
         <name>copy_decompress_lzss.c.obj</name>
      </input_file>
      <input_file id="fl-e9">
         <path>C:\ti\ccs1260\ccs\tools\compiler\ti-cgt-arm_20.2.7.LTS\lib\</path>
         <kind>archive</kind>
         <file>rtsv7M4_T_le_eabi.lib</file>
         <name>memory.c.obj</name>
      </input_file>
      <input_file id="fl-ea">
         <path>C:\ti\ccs1260\ccs\tools\compiler\ti-cgt-arm_20.2.7.LTS\lib\</path>
         <kind>archive</kind>
         <file>rtsv7M4_T_le_eabi.lib</file>
         <name>boot_cortex_m.c.obj</name>
      </input_file>
      <input_file id="fl-eb">
         <path>C:\ti\ccs1260\ccs\tools\compiler\ti-cgt-arm_20.2.7.LTS\lib\</path>
         <kind>archive</kind>
         <file>rtsv7M4_T_le_eabi.lib</file>
         <name>_printfi.c.obj</name>
      </input_file>
      <input_file id="fl-ec">
         <path>C:\ti\ccs1260\ccs\tools\compiler\ti-cgt-arm_20.2.7.LTS\lib\</path>
         <kind>archive</kind>
         <file>rtsv7M4_T_le_eabi.lib</file>
         <name>div0.asm.obj</name>
      </input_file>
      <input_file id="fl-ed">
         <path>C:\ti\ccs1260\ccs\tools\compiler\ti-cgt-arm_20.2.7.LTS\lib\</path>
         <kind>archive</kind>
         <file>rtsv7M4_T_le_eabi.lib</file>
         <name>fd_add_t2.asm.obj</name>
      </input_file>
      <input_file id="fl-ee">
         <path>C:\ti\ccs1260\ccs\tools\compiler\ti-cgt-arm_20.2.7.LTS\lib\</path>
         <kind>archive</kind>
         <file>rtsv7M4_T_le_eabi.lib</file>
         <name>fd_cmp_t2.asm.obj</name>
      </input_file>
      <input_file id="fl-ef">
         <path>C:\ti\ccs1260\ccs\tools\compiler\ti-cgt-arm_20.2.7.LTS\lib\</path>
         <kind>archive</kind>
         <file>rtsv7M4_T_le_eabi.lib</file>
         <name>fd_div_t2.asm.obj</name>
      </input_file>
      <input_file id="fl-f0">
         <path>C:\ti\ccs1260\ccs\tools\compiler\ti-cgt-arm_20.2.7.LTS\lib\</path>
         <kind>archive</kind>
         <file>rtsv7M4_T_le_eabi.lib</file>
         <name>fd_mul_t2.asm.obj</name>
      </input_file>
      <input_file id="fl-f1">
         <path>C:\ti\ccs1260\ccs\tools\compiler\ti-cgt-arm_20.2.7.LTS\lib\</path>
         <kind>archive</kind>
         <file>rtsv7M4_T_le_eabi.lib</file>
         <name>fd_toi_t2.asm.obj</name>
      </input_file>
      <input_file id="fl-f2">
         <path>C:\ti\ccs1260\ccs\tools\compiler\ti-cgt-arm_20.2.7.LTS\lib\</path>
         <kind>archive</kind>
         <file>rtsv7M4_T_le_eabi.lib</file>
         <name>i_tofd_t2.asm.obj</name>
      </input_file>
      <input_file id="fl-f3">
         <path>C:\ti\ccs1260\ccs\tools\compiler\ti-cgt-arm_20.2.7.LTS\lib\</path>
         <kind>archive</kind>
         <file>rtsv7M4_T_le_eabi.lib</file>
         <name>memset_t2.asm.obj</name>
      </input_file>
      <input_file id="fl-f4">
         <path>C:\ti\ccs1260\ccs\tools\compiler\ti-cgt-arm_20.2.7.LTS\lib\</path>
         <kind>archive</kind>
         <file>rtsv7M4_T_le_eabi.lib</file>
         <name>autoinit.c.obj</name>
      </input_file>
      <input_file id="fl-f5">
         <path>C:\ti\ccs1260\ccs\tools\compiler\ti-cgt-arm_20.2.7.LTS\lib\</path>
         <kind>archive</kind>
         <file>rtsv7M4_T_le_eabi.lib</file>
         <name>pre_init.c.obj</name>
      </input_file>
      <input_file id="fl-f6">
         <path>C:\ti\ccs1260\ccs\tools\compiler\ti-cgt-arm_20.2.7.LTS\lib\</path>
         <kind>archive</kind>
         <file>rtsv7M4_T_le_eabi.lib</file>
         <name>cpy_tbl.c.obj</name>
      </input_file>
      <input_file id="fl-f7">
         <path>C:\ti\ccs1260\ccs\tools\compiler\ti-cgt-arm_20.2.7.LTS\lib\</path>
         <kind>archive</kind>
         <file>rtsv7M4_T_le_eabi.lib</file>
         <name>exit.c.obj</name>
      </input_file>
      <input_file id="fl-f8">
         <path>C:\ti\ccs1260\ccs\tools\compiler\ti-cgt-arm_20.2.7.LTS\lib\</path>
         <kind>archive</kind>
         <file>rtsv7M4_T_le_eabi.lib</file>
         <name>_lock.c.obj</name>
      </input_file>
      <input_file id="fl-f9">
         <path>C:\ti\ccs1260\ccs\tools\compiler\ti-cgt-arm_20.2.7.LTS\lib\</path>
         <kind>archive</kind>
         <file>rtsv7M4_T_le_eabi.lib</file>
         <name>_ltoa.c.obj</name>
      </input_file>
      <input_file id="fl-fa">
         <path>C:\ti\ccs1260\ccs\tools\compiler\ti-cgt-arm_20.2.7.LTS\lib\</path>
         <kind>archive</kind>
         <file>rtsv7M4_T_le_eabi.lib</file>
         <name>args_main.c.obj</name>
      </input_file>
      <input_file id="fl-fb">
         <path>C:\ti\ccs1260\ccs\tools\compiler\ti-cgt-arm_20.2.7.LTS\lib\</path>
         <kind>archive</kind>
         <file>rtsv7M4_T_le_eabi.lib</file>
         <name>atoi.c.obj</name>
      </input_file>
      <input_file id="fl-fc">
         <path>C:\ti\ccs1260\ccs\tools\compiler\ti-cgt-arm_20.2.7.LTS\lib\</path>
         <kind>archive</kind>
         <file>rtsv7M4_T_le_eabi.lib</file>
         <name>ctype.c.obj</name>
      </input_file>
      <input_file id="fl-fd">
         <path>C:\ti\ccs1260\ccs\tools\compiler\ti-cgt-arm_20.2.7.LTS\lib\</path>
         <kind>archive</kind>
         <file>rtsv7M4_T_le_eabi.lib</file>
         <name>memccpy.c.obj</name>
      </input_file>
      <input_file id="fl-fe">
         <path>C:\ti\ccs1260\ccs\tools\compiler\ti-cgt-arm_20.2.7.LTS\lib\</path>
         <kind>archive</kind>
         <file>rtsv7M4_T_le_eabi.lib</file>
         <name>strchr.c.obj</name>
      </input_file>
      <input_file id="fl-ff">
         <path>C:\ti\ccs1260\ccs\tools\compiler\ti-cgt-arm_20.2.7.LTS\lib\</path>
         <kind>archive</kind>
         <file>rtsv7M4_T_le_eabi.lib</file>
         <name>strlen.c.obj</name>
      </input_file>
      <input_file id="fl-100">
         <path>C:\ti\ccs1260\ccs\tools\compiler\ti-cgt-arm_20.2.7.LTS\lib\</path>
         <kind>archive</kind>
         <file>rtsv7M4_T_le_eabi.lib</file>
         <name>errno.c.obj</name>
      </input_file>
      <input_file id="fl-101">
         <path>C:\ti\ccs1260\ccs\tools\compiler\ti-cgt-arm_20.2.7.LTS\lib\</path>
         <kind>archive</kind>
         <file>rtsv7M4_T_le_eabi.lib</file>
         <name>wcslen.c.obj</name>
      </input_file>
      <input_file id="fl-102">
         <path>C:\ti\ccs1260\ccs\tools\compiler\ti-cgt-arm_20.2.7.LTS\lib\</path>
         <kind>archive</kind>
         <file>rtsv7M4_T_le_eabi.lib</file>
         <name>s_frexp.c.obj</name>
      </input_file>
      <input_file id="fl-103">
         <path>C:\ti\ccs1260\ccs\tools\compiler\ti-cgt-arm_20.2.7.LTS\lib\</path>
         <kind>archive</kind>
         <file>rtsv7M4_T_le_eabi.lib</file>
         <name>s_scalbn.c.obj</name>
      </input_file>
      <input_file id="fl-104">
         <path>C:\ti\ccs1260\ccs\tools\compiler\ti-cgt-arm_20.2.7.LTS\lib\</path>
         <kind>archive</kind>
         <file>rtsv7M4_T_le_eabi.lib</file>
         <name>s_copysign.c.obj</name>
      </input_file>
   </input_file_list>
   <object_component_list>
      <object_component id="oc-40a">
         <name>.text:__TI_printfi</name>
         <load_address>0x2000c040</load_address>
         <run_address>0x2000c040</run_address>
         <size>0xa4e</size>
         <input_file_ref idref="fl-eb"/>
      </object_component>
      <object_component id="oc-1da">
         <name>.text:Board_initHook</name>
         <load_address>0x2000ca8e</load_address>
         <run_address>0x2000ca8e</run_address>
         <size>0x2</size>
         <input_file_ref idref="fl-3"/>
      </object_component>
      <object_component id="oc-1ce">
         <name>.text:PRCMCC3200MCUInit</name>
         <load_address>0x2000ca90</load_address>
         <run_address>0x2000ca90</run_address>
         <size>0x42c</size>
         <input_file_ref idref="fl-25"/>
      </object_component>
      <object_component id="oc-751">
         <name>.text:UARTCC32XX_open</name>
         <load_address>0x2000cebc</load_address>
         <run_address>0x2000cebc</run_address>
         <size>0x288</size>
         <input_file_ref idref="fl-16"/>
      </object_component>
      <object_component id="oc-5cd">
         <name>.text:_pconv_a</name>
         <load_address>0x2000d144</load_address>
         <run_address>0x2000d144</run_address>
         <size>0x268</size>
         <input_file_ref idref="fl-eb"/>
      </object_component>
      <object_component id="oc-1ee">
         <name>.text:initI2C</name>
         <load_address>0x2000d3ac</load_address>
         <run_address>0x2000d3ac</run_address>
         <size>0x250</size>
         <input_file_ref idref="fl-2"/>
      </object_component>
      <object_component id="oc-298">
         <name>.text:GPIO_setConfig</name>
         <load_address>0x2000d5fc</load_address>
         <run_address>0x2000d5fc</run_address>
         <size>0x1e4</size>
         <input_file_ref idref="fl-11"/>
      </object_component>
      <object_component id="oc-5bb">
         <name>.text:_pconv_g</name>
         <load_address>0x2000d7e0</load_address>
         <run_address>0x2000d7e0</run_address>
         <size>0x1cc</size>
         <input_file_ref idref="fl-eb"/>
      </object_component>
      <object_component id="oc-7ab">
         <name>.text</name>
         <load_address>0x2000d9ac</load_address>
         <run_address>0x2000d9ac</run_address>
         <size>0x1b6</size>
         <input_file_ref idref="fl-ed"/>
      </object_component>
      <object_component id="oc-2dd">
         <name>.text:I2C_init</name>
         <load_address>0x2000db62</load_address>
         <run_address>0x2000db62</run_address>
         <size>0x2</size>
         <input_file_ref idref="fl-e"/>
      </object_component>
      <object_component id="oc-374">
         <name>.text:PowerCC32XX_sleepPolicy</name>
         <load_address>0x2000db64</load_address>
         <run_address>0x2000db64</run_address>
         <size>0x19c</size>
         <input_file_ref idref="fl-1d"/>
      </object_component>
      <object_component id="oc-457">
         <name>.text:I2CCC32XX_hwiFxn</name>
         <load_address>0x2000dd00</load_address>
         <run_address>0x2000dd00</run_address>
         <size>0x148</size>
         <input_file_ref idref="fl-12"/>
      </object_component>
      <object_component id="oc-6c0">
         <name>.text:parkPins</name>
         <load_address>0x2000de48</load_address>
         <run_address>0x2000de48</run_address>
         <size>0x148</size>
         <input_file_ref idref="fl-13"/>
      </object_component>
      <object_component id="oc-5c7">
         <name>.text:_pconv_e</name>
         <load_address>0x2000df90</load_address>
         <run_address>0x2000df90</run_address>
         <size>0x13c</size>
         <input_file_ref idref="fl-eb"/>
      </object_component>
      <object_component id="oc-4eb">
         <name>.text:Power_sleep</name>
         <load_address>0x2000e0cc</load_address>
         <run_address>0x2000e0cc</run_address>
         <size>0x138</size>
         <input_file_ref idref="fl-13"/>
      </object_component>
      <object_component id="oc-791">
         <name>.text</name>
         <load_address>0x2000e204</load_address>
         <run_address>0x2000e204</run_address>
         <size>0x136</size>
         <input_file_ref idref="fl-ef"/>
      </object_component>
      <object_component id="oc-36e">
         <name>.text:PowerCC32XX_initPolicy</name>
         <load_address>0x2000e33a</load_address>
         <run_address>0x2000e33a</run_address>
         <size>0x2</size>
         <input_file_ref idref="fl-1d"/>
      </object_component>
      <object_component id="oc-869">
         <name>.text:TimerCC32XX_open</name>
         <load_address>0x2000e33c</load_address>
         <run_address>0x2000e33c</run_address>
         <size>0x128</size>
         <input_file_ref idref="fl-15"/>
      </object_component>
      <object_component id="oc-465">
         <name>.text:I2C_transferTimeout</name>
         <load_address>0x2000e464</load_address>
         <run_address>0x2000e464</run_address>
         <size>0x122</size>
         <input_file_ref idref="fl-e"/>
      </object_component>
      <object_component id="oc-863">
         <name>.text:TimerCC32XX_init</name>
         <load_address>0x2000e586</load_address>
         <run_address>0x2000e586</run_address>
         <size>0x2</size>
         <input_file_ref idref="fl-15"/>
      </object_component>
      <object_component id="oc-73f">
         <name>.text:UARTCC32XX_close</name>
         <load_address>0x2000e588</load_address>
         <run_address>0x2000e588</run_address>
         <size>0x120</size>
         <input_file_ref idref="fl-16"/>
      </object_component>
      <object_component id="oc-7bd">
         <name>.text:fcvt</name>
         <load_address>0x2000e6a8</load_address>
         <run_address>0x2000e6a8</run_address>
         <size>0x120</size>
         <input_file_ref idref="fl-eb"/>
      </object_component>
      <object_component id="oc-47f">
         <name>.text:readTemp</name>
         <load_address>0x2000e7c8</load_address>
         <run_address>0x2000e7c8</run_address>
         <size>0x120</size>
         <input_file_ref idref="fl-2"/>
      </object_component>
      <object_component id="oc-738">
         <name>.text:aligned_alloc</name>
         <load_address>0x2000e8e8</load_address>
         <run_address>0x2000e8e8</run_address>
         <size>0x100</size>
         <input_file_ref idref="fl-e9"/>
      </object_component>
      <object_component id="oc-2e9">
         <name>.text:I2C_open</name>
         <load_address>0x2000e9e8</load_address>
         <run_address>0x2000e9e8</run_address>
         <size>0xfc</size>
         <input_file_ref idref="fl-12"/>
      </object_component>
      <object_component id="oc-78c">
         <name>.text</name>
         <load_address>0x2000eae4</load_address>
         <run_address>0x2000eae4</run_address>
         <size>0xfc</size>
         <input_file_ref idref="fl-f0"/>
      </object_component>
      <object_component id="oc-745">
         <name>.text:UARTCC32XX_control</name>
         <load_address>0x2000ebe0</load_address>
         <run_address>0x2000ebe0</run_address>
         <size>0xf2</size>
         <input_file_ref idref="fl-16"/>
      </object_component>
      <object_component id="oc-74b">
         <name>.text:UARTCC32XX_init</name>
         <load_address>0x2000ecd2</load_address>
         <run_address>0x2000ecd2</run_address>
         <size>0x2</size>
         <input_file_ref idref="fl-16"/>
      </object_component>
      <object_component id="oc-519">
         <name>.text:free</name>
         <load_address>0x2000ecd4</load_address>
         <run_address>0x2000ecd4</run_address>
         <size>0xe4</size>
         <input_file_ref idref="fl-e9"/>
      </object_component>
      <object_component id="oc-7d1">
         <name>.text:scalbn</name>
         <load_address>0x2000edb8</load_address>
         <run_address>0x2000edb8</run_address>
         <size>0xd0</size>
         <input_file_ref idref="fl-103"/>
      </object_component>
      <object_component id="oc-769">
         <name>.text:UARTCC32XX_write</name>
         <load_address>0x2000ee88</load_address>
         <run_address>0x2000ee88</run_address>
         <size>0xca</size>
         <input_file_ref idref="fl-16"/>
      </object_component>
      <object_component id="oc-336">
         <name>.text:_nop</name>
         <load_address>0x2000ef52</load_address>
         <run_address>0x2000ef52</run_address>
         <size>0x2</size>
         <input_file_ref idref="fl-f8"/>
      </object_component>
      <object_component id="oc-292">
         <name>.text:GPIO_init</name>
         <load_address>0x2000ef54</load_address>
         <run_address>0x2000ef54</run_address>
         <size>0xc4</size>
         <input_file_ref idref="fl-11"/>
      </object_component>
      <object_component id="oc-6dd">
         <name>.text:restoreParkedPins</name>
         <load_address>0x2000f018</load_address>
         <run_address>0x2000f018</run_address>
         <size>0xc0</size>
         <input_file_ref idref="fl-13"/>
      </object_component>
      <object_component id="oc-75d">
         <name>.text:UARTCC32XX_readPolling</name>
         <load_address>0x2000f0d8</load_address>
         <run_address>0x2000f0d8</run_address>
         <size>0xba</size>
         <input_file_ref idref="fl-16"/>
      </object_component>
      <object_component id="oc-73">
         <name>.text:busFaultHandler</name>
         <load_address>0x2000f192</load_address>
         <run_address>0x2000f192</run_address>
         <size>0x2</size>
         <input_file_ref idref="fl-1e"/>
      </object_component>
      <object_component id="oc-940">
         <name>.text:initHw</name>
         <load_address>0x2000f194</load_address>
         <run_address>0x2000f194</run_address>
         <size>0xb8</size>
         <input_file_ref idref="fl-16"/>
      </object_component>
      <object_component id="oc-a6b">
         <name>.text:readTaskCallback</name>
         <load_address>0x2000f24c</load_address>
         <run_address>0x2000f24c</run_address>
         <size>0xb6</size>
         <input_file_ref idref="fl-16"/>
      </object_component>
      <object_component id="oc-646">
         <name>.text:I2CCC32XX_completeTransfer</name>
         <load_address>0x2000f302</load_address>
         <run_address>0x2000f302</run_address>
         <size>0xb2</size>
         <input_file_ref idref="fl-12"/>
      </object_component>
      <object_component id="oc-5b0">
         <name>.text:_ltostr</name>
         <load_address>0x2000f3b4</load_address>
         <run_address>0x2000f3b4</run_address>
         <size>0xb1</size>
         <input_file_ref idref="fl-eb"/>
      </object_component>
      <object_component id="oc-a59">
         <name>.text:readTaskBlocking</name>
         <load_address>0x2000f466</load_address>
         <run_address>0x2000f466</run_address>
         <size>0xb0</size>
         <input_file_ref idref="fl-16"/>
      </object_component>
      <object_component id="oc-a5f">
         <name>.text:readIsrTextBlocking</name>
         <load_address>0x2000f516</load_address>
         <run_address>0x2000f516</run_address>
         <size>0xae</size>
         <input_file_ref idref="fl-16"/>
      </object_component>
      <object_component id="oc-634">
         <name>.text:I2CCC32XX_primeWriteBurst</name>
         <load_address>0x2000f5c4</load_address>
         <run_address>0x2000f5c4</run_address>
         <size>0xa8</size>
         <input_file_ref idref="fl-12"/>
      </object_component>
      <object_component id="oc-b5">
         <name>.text:IntEnable</name>
         <load_address>0x2000f66c</load_address>
         <run_address>0x2000f66c</run_address>
         <size>0xa8</size>
         <input_file_ref idref="fl-23"/>
      </object_component>
      <object_component id="oc-284">
         <name>.text:PowerCC32XX_configureWakeup</name>
         <load_address>0x2000f714</load_address>
         <run_address>0x2000f714</run_address>
         <size>0xa8</size>
         <input_file_ref idref="fl-13"/>
      </object_component>
      <object_component id="oc-a71">
         <name>.text:readIsrTextCallback</name>
         <load_address>0x2000f7bc</load_address>
         <run_address>0x2000f7bc</run_address>
         <size>0xa2</size>
         <input_file_ref idref="fl-16"/>
      </object_component>
      <object_component id="oc-977">
         <name>.text:writeData</name>
         <load_address>0x2000f85e</load_address>
         <run_address>0x2000f85e</run_address>
         <size>0xa2</size>
         <input_file_ref idref="fl-16"/>
      </object_component>
      <object_component id="oc-397">
         <name>.text:SemaphoreP_pend</name>
         <load_address>0x2000f900</load_address>
         <run_address>0x2000f900</run_address>
         <size>0xa0</size>
         <input_file_ref idref="fl-1a"/>
      </object_component>
      <object_component id="oc-445">
         <name>.text:I2CCC32XX_initHw</name>
         <load_address>0x2000f9a0</load_address>
         <run_address>0x2000f9a0</run_address>
         <size>0x9c</size>
         <input_file_ref idref="fl-12"/>
      </object_component>
      <object_component id="oc-3b">
         <name>.text</name>
         <load_address>0x2000fa3c</load_address>
         <run_address>0x2000fa3c</run_address>
         <size>0x9c</size>
         <input_file_ref idref="fl-e4"/>
      </object_component>
      <object_component id="oc-3b3">
         <name>.text:powerNotifyFxn</name>
         <load_address>0x2000fad8</load_address>
         <run_address>0x2000fad8</run_address>
         <size>0x98</size>
         <input_file_ref idref="fl-11"/>
      </object_component>
      <object_component id="oc-4e6">
         <name>.text</name>
         <load_address>0x2000fb70</load_address>
         <run_address>0x2000fb70</run_address>
         <size>0x96</size>
         <input_file_ref idref="fl-e5"/>
      </object_component>
      <object_component id="oc-53e">
         <name>.text:clkFxn</name>
         <load_address>0x2000fc06</load_address>
         <run_address>0x2000fc06</run_address>
         <size>0x2</size>
         <input_file_ref idref="fl-1a"/>
      </object_component>
      <object_component id="oc-6d1">
         <name>.text:restoreNVICRegs</name>
         <load_address>0x2000fc08</load_address>
         <run_address>0x2000fc08</run_address>
         <size>0x90</size>
         <input_file_ref idref="fl-13"/>
      </object_component>
      <object_component id="oc-439">
         <name>.text:HwiP_construct</name>
         <load_address>0x2000fc98</load_address>
         <run_address>0x2000fc98</run_address>
         <size>0x8c</size>
         <input_file_ref idref="fl-1c"/>
      </object_component>
      <object_component id="oc-8d5">
         <name>.text:IntPendSet</name>
         <load_address>0x2000fd24</load_address>
         <run_address>0x2000fd24</run_address>
         <size>0x88</size>
         <input_file_ref idref="fl-23"/>
      </object_component>
      <object_component id="oc-3bd">
         <name>.text:PinConfigSet</name>
         <load_address>0x2000fdac</load_address>
         <run_address>0x2000fdac</run_address>
         <size>0x88</size>
         <input_file_ref idref="fl-24"/>
      </object_component>
      <object_component id="oc-86f">
         <name>.text:TimerCC32XX_setPeriod</name>
         <load_address>0x2000fe34</load_address>
         <run_address>0x2000fe34</run_address>
         <size>0x88</size>
         <input_file_ref idref="fl-15"/>
      </object_component>
      <object_component id="oc-5b6">
         <name>.text:__aeabi_cdcmple</name>
         <load_address>0x2000febc</load_address>
         <run_address>0x2000febc</run_address>
         <size>0x86</size>
         <input_file_ref idref="fl-ee"/>
      </object_component>
      <object_component id="oc-796">
         <name>.text:__aeabi_cdrcmple</name>
         <load_address>0x2000ff42</load_address>
         <run_address>0x2000ff42</run_address>
         <size>0x86</size>
         <input_file_ref idref="fl-ee"/>
      </object_component>
      <object_component id="oc-1d4">
         <name>.text:Power_init</name>
         <load_address>0x2000ffc8</load_address>
         <run_address>0x2000ffc8</run_address>
         <size>0x84</size>
         <input_file_ref idref="fl-13"/>
      </object_component>
      <object_component id="oc-6c6">
         <name>.text:saveNVICRegs</name>
         <load_address>0x2001004c</load_address>
         <run_address>0x2001004c</run_address>
         <size>0x84</size>
         <input_file_ref idref="fl-13"/>
      </object_component>
      <object_component id="oc-3c3">
         <name>.text:Power_setDependency</name>
         <load_address>0x200100d0</load_address>
         <run_address>0x200100d0</run_address>
         <size>0x80</size>
         <input_file_ref idref="fl-13"/>
      </object_component>
      <object_component id="oc-316">
         <name>.text:timerCallback</name>
         <load_address>0x20010150</load_address>
         <run_address>0x20010150</run_address>
         <size>0x80</size>
         <input_file_ref idref="fl-2"/>
      </object_component>
      <object_component id="oc-a53">
         <name>.text:readIsrBinaryBlocking</name>
         <load_address>0x200101d0</load_address>
         <run_address>0x200101d0</run_address>
         <size>0x7c</size>
         <input_file_ref idref="fl-16"/>
      </object_component>
      <object_component id="oc-62e">
         <name>.text:I2CCC32XX_primeReadBurst</name>
         <load_address>0x2001024c</load_address>
         <run_address>0x2001024c</run_address>
         <size>0x7a</size>
         <input_file_ref idref="fl-12"/>
      </object_component>
      <object_component id="oc-68e">
         <name>.text</name>
         <load_address>0x200102c6</load_address>
         <run_address>0x200102c6</run_address>
         <size>0x7a</size>
         <input_file_ref idref="fl-e0"/>
      </object_component>
      <object_component id="oc-9d">
         <name>.text</name>
         <load_address>0x20010340</load_address>
         <run_address>0x20010340</run_address>
         <size>0x7a</size>
         <input_file_ref idref="fl-f3"/>
      </object_component>
      <object_component id="oc-6d">
         <name>.text:defaultHandler</name>
         <load_address>0x200103ba</load_address>
         <run_address>0x200103ba</run_address>
         <size>0x2</size>
         <input_file_ref idref="fl-1e"/>
      </object_component>
      <object_component id="oc-3e7">
         <name>.text:GPIO_hwiIntFxn</name>
         <load_address>0x200103bc</load_address>
         <run_address>0x200103bc</run_address>
         <size>0x78</size>
         <input_file_ref idref="fl-11"/>
      </object_component>
      <object_component id="oc-875">
         <name>.text:TimerCC32XX_start</name>
         <load_address>0x20010434</load_address>
         <run_address>0x20010434</run_address>
         <size>0x78</size>
         <input_file_ref idref="fl-15"/>
      </object_component>
      <object_component id="oc-a65">
         <name>.text:readIsrBinaryCallback</name>
         <load_address>0x200104ac</load_address>
         <run_address>0x200104ac</run_address>
         <size>0x78</size>
         <input_file_ref idref="fl-16"/>
      </object_component>
      <object_component id="oc-94f">
         <name>.text:UARTCC32XX_hwiIntFxn</name>
         <load_address>0x20010524</load_address>
         <run_address>0x20010524</run_address>
         <size>0x74</size>
         <input_file_ref idref="fl-16"/>
      </object_component>
      <object_component id="oc-8ee">
         <name>.text:split</name>
         <load_address>0x20010598</load_address>
         <run_address>0x20010598</run_address>
         <size>0x70</size>
         <input_file_ref idref="fl-e9"/>
      </object_component>
      <object_component id="oc-7b6">
         <name>.text:_mcpy</name>
         <load_address>0x20010608</load_address>
         <run_address>0x20010608</run_address>
         <size>0x6e</size>
         <input_file_ref idref="fl-eb"/>
      </object_component>
      <object_component id="oc-67">
         <name>.text:faultISR</name>
         <load_address>0x20010676</load_address>
         <run_address>0x20010676</run_address>
         <size>0x2</size>
         <input_file_ref idref="fl-1e"/>
      </object_component>
      <object_component id="oc-486">
         <name>.text:setHeat</name>
         <load_address>0x20010678</load_address>
         <run_address>0x20010678</run_address>
         <size>0x6c</size>
         <input_file_ref idref="fl-2"/>
      </object_component>
      <object_component id="oc-661">
         <name>.text:I2CSupport_primeTransfer</name>
         <load_address>0x200106e4</load_address>
         <run_address>0x200106e4</run_address>
         <size>0x6a</size>
         <input_file_ref idref="fl-12"/>
      </object_component>
      <object_component id="oc-14">
         <name>.text:decompress:lzss:__TI_decompress_lzss</name>
         <load_address>0x2001074e</load_address>
         <run_address>0x2001074e</run_address>
         <size>0x68</size>
         <input_file_ref idref="fl-e8"/>
      </object_component>
      <object_component id="oc-61">
         <name>.text:nmiISR</name>
         <load_address>0x200107b6</load_address>
         <run_address>0x200107b6</run_address>
         <size>0x2</size>
         <input_file_ref idref="fl-1e"/>
      </object_component>
      <object_component id="oc-15f">
         <name>.text:mainThread</name>
         <load_address>0x200107b8</load_address>
         <run_address>0x200107b8</run_address>
         <size>0x68</size>
         <input_file_ref idref="fl-2"/>
      </object_component>
      <object_component id="oc-775">
         <name>.text:UARTCC32XX_writeCancel</name>
         <load_address>0x20010820</load_address>
         <run_address>0x20010820</run_address>
         <size>0x66</size>
         <input_file_ref idref="fl-16"/>
      </object_component>
      <object_component id="oc-6b4">
         <name>.text</name>
         <load_address>0x20010886</load_address>
         <run_address>0x20010886</run_address>
         <size>0x2</size>
         <input_file_ref idref="fl-ec"/>
      </object_component>
      <object_component id="oc-568">
         <name>.text:PowerCC32XX_setParkState</name>
         <load_address>0x20010888</load_address>
         <run_address>0x20010888</run_address>
         <size>0x64</size>
         <input_file_ref idref="fl-13"/>
      </object_component>
      <object_component id="oc-76f">
         <name>.text:UARTCC32XX_writePolling</name>
         <load_address>0x200108ec</load_address>
         <run_address>0x200108ec</run_address>
         <size>0x62</size>
         <input_file_ref idref="fl-16"/>
      </object_component>
      <object_component id="oc-252">
         <name>.text:PRCMSysResetCauseGet</name>
         <load_address>0x20010950</load_address>
         <run_address>0x20010950</run_address>
         <size>0x60</size>
         <input_file_ref idref="fl-25"/>
      </object_component>
      <object_component id="oc-320">
         <name>.text:changeTempSetPoint</name>
         <load_address>0x200109b0</load_address>
         <run_address>0x200109b0</run_address>
         <size>0x60</size>
         <input_file_ref idref="fl-2"/>
      </object_component>
      <object_component id="oc-48c">
         <name>.text:sendToUART</name>
         <load_address>0x20010a10</load_address>
         <run_address>0x20010a10</run_address>
         <size>0x60</size>
         <input_file_ref idref="fl-2"/>
      </object_component>
      <object_component id="oc-2a4">
         <name>.text:GPIO_setCallback</name>
         <load_address>0x20010a70</load_address>
         <run_address>0x20010a70</run_address>
         <size>0x5c</size>
         <input_file_ref idref="fl-11"/>
      </object_component>
      <object_component id="oc-7cb">
         <name>.text:frexp</name>
         <load_address>0x20010acc</load_address>
         <run_address>0x20010acc</run_address>
         <size>0x5c</size>
         <input_file_ref idref="fl-102"/>
      </object_component>
      <object_component id="oc-895">
         <name>.text:sysTickInit</name>
         <load_address>0x20010b28</load_address>
         <run_address>0x20010b28</run_address>
         <size>0x5c</size>
         <input_file_ref idref="fl-1b"/>
      </object_component>
      <object_component id="oc-29e">
         <name>.text:GPIO_write</name>
         <load_address>0x20010b84</load_address>
         <run_address>0x20010b84</run_address>
         <size>0x58</size>
         <input_file_ref idref="fl-11"/>
      </object_component>
      <object_component id="oc-26b">
         <name>.text:PRCMPeripheralReset</name>
         <load_address>0x20010bdc</load_address>
         <run_address>0x20010bdc</run_address>
         <size>0x58</size>
         <input_file_ref idref="fl-25"/>
      </object_component>
      <object_component id="oc-907">
         <name>.text:Power_releaseDependency</name>
         <load_address>0x20010c34</load_address>
         <run_address>0x20010c34</run_address>
         <size>0x58</size>
         <input_file_ref idref="fl-13"/>
      </object_component>
      <object_component id="oc-87b">
         <name>.text:TimerCC32XX_stop</name>
         <load_address>0x20010c8c</load_address>
         <run_address>0x20010c8c</run_address>
         <size>0x56</size>
         <input_file_ref idref="fl-15"/>
      </object_component>
      <object_component id="oc-5c1">
         <name>.text:_pconv_f</name>
         <load_address>0x20010ce2</load_address>
         <run_address>0x20010ce2</run_address>
         <size>0x56</size>
         <input_file_ref idref="fl-eb"/>
      </object_component>
      <object_component id="oc-7a0">
         <name>.text:__TI_ltoa</name>
         <load_address>0x20010d38</load_address>
         <run_address>0x20010d38</run_address>
         <size>0x54</size>
         <input_file_ref idref="fl-f9"/>
      </object_component>
      <object_component id="oc-1f4">
         <name>.text:initTimer</name>
         <load_address>0x20010d8c</load_address>
         <run_address>0x20010d8c</run_address>
         <size>0x54</size>
         <input_file_ref idref="fl-2"/>
      </object_component>
      <object_component id="oc-ae0">
         <name>.text:ringBufGet</name>
         <load_address>0x20010de0</load_address>
         <run_address>0x20010de0</run_address>
         <size>0x54</size>
         <input_file_ref idref="fl-16"/>
      </object_component>
      <object_component id="oc-8b2">
         <name>.text:PowerCC32XX_resumeLPDS</name>
         <load_address>0x20010e34</load_address>
         <run_address>0x20010e34</run_address>
         <size>0x52</size>
         <input_file_ref idref="fl-14"/>
      </object_component>
      <object_component id="oc-7b0">
         <name>.text:_ecpy</name>
         <load_address>0x20010e86</load_address>
         <run_address>0x20010e86</run_address>
         <size>0x52</size>
         <input_file_ref idref="fl-eb"/>
      </object_component>
      <object_component id="oc-9dc">
         <name>.text:initHw</name>
         <load_address>0x20010ed8</load_address>
         <run_address>0x20010ed8</run_address>
         <size>0x52</size>
         <input_file_ref idref="fl-15"/>
      </object_component>
      <object_component id="oc-79">
         <name>.text:ClockP_sysTickHandler</name>
         <load_address>0x20010f2c</load_address>
         <run_address>0x20010f2c</run_address>
         <size>0x50</size>
         <input_file_ref idref="fl-1b"/>
      </object_component>
      <object_component id="oc-605">
         <name>.text:SemaphoreP_construct</name>
         <load_address>0x20010f7c</load_address>
         <run_address>0x20010f7c</run_address>
         <size>0x50</size>
         <input_file_ref idref="fl-1a"/>
      </object_component>
      <object_component id="oc-9d0">
         <name>.text:TimerCC32XX_allocateTimerResource</name>
         <load_address>0x20010fcc</load_address>
         <run_address>0x20010fcc</run_address>
         <size>0x50</size>
         <input_file_ref idref="fl-15"/>
      </object_component>
      <object_component id="oc-1e2">
         <name>.text:initGPIO</name>
         <load_address>0x2001101c</load_address>
         <run_address>0x2001101c</run_address>
         <size>0x50</size>
         <input_file_ref idref="fl-2"/>
      </object_component>
      <object_component id="oc-2aa">
         <name>.text:GPIO_enableInt</name>
         <load_address>0x2001106c</load_address>
         <run_address>0x2001106c</run_address>
         <size>0x4c</size>
         <input_file_ref idref="fl-11"/>
      </object_component>
      <object_component id="oc-622">
         <name>.text:I2CCC32XX_readRecieveFifo</name>
         <load_address>0x200110b8</load_address>
         <run_address>0x200110b8</run_address>
         <size>0x4c</size>
         <input_file_ref idref="fl-12"/>
      </object_component>
      <object_component id="oc-8a9">
         <name>.text:PowerCC32XX_parkPin</name>
         <load_address>0x20011104</load_address>
         <run_address>0x20011104</run_address>
         <size>0x4c</size>
         <input_file_ref idref="fl-13"/>
      </object_component>
      <object_component id="oc-5aa">
         <name>.text:atoi</name>
         <load_address>0x20011150</load_address>
         <run_address>0x20011150</run_address>
         <size>0x4c</size>
         <input_file_ref idref="fl-fb"/>
      </object_component>
      <object_component id="oc-6d7">
         <name>.text:restorePeriphClocks</name>
         <load_address>0x2001119c</load_address>
         <run_address>0x2001119c</run_address>
         <size>0x4c</size>
         <input_file_ref idref="fl-13"/>
      </object_component>
      <object_component id="oc-2d1">
         <name>.text:snprintf</name>
         <load_address>0x200111e8</load_address>
         <run_address>0x200111e8</run_address>
         <size>0x4c</size>
         <input_file_ref idref="fl-df"/>
      </object_component>
      <object_component id="oc-8cd">
         <name>.text:FlashDisable</name>
         <load_address>0x20011234</load_address>
         <run_address>0x20011234</run_address>
         <size>0x48</size>
         <input_file_ref idref="fl-29"/>
      </object_component>
      <object_component id="oc-6e3">
         <name>.text:PRCMLPDSEnter</name>
         <load_address>0x2001127c</load_address>
         <run_address>0x2001127c</run_address>
         <size>0x48</size>
         <input_file_ref idref="fl-25"/>
      </object_component>
      <object_component id="oc-265">
         <name>.text:PRCMPeripheralClkEnable</name>
         <load_address>0x200112c4</load_address>
         <run_address>0x200112c4</run_address>
         <size>0x48</size>
         <input_file_ref idref="fl-25"/>
      </object_component>
      <object_component id="oc-826">
         <name>.text:Power_releaseConstraint</name>
         <load_address>0x2001130c</load_address>
         <run_address>0x2001130c</run_address>
         <size>0x48</size>
         <input_file_ref idref="fl-13"/>
      </object_component>
      <object_component id="oc-79b">
         <name>.text</name>
         <load_address>0x20011354</load_address>
         <run_address>0x20011354</run_address>
         <size>0x48</size>
         <input_file_ref idref="fl-f1"/>
      </object_component>
      <object_component id="oc-acd">
         <name>.text:RingBuf_put</name>
         <load_address>0x2001139c</load_address>
         <run_address>0x2001139c</run_address>
         <size>0x46</size>
         <input_file_ref idref="fl-18"/>
      </object_component>
      <object_component id="oc-9d6">
         <name>.text:getPrescaler</name>
         <load_address>0x200113e2</load_address>
         <run_address>0x200113e2</run_address>
         <size>0x46</size>
         <input_file_ref idref="fl-15"/>
      </object_component>
      <object_component id="oc-722">
         <name>.text:ClockP_stop</name>
         <load_address>0x20011428</load_address>
         <run_address>0x20011428</run_address>
         <size>0x44</size>
         <input_file_ref idref="fl-1b"/>
      </object_component>
      <object_component id="oc-8b7">
         <name>.text:PRCMLPDSRestoreInfoSet</name>
         <load_address>0x2001146c</load_address>
         <run_address>0x2001146c</run_address>
         <size>0x44</size>
         <input_file_ref idref="fl-25"/>
      </object_component>
      <object_component id="oc-6cc">
         <name>.text:PowerCC32XX_enterLPDS</name>
         <load_address>0x200114b0</load_address>
         <run_address>0x200114b0</run_address>
         <size>0x44</size>
         <input_file_ref idref="fl-14"/>
      </object_component>
      <object_component id="oc-3a3">
         <name>.text:SemaphoreP_post</name>
         <load_address>0x200114f4</load_address>
         <run_address>0x200114f4</run_address>
         <size>0x44</size>
         <input_file_ref idref="fl-1a"/>
      </object_component>
      <object_component id="oc-4fc">
         <name>.text:SwiP_restore</name>
         <load_address>0x20011538</load_address>
         <run_address>0x20011538</run_address>
         <size>0x44</size>
         <input_file_ref idref="fl-1f"/>
      </object_component>
      <object_component id="oc-2fe">
         <name>.text:Timer_init</name>
         <load_address>0x2001157c</load_address>
         <run_address>0x2001157c</run_address>
         <size>0x44</size>
         <input_file_ref idref="fl-f"/>
      </object_component>
      <object_component id="oc-2bd">
         <name>.text:UART_init</name>
         <load_address>0x200115c0</load_address>
         <run_address>0x200115c0</run_address>
         <size>0x44</size>
         <input_file_ref idref="fl-10"/>
      </object_component>
      <object_component id="oc-172">
         <name>.text:__TI_auto_init_nobinit_nopinit:__TI_auto_init_nobinit_nopinit</name>
         <load_address>0x20011604</load_address>
         <run_address>0x20011604</run_address>
         <size>0x44</size>
         <input_file_ref idref="fl-f4"/>
      </object_component>
      <object_component id="oc-1e8">
         <name>.text:initUART</name>
         <load_address>0x20011648</load_address>
         <run_address>0x20011648</run_address>
         <size>0x44</size>
         <input_file_ref idref="fl-2"/>
      </object_component>
      <object_component id="oc-a42">
         <name>.text:ClockP_construct</name>
         <load_address>0x2001168c</load_address>
         <run_address>0x2001168c</run_address>
         <size>0x40</size>
         <input_file_ref idref="fl-1b"/>
      </object_component>
      <object_component id="oc-27d">
         <name>.text:PinModeSet</name>
         <load_address>0x200116cc</load_address>
         <run_address>0x200116cc</run_address>
         <size>0x40</size>
         <input_file_ref idref="fl-24"/>
      </object_component>
      <object_component id="oc-969">
         <name>.text:RingBuf_get</name>
         <load_address>0x2001170c</load_address>
         <run_address>0x2001170c</run_address>
         <size>0x40</size>
         <input_file_ref idref="fl-18"/>
      </object_component>
      <object_component id="oc-30a">
         <name>.text:Timer_open</name>
         <load_address>0x2001174c</load_address>
         <run_address>0x2001174c</run_address>
         <size>0x40</size>
         <input_file_ref idref="fl-f"/>
      </object_component>
      <object_component id="oc-757">
         <name>.text:UARTCC32XX_read</name>
         <load_address>0x2001178c</load_address>
         <run_address>0x2001178c</run_address>
         <size>0x40</size>
         <input_file_ref idref="fl-16"/>
      </object_component>
      <object_component id="oc-2c9">
         <name>.text:UART_open</name>
         <load_address>0x200117cc</load_address>
         <run_address>0x200117cc</run_address>
         <size>0x40</size>
         <input_file_ref idref="fl-10"/>
      </object_component>
      <object_component id="oc-7c3">
         <name>.text:_fcpy</name>
         <load_address>0x2001180c</load_address>
         <run_address>0x2001180c</run_address>
         <size>0x3e</size>
         <input_file_ref idref="fl-eb"/>
      </object_component>
      <object_component id="oc-538">
         <name>.text:ClockP_destruct</name>
         <load_address>0x2001184c</load_address>
         <run_address>0x2001184c</run_address>
         <size>0x3c</size>
         <input_file_ref idref="fl-1b"/>
      </object_component>
      <object_component id="oc-82d">
         <name>.text:Power_setConstraint</name>
         <load_address>0x20011888</load_address>
         <run_address>0x20011888</run_address>
         <size>0x3c</size>
         <input_file_ref idref="fl-13"/>
      </object_component>
      <object_component id="oc-851">
         <name>.text:TimerCC32XX_close</name>
         <load_address>0x200118c4</load_address>
         <run_address>0x200118c4</run_address>
         <size>0x3a</size>
         <input_file_ref idref="fl-15"/>
      </object_component>
      <object_component id="oc-4e0">
         <name>.text:getCountsRTC</name>
         <load_address>0x200118fe</load_address>
         <run_address>0x200118fe</run_address>
         <size>0x3a</size>
         <input_file_ref idref="fl-1d"/>
      </object_component>
      <object_component id="oc-6e9">
         <name>.text:PRCMLPDSEnterKeepDebugIf</name>
         <load_address>0x20011938</load_address>
         <run_address>0x20011938</run_address>
         <size>0x38</size>
         <input_file_ref idref="fl-25"/>
      </object_component>
      <object_component id="oc-9e8">
         <name>.text:TimerCC32XX_hwiIntFunction</name>
         <load_address>0x20011970</load_address>
         <run_address>0x20011970</run_address>
         <size>0x38</size>
         <input_file_ref idref="fl-15"/>
      </object_component>
      <object_component id="oc-db">
         <name>.text:addToList</name>
         <load_address>0x200119a8</load_address>
         <run_address>0x200119a8</run_address>
         <size>0x38</size>
         <input_file_ref idref="fl-1b"/>
      </object_component>
      <object_component id="oc-59">
         <name>.text:initVectors</name>
         <load_address>0x200119e0</load_address>
         <run_address>0x200119e0</run_address>
         <size>0x38</size>
         <input_file_ref idref="fl-1e"/>
      </object_component>
      <object_component id="oc-6ba">
         <name>.text:notify</name>
         <load_address>0x20011a18</load_address>
         <run_address>0x20011a18</run_address>
         <size>0x38</size>
         <input_file_ref idref="fl-13"/>
      </object_component>
      <object_component id="oc-693">
         <name>.text</name>
         <load_address>0x20011a50</load_address>
         <run_address>0x20011a50</run_address>
         <size>0x38</size>
         <input_file_ref idref="fl-e1"/>
      </object_component>
      <object_component id="oc-689">
         <name>.text</name>
         <load_address>0x20011a88</load_address>
         <run_address>0x20011a88</run_address>
         <size>0x38</size>
         <input_file_ref idref="fl-e2"/>
      </object_component>
      <object_component id="oc-aab">
         <name>.text:TimerControlStall</name>
         <load_address>0x20011ac0</load_address>
         <run_address>0x20011ac0</run_address>
         <size>0x36</size>
         <input_file_ref idref="fl-26"/>
      </object_component>
      <object_component id="oc-763">
         <name>.text:UARTCC32XX_readCancel</name>
         <load_address>0x20011af6</load_address>
         <run_address>0x20011af6</run_address>
         <size>0x36</size>
         <input_file_ref idref="fl-16"/>
      </object_component>
      <object_component id="oc-4ce">
         <name>.text:ClockP_getTicksUntilInterrupt</name>
         <load_address>0x20011b2c</load_address>
         <run_address>0x20011b2c</run_address>
         <size>0x34</size>
         <input_file_ref idref="fl-1b"/>
      </object_component>
      <object_component id="oc-6ab">
         <name>.text:ClockP_startup</name>
         <load_address>0x20011b60</load_address>
         <run_address>0x20011b60</run_address>
         <size>0x34</size>
         <input_file_ref idref="fl-1b"/>
      </object_component>
      <object_component id="oc-277">
         <name>.text:PinModeGet</name>
         <load_address>0x20011b94</load_address>
         <run_address>0x20011b94</run_address>
         <size>0x34</size>
         <input_file_ref idref="fl-24"/>
      </object_component>
      <object_component id="oc-90d">
         <name>.text:PowerCC32XX_restoreParkState</name>
         <load_address>0x20011bc8</load_address>
         <run_address>0x20011bc8</run_address>
         <size>0x34</size>
         <input_file_ref idref="fl-13"/>
      </object_component>
      <object_component id="oc-9c6">
         <name>.text:TimerCC32XX_freeTimerResource</name>
         <load_address>0x20011bfc</load_address>
         <run_address>0x20011bfc</run_address>
         <size>0x34</size>
         <input_file_ref idref="fl-15"/>
      </object_component>
      <object_component id="oc-a9f">
         <name>.text:getPowerMgrId</name>
         <load_address>0x20011c30</load_address>
         <run_address>0x20011c30</run_address>
         <size>0x34</size>
         <input_file_ref idref="fl-15"/>
      </object_component>
      <object_component id="oc-526">
         <name>.text:ClockP_start</name>
         <load_address>0x20011c64</load_address>
         <run_address>0x20011c64</run_address>
         <size>0x30</size>
         <input_file_ref idref="fl-1b"/>
      </object_component>
      <object_component id="oc-8c6">
         <name>.text:PowerCC32XX_restoreParkedPin</name>
         <load_address>0x20011c94</load_address>
         <run_address>0x20011c94</run_address>
         <size>0x30</size>
         <input_file_ref idref="fl-13"/>
      </object_component>
      <object_component id="oc-410">
         <name>.text:_outs</name>
         <load_address>0x20011cc4</load_address>
         <run_address>0x20011cc4</run_address>
         <size>0x30</size>
         <input_file_ref idref="fl-df"/>
      </object_component>
      <object_component id="oc-7a6">
         <name>.text</name>
         <load_address>0x20011cf4</load_address>
         <run_address>0x20011cf4</run_address>
         <size>0x2e</size>
         <input_file_ref idref="fl-f2"/>
      </object_component>
      <object_component id="oc-92e">
         <name>.text:PowerCC32XX_getParkState</name>
         <load_address>0x20011d24</load_address>
         <run_address>0x20011d24</run_address>
         <size>0x2c</size>
         <input_file_ref idref="fl-13"/>
      </object_component>
      <object_component id="oc-3cf">
         <name>.text:HwiP_create</name>
         <load_address>0x20011d50</load_address>
         <run_address>0x20011d50</run_address>
         <size>0x2a</size>
         <input_file_ref idref="fl-1c"/>
      </object_component>
      <object_component id="oc-9f5">
         <name>.text:TimerLoadSet</name>
         <load_address>0x20011d7a</load_address>
         <run_address>0x20011d7a</run_address>
         <size>0x2a</size>
         <input_file_ref idref="fl-26"/>
      </object_component>
      <object_component id="oc-9ef">
         <name>.text:TimerPrescaleSet</name>
         <load_address>0x20011da4</load_address>
         <run_address>0x20011da4</run_address>
         <size>0x2a</size>
         <input_file_ref idref="fl-26"/>
      </object_component>
      <object_component id="oc-63a">
         <name>.text:I2CFIFODataPutNonBlocking</name>
         <load_address>0x20011dce</load_address>
         <run_address>0x20011dce</run_address>
         <size>0x28</size>
         <input_file_ref idref="fl-22"/>
      </object_component>
      <object_component id="oc-271">
         <name>.text:PRCMPeripheralClkDisable</name>
         <load_address>0x20011df8</load_address>
         <run_address>0x20011df8</run_address>
         <size>0x28</size>
         <input_file_ref idref="fl-25"/>
      </object_component>
      <object_component id="oc-39d">
         <name>.text:Power_registerNotify</name>
         <load_address>0x20011e20</load_address>
         <run_address>0x20011e20</run_address>
         <size>0x28</size>
         <input_file_ref idref="fl-13"/>
      </object_component>
      <object_component id="oc-71a">
         <name>.text:free_list_insert</name>
         <load_address>0x20011e48</load_address>
         <run_address>0x20011e48</run_address>
         <size>0x28</size>
         <input_file_ref idref="fl-e9"/>
      </object_component>
      <object_component id="oc-802">
         <name>.text:I2CFIFODataGetNonBlocking</name>
         <load_address>0x20011e70</load_address>
         <run_address>0x20011e70</run_address>
         <size>0x26</size>
         <input_file_ref idref="fl-22"/>
      </object_component>
      <object_component id="oc-66d">
         <name>.text:I2C_cancel</name>
         <load_address>0x20011e96</load_address>
         <run_address>0x20011e96</run_address>
         <size>0x26</size>
         <input_file_ref idref="fl-e"/>
      </object_component>
      <object_component id="oc-548">
         <name>.text:List_put</name>
         <load_address>0x20011ebc</load_address>
         <run_address>0x20011ebc</run_address>
         <size>0x26</size>
         <input_file_ref idref="fl-17"/>
      </object_component>
      <object_component id="oc-a32">
         <name>.text:List_remove</name>
         <load_address>0x20011ee2</load_address>
         <run_address>0x20011ee2</run_address>
         <size>0x26</size>
         <input_file_ref idref="fl-17"/>
      </object_component>
      <object_component id="oc-5fb">
         <name>.text:HwiP_dispatch</name>
         <load_address>0x20011f08</load_address>
         <run_address>0x20011f08</run_address>
         <size>0x24</size>
         <input_file_ref idref="fl-1c"/>
      </object_component>
      <object_component id="oc-928">
         <name>.text:PowerCC32XX_reset</name>
         <load_address>0x20011f2c</load_address>
         <run_address>0x20011f2c</run_address>
         <size>0x24</size>
         <input_file_ref idref="fl-13"/>
      </object_component>
      <object_component id="oc-c5">
         <name>.text:_c_int00_noargs:_c_int00_noargs</name>
         <load_address>0x20011f50</load_address>
         <run_address>0x20011f50</run_address>
         <size>0x24</size>
         <input_file_ref idref="fl-ea"/>
      </object_component>
      <object_component id="oc-80a">
         <name>.text:I2CMasterSlaveAddrSet</name>
         <load_address>0x20011f74</load_address>
         <run_address>0x20011f74</run_address>
         <size>0x22</size>
         <input_file_ref idref="fl-22"/>
      </object_component>
      <object_component id="oc-a2a">
         <name>.text:HwiP_destruct</name>
         <load_address>0x20011f96</load_address>
         <run_address>0x20011f96</run_address>
         <size>0x20</size>
         <input_file_ref idref="fl-1c"/>
      </object_component>
      <object_component id="oc-901">
         <name>.text:Power_unregisterNotify</name>
         <load_address>0x20011fb8</load_address>
         <run_address>0x20011fb8</run_address>
         <size>0x20</size>
         <input_file_ref idref="fl-13"/>
      </object_component>
      <object_component id="oc-914">
         <name>.text:RingBuf_peek</name>
         <load_address>0x20011fd8</load_address>
         <run_address>0x20011fd8</run_address>
         <size>0x20</size>
         <input_file_ref idref="fl-18"/>
      </object_component>
      <object_component id="oc-922">
         <name>.text:getPowerMgrId</name>
         <load_address>0x20011ff8</load_address>
         <run_address>0x20011ff8</run_address>
         <size>0x20</size>
         <input_file_ref idref="fl-16"/>
      </object_component>
      <object_component id="oc-616">
         <name>.text:I2CMasterIntStatusEx</name>
         <load_address>0x20012018</load_address>
         <run_address>0x20012018</run_address>
         <size>0x1e</size>
         <input_file_ref idref="fl-22"/>
      </object_component>
      <object_component id="oc-43f">
         <name>.text:SemaphoreP_constructBinary</name>
         <load_address>0x20012036</load_address>
         <run_address>0x20012036</run_address>
         <size>0x1e</size>
         <input_file_ref idref="fl-1a"/>
      </object_component>
      <object_component id="oc-a09">
         <name>.text:TimerDisable</name>
         <load_address>0x20012054</load_address>
         <run_address>0x20012054</run_address>
         <size>0x1e</size>
         <input_file_ref idref="fl-26"/>
      </object_component>
      <object_component id="oc-a02">
         <name>.text:TimerEnable</name>
         <load_address>0x20012072</load_address>
         <run_address>0x20012072</run_address>
         <size>0x1e</size>
         <input_file_ref idref="fl-26"/>
      </object_component>
      <object_component id="oc-8a3">
         <name>.text:PinToPadGet</name>
         <load_address>0x20012090</load_address>
         <run_address>0x20012090</run_address>
         <size>0x1c</size>
         <input_file_ref idref="fl-24"/>
      </object_component>
      <object_component id="oc-4c2">
         <name>.text:SwiP_disable</name>
         <load_address>0x200120ac</load_address>
         <run_address>0x200120ac</run_address>
         <size>0x1c</size>
         <input_file_ref idref="fl-1f"/>
      </object_component>
      <object_component id="oc-47">
         <name>.text:decompress:ZI:__TI_zero_init_nomemset:__TI_zero_init_nomemset</name>
         <load_address>0x200120c8</load_address>
         <run_address>0x200120c8</run_address>
         <size>0x1c</size>
         <input_file_ref idref="fl-e6"/>
      </object_component>
      <object_component id="oc-714">
         <name>.text:free_list_remove</name>
         <load_address>0x200120e4</load_address>
         <run_address>0x200120e4</run_address>
         <size>0x1c</size>
         <input_file_ref idref="fl-e9"/>
      </object_component>
      <object_component id="oc-5d3">
         <name>.text:memccpy</name>
         <load_address>0x20012100</load_address>
         <run_address>0x20012100</run_address>
         <size>0x1c</size>
         <input_file_ref idref="fl-fd"/>
      </object_component>
      <object_component id="oc-93a">
         <name>.text:ClockP_create</name>
         <load_address>0x2001211c</load_address>
         <run_address>0x2001211c</run_address>
         <size>0x1a</size>
         <input_file_ref idref="fl-1b"/>
      </object_component>
      <object_component id="oc-37f">
         <name>.text:SemaphoreP_createBinary</name>
         <load_address>0x20012136</load_address>
         <run_address>0x20012136</run_address>
         <size>0x1a</size>
         <input_file_ref idref="fl-1a"/>
      </object_component>
      <object_component id="oc-21">
         <name>.text:resetISR</name>
         <load_address>0x20012150</load_address>
         <run_address>0x20012150</run_address>
         <size>0x1a</size>
         <input_file_ref idref="fl-1e"/>
      </object_component>
      <object_component id="oc-841">
         <name>.text:I2CMasterBusBusy</name>
         <load_address>0x2001216a</load_address>
         <run_address>0x2001216a</run_address>
         <size>0x18</size>
         <input_file_ref idref="fl-22"/>
      </object_component>
      <object_component id="oc-628">
         <name>.text:I2CMasterIntDisableEx</name>
         <load_address>0x20012182</load_address>
         <run_address>0x20012182</run_address>
         <size>0x18</size>
         <input_file_ref idref="fl-22"/>
      </object_component>
      <object_component id="oc-81c">
         <name>.text:I2CMasterIntEnableEx</name>
         <load_address>0x2001219a</load_address>
         <run_address>0x2001219a</run_address>
         <size>0x18</size>
         <input_file_ref idref="fl-22"/>
      </object_component>
      <object_component id="oc-83b">
         <name>.text:I2CRxFIFOFlush</name>
         <load_address>0x200121b2</load_address>
         <run_address>0x200121b2</run_address>
         <size>0x18</size>
         <input_file_ref idref="fl-22"/>
      </object_component>
      <object_component id="oc-835">
         <name>.text:I2CTxFIFOFlush</name>
         <load_address>0x200121ca</load_address>
         <run_address>0x200121ca</run_address>
         <size>0x18</size>
         <input_file_ref idref="fl-22"/>
      </object_component>
      <object_component id="oc-4d4">
         <name>.text:Power_getTransitionLatency</name>
         <load_address>0x200121e4</load_address>
         <run_address>0x200121e4</run_address>
         <size>0x18</size>
         <input_file_ref idref="fl-13"/>
      </object_component>
      <object_component id="oc-8de">
         <name>.text:Power_idleFunc</name>
         <load_address>0x200121fc</load_address>
         <run_address>0x200121fc</run_address>
         <size>0x18</size>
         <input_file_ref idref="fl-13"/>
      </object_component>
      <object_component id="oc-85d">
         <name>.text:TimerCC32XX_getCount</name>
         <load_address>0x20012214</load_address>
         <run_address>0x20012214</run_address>
         <size>0x18</size>
         <input_file_ref idref="fl-15"/>
      </object_component>
      <object_component id="oc-a0f">
         <name>.text:TimerIntDisable</name>
         <load_address>0x2001222c</load_address>
         <run_address>0x2001222c</run_address>
         <size>0x18</size>
         <input_file_ref idref="fl-26"/>
      </object_component>
      <object_component id="oc-9fc">
         <name>.text:TimerIntEnable</name>
         <load_address>0x20012244</load_address>
         <run_address>0x20012244</run_address>
         <size>0x18</size>
         <input_file_ref idref="fl-26"/>
      </object_component>
      <object_component id="oc-971">
         <name>.text:UARTBusy</name>
         <load_address>0x2001225c</load_address>
         <run_address>0x2001225c</run_address>
         <size>0x18</size>
         <input_file_ref idref="fl-27"/>
      </object_component>
      <object_component id="oc-a86">
         <name>.text:UARTIntEnable</name>
         <load_address>0x20012274</load_address>
         <run_address>0x20012274</run_address>
         <size>0x18</size>
         <input_file_ref idref="fl-27"/>
      </object_component>
      <object_component id="oc-2c3">
         <name>.text:UART_Params_init</name>
         <load_address>0x2001228c</load_address>
         <run_address>0x2001228c</run_address>
         <size>0x18</size>
         <input_file_ref idref="fl-10"/>
      </object_component>
      <object_component id="oc-416">
         <name>.text:_outc</name>
         <load_address>0x200122a4</load_address>
         <run_address>0x200122a4</run_address>
         <size>0x18</size>
         <input_file_ref idref="fl-df"/>
      </object_component>
      <object_component id="oc-2b0">
         <name>.text:gpioButton0Increase</name>
         <load_address>0x200122bc</load_address>
         <run_address>0x200122bc</run_address>
         <size>0x18</size>
         <input_file_ref idref="fl-2"/>
      </object_component>
      <object_component id="oc-2b6">
         <name>.text:gpioButton1Decrease</name>
         <load_address>0x200122d4</load_address>
         <run_address>0x200122d4</run_address>
         <size>0x18</size>
         <input_file_ref idref="fl-2"/>
      </object_component>
      <object_component id="oc-4f1">
         <name>.text</name>
         <load_address>0x200122ec</load_address>
         <run_address>0x200122ec</run_address>
         <size>0x18</size>
         <input_file_ref idref="fl-e3"/>
      </object_component>
      <object_component id="oc-816">
         <name>.text:I2CMasterBurstLengthSet</name>
         <load_address>0x20012304</load_address>
         <run_address>0x20012304</run_address>
         <size>0x16</size>
         <input_file_ref idref="fl-22"/>
      </object_component>
      <object_component id="oc-25f">
         <name>.text:PRCMHIBRegRead</name>
         <load_address>0x2001231a</load_address>
         <run_address>0x2001231a</run_address>
         <size>0x16</size>
         <input_file_ref idref="fl-25"/>
      </object_component>
      <object_component id="oc-259">
         <name>.text:PRCMHIBRegWrite</name>
         <load_address>0x20012330</load_address>
         <run_address>0x20012330</run_address>
         <size>0x16</size>
         <input_file_ref idref="fl-25"/>
      </object_component>
      <object_component id="oc-50e">
         <name>.text:SemaphoreP_create</name>
         <load_address>0x20012346</load_address>
         <run_address>0x20012346</run_address>
         <size>0x16</size>
         <input_file_ref idref="fl-1a"/>
      </object_component>
      <object_component id="oc-7d7">
         <name>.text:strchr</name>
         <load_address>0x2001235c</load_address>
         <run_address>0x2001235c</run_address>
         <size>0x16</size>
         <input_file_ref idref="fl-fe"/>
      </object_component>
      <object_component id="oc-a3">
         <name>.text:CPUcpsid</name>
         <load_address>0x20012372</load_address>
         <run_address>0x20012372</run_address>
         <size>0x14</size>
         <input_file_ref idref="fl-21"/>
      </object_component>
      <object_component id="oc-54f">
         <name>.text:HwiP_inISR</name>
         <load_address>0x20012388</load_address>
         <run_address>0x20012388</run_address>
         <size>0x14</size>
         <input_file_ref idref="fl-1c"/>
      </object_component>
      <object_component id="oc-849">
         <name>.text:I2CSupport_masterFinish</name>
         <load_address>0x2001239c</load_address>
         <run_address>0x2001239c</run_address>
         <size>0x14</size>
         <input_file_ref idref="fl-12"/>
      </object_component>
      <object_component id="oc-2ef">
         <name>.text:I2C_transfer</name>
         <load_address>0x200123b0</load_address>
         <run_address>0x200123b0</run_address>
         <size>0x14</size>
         <input_file_ref idref="fl-e"/>
      </object_component>
      <object_component id="oc-af">
         <name>.text:IntVTableBaseSet</name>
         <load_address>0x200123c4</load_address>
         <run_address>0x200123c4</run_address>
         <size>0x14</size>
         <input_file_ref idref="fl-23"/>
      </object_component>
      <object_component id="oc-555">
         <name>.text:Power_disablePolicy</name>
         <load_address>0x200123d8</load_address>
         <run_address>0x200123d8</run_address>
         <size>0x14</size>
         <input_file_ref idref="fl-13"/>
      </object_component>
      <object_component id="oc-8bf">
         <name>.text:Power_getDependencyCount</name>
         <load_address>0x200123ec</load_address>
         <run_address>0x200123ec</run_address>
         <size>0x14</size>
         <input_file_ref idref="fl-13"/>
      </object_component>
      <object_component id="oc-a80">
         <name>.text:releasePowerConstraint</name>
         <load_address>0x20012400</load_address>
         <run_address>0x20012400</run_address>
         <size>0x14</size>
         <input_file_ref idref="fl-16"/>
      </object_component>
      <object_component id="oc-5a4">
         <name>.text:strlen</name>
         <load_address>0x20012414</load_address>
         <run_address>0x20012414</run_address>
         <size>0x14</size>
         <input_file_ref idref="fl-ff"/>
      </object_component>
      <object_component id="oc-3c9">
         <name>.text:HwiP_Params_init</name>
         <load_address>0x20012428</load_address>
         <run_address>0x20012428</run_address>
         <size>0x12</size>
         <input_file_ref idref="fl-1c"/>
      </object_component>
      <object_component id="oc-61c">
         <name>.text:I2CMasterIntClearEx</name>
         <load_address>0x2001243a</load_address>
         <run_address>0x2001243a</run_address>
         <size>0x12</size>
         <input_file_ref idref="fl-22"/>
      </object_component>
      <object_component id="oc-91c">
         <name>.text:RingBuf_construct</name>
         <load_address>0x2001244c</load_address>
         <run_address>0x2001244c</run_address>
         <size>0x12</size>
         <input_file_ref idref="fl-18"/>
      </object_component>
      <object_component id="oc-ab3">
         <name>.text:TimerIntClear</name>
         <load_address>0x2001245e</load_address>
         <run_address>0x2001245e</run_address>
         <size>0x12</size>
         <input_file_ref idref="fl-26"/>
      </object_component>
      <object_component id="oc-11a">
         <name>.text:main</name>
         <load_address>0x20012470</load_address>
         <run_address>0x20012470</run_address>
         <size>0x12</size>
         <input_file_ref idref="fl-4"/>
      </object_component>
      <object_component id="oc-5d9">
         <name>.text:wcslen</name>
         <load_address>0x20012482</load_address>
         <run_address>0x20012482</run_address>
         <size>0x12</size>
         <input_file_ref idref="fl-101"/>
      </object_component>
      <object_component id="oc-153">
         <name>.text:Board_init</name>
         <load_address>0x20012494</load_address>
         <run_address>0x20012494</run_address>
         <size>0x10</size>
         <input_file_ref idref="fl-3"/>
      </object_component>
      <object_component id="oc-520">
         <name>.text:ClockP_add</name>
         <load_address>0x200124a4</load_address>
         <run_address>0x200124a4</run_address>
         <size>0x10</size>
         <input_file_ref idref="fl-1b"/>
      </object_component>
      <object_component id="oc-8fb">
         <name>.text:ClockP_delete</name>
         <load_address>0x200124b4</load_address>
         <run_address>0x200124b4</run_address>
         <size>0x10</size>
         <input_file_ref idref="fl-1b"/>
      </object_component>
      <object_component id="oc-4bc">
         <name>.text:ClockP_getCpuFreq</name>
         <load_address>0x200124c4</load_address>
         <run_address>0x200124c4</run_address>
         <size>0x10</size>
         <input_file_ref idref="fl-1b"/>
      </object_component>
      <object_component id="oc-4da">
[...]
         <name>HwiP_create</name>
         <value>0x20011d51</value>
         <object_component_ref idref="oc-3cf"/>
      </symbol>
      <symbol id="sm-b76">
         <name>HwiP_post</name>
         <value>0x200126c9</value>
         <object_component_ref idref="oc-6f2"/>
      </symbol>
      <symbol id="sm-b77">
         <name>HwiP_enable</name>
         <value>0x200125cf</value>
         <object_component_ref idref="oc-159"/>
      </symbol>
      <symbol id="sm-b78">
         <name>HwiP_restore</name>
         <value>0x20012505</value>
         <object_component_ref idref="oc-38b"/>
      </symbol>
      <symbol id="sm-b79">
         <name>HwiP_disableInterrupt</name>
         <value>0x200125c1</value>
         <object_component_ref idref="oc-65b"/>
      </symbol>
      <symbol id="sm-ba9">
         <name>PowerCC32XX_initPolicy</name>
         <value>0x2000e33b</value>
         <object_component_ref idref="oc-36e"/>
      </symbol>
      <symbol id="sm-baa">
         <name>PowerCC32XX_sleepPolicy</name>
         <value>0x2000db65</value>
         <object_component_ref idref="oc-374"/>
      </symbol>
      <symbol id="sm-bff">
         <name>resetISR</name>
         <value>0x20012151</value>
         <object_component_ref idref="oc-21"/>
      </symbol>
      <symbol id="sm-c00">
         <name>resetVectorAddr</name>
         <value>0x20012164</value>
         <object_component_ref idref="oc-21"/>
      </symbol>
      <symbol id="sm-c01">
         <name>initVectors</name>
         <value>0x200119e1</value>
         <object_component_ref idref="oc-59"/>
      </symbol>
      <symbol id="sm-c02">
         <name>resetVectors</name>
         <value>0x20004000</value>
         <object_component_ref idref="oc-27"/>
      </symbol>
      <symbol id="sm-c32">
         <name>SwiP_disable</name>
         <value>0x200120ad</value>
         <object_component_ref idref="oc-4c2"/>
      </symbol>
      <symbol id="sm-c33">
         <name>SwiP_restore</name>
         <value>0x20011539</value>
         <object_component_ref idref="oc-4fc"/>
      </symbol>
      <symbol id="sm-c3e">
         <name>CPUcpsid</name>
         <value>0x20012373</value>
         <object_component_ref idref="oc-a3"/>
      </symbol>
      <symbol id="sm-cab">
         <name>I2CRxFIFOFlush</name>
         <value>0x200121b3</value>
         <object_component_ref idref="oc-83b"/>
      </symbol>
      <symbol id="sm-cac">
         <name>I2CTxFIFOFlush</name>
         <value>0x200121cb</value>
         <object_component_ref idref="oc-835"/>
      </symbol>
      <symbol id="sm-cad">
         <name>I2CFIFODataPutNonBlocking</name>
         <value>0x20011dcf</value>
         <object_component_ref idref="oc-63a"/>
      </symbol>
      <symbol id="sm-cae">
         <name>I2CMasterBusBusy</name>
         <value>0x2001216b</value>
         <object_component_ref idref="oc-841"/>
      </symbol>
      <symbol id="sm-caf">
         <name>I2CMasterIntDisableEx</name>
         <value>0x20012183</value>
         <object_component_ref idref="oc-628"/>
      </symbol>
      <symbol id="sm-cb0">
         <name>I2CMasterBurstLengthSet</name>
         <value>0x20012305</value>
         <object_component_ref idref="oc-816"/>
      </symbol>
      <symbol id="sm-cb1">
         <name>I2CMasterIntClearEx</name>
         <value>0x2001243b</value>
         <object_component_ref idref="oc-61c"/>
      </symbol>
      <symbol id="sm-cb2">
         <name>I2CMasterSlaveAddrSet</name>
         <value>0x20011f75</value>
         <object_component_ref idref="oc-80a"/>
      </symbol>
      <symbol id="sm-cb3">
         <name>I2CMasterIntEnableEx</name>
         <value>0x2001219b</value>
         <object_component_ref idref="oc-81c"/>
      </symbol>
      <symbol id="sm-cb4">
         <name>I2CFIFOStatus</name>
         <value>0x20012515</value>
         <object_component_ref idref="oc-640"/>
      </symbol>
      <symbol id="sm-cb5">
         <name>I2CMasterIntStatusEx</name>
         <value>0x20012019</value>
         <object_component_ref idref="oc-616"/>
      </symbol>
      <symbol id="sm-cb6">
         <name>I2CFIFODataGetNonBlocking</name>
         <value>0x20011e71</value>
         <object_component_ref idref="oc-802"/>
      </symbol>
      <symbol id="sm-cfb">
         <name>IntVTableBaseSet</name>
         <value>0x200123c5</value>
         <object_component_ref idref="oc-af"/>
      </symbol>
      <symbol id="sm-cfc">
         <name>IntEnable</name>
         <value>0x2000f66d</value>
         <object_component_ref idref="oc-b5"/>
      </symbol>
      <symbol id="sm-cfd">
         <name>IntMasterDisable</name>
         <value>0x20012665</value>
         <object_component_ref idref="oc-53"/>
      </symbol>
      <symbol id="sm-cfe">
         <name>IntPendSet</name>
         <value>0x2000fd25</value>
         <object_component_ref idref="oc-8d5"/>
      </symbol>
      <symbol id="sm-d38">
         <name>PinModeGet</name>
         <value>0x20011b95</value>
         <object_component_ref idref="oc-277"/>
      </symbol>
      <symbol id="sm-d39">
         <name>PinConfigSet</name>
         <value>0x2000fdad</value>
         <object_component_ref idref="oc-3bd"/>
      </symbol>
      <symbol id="sm-d3a">
         <name>PinModeSet</name>
         <value>0x200116cd</value>
         <object_component_ref idref="oc-27d"/>
      </symbol>
      <symbol id="sm-d3b">
         <name>PinToPadGet</name>
         <value>0x20012091</value>
         <object_component_ref idref="oc-8a3"/>
      </symbol>
      <symbol id="sm-e04">
         <name>PRCMLPDSRestoreInfoSet</name>
         <value>0x2001146d</value>
         <object_component_ref idref="oc-8b7"/>
      </symbol>
      <symbol id="sm-e05">
         <name>PRCMPeripheralReset</name>
         <value>0x20010bdd</value>
         <object_component_ref idref="oc-26b"/>
      </symbol>
      <symbol id="sm-e06">
         <name>PRCMLPDSEnter</name>
         <value>0x2001127d</value>
         <object_component_ref idref="oc-6e3"/>
      </symbol>
      <symbol id="sm-e07">
         <name>PRCMPeripheralClkEnable</name>
         <value>0x200112c5</value>
         <object_component_ref idref="oc-265"/>
      </symbol>
      <symbol id="sm-e08">
         <name>PRCMLPDSEnterKeepDebugIf</name>
         <value>0x20011939</value>
         <object_component_ref idref="oc-6e9"/>
      </symbol>
      <symbol id="sm-e09">
         <name>PRCMCC3200MCUInit</name>
         <value>0x2000ca91</value>
         <object_component_ref idref="oc-1ce"/>
      </symbol>
      <symbol id="sm-e0a">
         <name>PRCMHIBRegWrite</name>
         <value>0x20012331</value>
         <object_component_ref idref="oc-259"/>
      </symbol>
      <symbol id="sm-e0b">
         <name>PRCMSysResetCauseGet</name>
         <value>0x20010951</value>
         <object_component_ref idref="oc-252"/>
      </symbol>
      <symbol id="sm-e0c">
         <name>PRCMPeripheralClkDisable</name>
         <value>0x20011df9</value>
         <object_component_ref idref="oc-271"/>
      </symbol>
      <symbol id="sm-e0d">
         <name>PRCMHIBRegRead</name>
         <value>0x2001231b</value>
         <object_component_ref idref="oc-25f"/>
      </symbol>
      <symbol id="sm-e55">
         <name>TimerLoadSet</name>
         <value>0x20011d7b</value>
         <object_component_ref idref="oc-9f5"/>
      </symbol>
      <symbol id="sm-e56">
         <name>TimerDisable</name>
         <value>0x20012055</value>
         <object_component_ref idref="oc-a09"/>
      </symbol>
      <symbol id="sm-e57">
         <name>TimerEnable</name>
         <value>0x20012073</value>
         <object_component_ref idref="oc-a02"/>
      </symbol>
      <symbol id="sm-e58">
         <name>TimerIntDisable</name>
         <value>0x2001222d</value>
         <object_component_ref idref="oc-a0f"/>
      </symbol>
      <symbol id="sm-e59">
         <name>TimerPrescaleSet</name>
         <value>0x20011da5</value>
         <object_component_ref idref="oc-9ef"/>
      </symbol>
      <symbol id="sm-e5a">
         <name>TimerControlStall</name>
         <value>0x20011ac1</value>
         <object_component_ref idref="oc-aab"/>
      </symbol>
      <symbol id="sm-e5b">
         <name>TimerIntEnable</name>
         <value>0x20012245</value>
         <object_component_ref idref="oc-9fc"/>
      </symbol>
      <symbol id="sm-e5c">
         <name>TimerIntClear</name>
         <value>0x2001245f</value>
         <object_component_ref idref="oc-ab3"/>
      </symbol>
      <symbol id="sm-e70">
         <name>UARTBusy</name>
         <value>0x2001225d</value>
         <object_component_ref idref="oc-971"/>
      </symbol>
      <symbol id="sm-e71">
         <name>UARTIntEnable</name>
         <value>0x20012275</value>
         <object_component_ref idref="oc-a86"/>
      </symbol>
      <symbol id="sm-e75">
         <name>UtilsDelay</name>
         <value>0x200126bf</value>
         <object_component_ref idref="oc-258"/>
      </symbol>
      <symbol id="sm-e85">
         <name>FlashDisable</name>
         <value>0x20011235</value>
         <object_component_ref idref="oc-8cd"/>
      </symbol>
      <symbol id="sm-eb4">
         <name>snprintf</name>
         <value>0x200111e9</value>
         <object_component_ref idref="oc-2d1"/>
      </symbol>
      <symbol id="sm-ebe">
         <name>__aeabi_fmul</name>
         <value>0x200102c7</value>
         <object_component_ref idref="oc-68e"/>
      </symbol>
      <symbol id="sm-ec8">
         <name>__aeabi_f2iz</name>
         <value>0x20011a51</value>
         <object_component_ref idref="oc-693"/>
      </symbol>
      <symbol id="sm-ed3">
         <name>__aeabi_i2f</name>
         <value>0x20011a89</value>
         <object_component_ref idref="oc-689"/>
      </symbol>
      <symbol id="sm-edc">
         <name>__aeabi_lmul</name>
         <value>0x200122ed</value>
         <object_component_ref idref="oc-4f1"/>
      </symbol>
      <symbol id="sm-ef7">
         <name>memcpy</name>
         <value>0x2000fa3d</value>
         <object_component_ref idref="oc-3b"/>
      </symbol>
      <symbol id="sm-ef8">
         <name>__aeabi_memcpy</name>
         <value>0x2000fa3d</value>
         <object_component_ref idref="oc-3b"/>
      </symbol>
      <symbol id="sm-ef9">
         <name>__aeabi_memcpy8</name>
         <value>0x2000fa3d</value>
         <object_component_ref idref="oc-3b"/>
      </symbol>
      <symbol id="sm-efa">
         <name>__aeabi_memcpy4</name>
         <value>0x2000fa3d</value>
         <object_component_ref idref="oc-3b"/>
      </symbol>
      <symbol id="sm-f07">
         <name>__aeabi_uldivmod</name>
         <value>0x2000fb71</value>
         <object_component_ref idref="oc-4e6"/>
      </symbol>
      <symbol id="sm-f1b">
         <name>__TI_zero_init_nomemset</name>
         <value>0x200120c9</value>
         <object_component_ref idref="oc-47"/>
      </symbol>
      <symbol id="sm-f32">
         <name>__TI_decompress_none</name>
         <value>0x20012607</value>
         <object_component_ref idref="oc-1a"/>
      </symbol>
      <symbol id="sm-f55">
         <name>__TI_decompress_lzss</name>
         <value>0x2001074f</value>
         <object_component_ref idref="oc-14"/>
      </symbol>
      <symbol id="sm-fde">
         <name>_sys_memory</name>
         <value>0x20004040</value>
         <object_component_ref idref="oc-2a"/>
      </symbol>
      <symbol id="sm-fdf">
         <name>free</name>
         <value>0x2000ecd5</value>
         <object_component_ref idref="oc-519"/>
      </symbol>
      <symbol id="sm-fe0">
         <name>memalign</name>
         <value>0x2000e8e9</value>
         <object_component_ref idref="oc-738"/>
      </symbol>
      <symbol id="sm-fe1">
         <name>malloc</name>
         <value>0x20012695</value>
         <object_component_ref idref="oc-574"/>
      </symbol>
      <symbol id="sm-fe2">
         <name>aligned_alloc</name>
         <value>0x2000e8e9</value>
         <object_component_ref idref="oc-738"/>
      </symbol>
      <symbol id="sm-ff4">
         <name>__stack</name>
         <value>0x20003000</value>
         <object_component_ref idref="oc-2d"/>
      </symbol>
      <symbol id="sm-ff5">
         <name>_c_int00_noargs</name>
         <value>0x20011f51</value>
         <object_component_ref idref="oc-c5"/>
      </symbol>
      <symbol id="sm-115a">
         <name>__TI_printfi</name>
         <value>0x2000c041</value>
         <object_component_ref idref="oc-40a"/>
      </symbol>
      <symbol id="sm-1164">
         <name>__aeabi_idiv0</name>
         <value>0x20010887</value>
         <object_component_ref idref="oc-6b4"/>
      </symbol>
      <symbol id="sm-1165">
         <name>__aeabi_ldiv0</name>
         <value>0x20010887</value>
         <object_component_ref idref="oc-6b4"/>
      </symbol>
      <symbol id="sm-117c">
         <name>__aeabi_dsub</name>
         <value>0x2000d9ad</value>
         <object_component_ref idref="oc-7ab"/>
      </symbol>
      <symbol id="sm-117d">
         <name>__aeabi_dadd</name>
         <value>0x2000d9b7</value>
         <object_component_ref idref="oc-7ab"/>
      </symbol>
      <symbol id="sm-119f">
         <name>__aeabi_cdcmpeq</name>
         <value>0x2000febd</value>
         <object_component_ref idref="oc-5b6"/>
      </symbol>
      <symbol id="sm-11a0">
         <name>__aeabi_cdcmple</name>
         <value>0x2000febd</value>
         <object_component_ref idref="oc-5b6"/>
      </symbol>
      <symbol id="sm-11a1">
         <name>__aeabi_cdrcmple</name>
         <value>0x2000ff43</value>
         <object_component_ref idref="oc-796"/>
      </symbol>
      <symbol id="sm-11b5">
         <name>__aeabi_ddiv</name>
         <value>0x2000e205</value>
         <object_component_ref idref="oc-791"/>
      </symbol>
      <symbol id="sm-11c0">
         <name>__aeabi_dmul</name>
         <value>0x2000eae5</value>
         <object_component_ref idref="oc-78c"/>
      </symbol>
      <symbol id="sm-11ca">
         <name>__aeabi_d2iz</name>
         <value>0x20011355</value>
         <object_component_ref idref="oc-79b"/>
      </symbol>
      <symbol id="sm-11d4">
         <name>__aeabi_i2d</name>
         <value>0x20011cf5</value>
         <object_component_ref idref="oc-7a6"/>
      </symbol>
      <symbol id="sm-11e3">
         <name>__aeabi_memset</name>
         <value>0x20010343</value>
         <object_component_ref idref="oc-9d"/>
      </symbol>
      <symbol id="sm-11e4">
         <name>memset</name>
         <value>0x20010349</value>
         <object_component_ref idref="oc-9d"/>
      </symbol>
      <symbol id="sm-11e5">
         <name>__aeabi_memset8</name>
         <value>0x20010343</value>
         <object_component_ref idref="oc-9d"/>
      </symbol>
      <symbol id="sm-11e6">
         <name>__aeabi_memset4</name>
         <value>0x20010343</value>
         <object_component_ref idref="oc-9d"/>
      </symbol>
      <symbol id="sm-11e7">
         <name>__aeabi_memclr8</name>
         <value>0x20010341</value>
         <object_component_ref idref="oc-9d"/>
      </symbol>
      <symbol id="sm-11e8">
         <name>__aeabi_memclr4</name>
         <value>0x20010341</value>
         <object_component_ref idref="oc-9d"/>
      </symbol>
      <symbol id="sm-11e9">
         <name>__aeabi_memclr</name>
         <value>0x20010341</value>
         <object_component_ref idref="oc-9d"/>
      </symbol>
      <symbol id="sm-1211">
         <name>__TI_auto_init_nobinit_nopinit</name>
         <value>0x20011605</value>
         <object_component_ref idref="oc-172"/>
      </symbol>
      <symbol id="sm-121b">
         <name>_system_pre_init</name>
         <value>0x200126d1</value>
         <object_component_ref idref="oc-114"/>
      </symbol>
      <symbol id="sm-1227">
         <name>C$$EXIT</name>
         <value>0x200126d5</value>
         <object_component_ref idref="oc-166"/>
      </symbol>
      <symbol id="sm-1228">
         <name>abort</name>
         <value>0x200126d5</value>
         <object_component_ref idref="oc-166"/>
      </symbol>
      <symbol id="sm-123d">
         <name>_nop</name>
         <value>0x2000ef53</value>
         <object_component_ref idref="oc-336"/>
      </symbol>
      <symbol id="sm-123e">
         <name>_lock</name>
         <value>0x20012cb4</value>
         <object_component_ref idref="oc-205"/>
      </symbol>
      <symbol id="sm-123f">
         <name>_unlock</name>
         <value>0x20012cb8</value>
         <object_component_ref idref="oc-205"/>
      </symbol>
      <symbol id="sm-124e">
         <name>__TI_ltoa</name>
         <value>0x20010d39</value>
         <object_component_ref idref="oc-7a0"/>
      </symbol>
      <symbol id="sm-1265">
         <name>atoi</name>
         <value>0x20011151</value>
         <object_component_ref idref="oc-5aa"/>
      </symbol>
      <symbol id="sm-1270">
         <name>_ctypes_</name>
         <value>0x20012ce0</value>
         <object_component_ref idref="oc-785"/>
      </symbol>
      <symbol id="sm-1280">
         <name>memccpy</name>
         <value>0x20012101</value>
         <object_component_ref idref="oc-5d3"/>
      </symbol>
      <symbol id="sm-1290">
         <name>strchr</name>
         <value>0x2001235d</value>
         <object_component_ref idref="oc-7d7"/>
      </symbol>
      <symbol id="sm-129e">
         <name>strlen</name>
         <value>0x20012415</value>
         <object_component_ref idref="oc-5a4"/>
      </symbol>
      <symbol id="sm-12b4">
         <name>__aeabi_errno_addr</name>
         <value>0x2001268d</value>
         <object_component_ref idref="oc-5df"/>
      </symbol>
      <symbol id="sm-12b5">
         <name>errno</name>
         <value>0x20012cdc</value>
         <object_component_ref idref="oc-7e7"/>
      </symbol>
      <symbol id="sm-12ce">
         <name>wcslen</name>
         <value>0x20012483</value>
         <object_component_ref idref="oc-5d9"/>
      </symbol>
      <symbol id="sm-12ee">
         <name>frexpl</name>
         <value>0x20010acd</value>
         <object_component_ref idref="oc-7cb"/>
      </symbol>
      <symbol id="sm-12ef">
         <name>frexp</name>
         <value>0x20010acd</value>
         <object_component_ref idref="oc-7cb"/>
      </symbol>
      <symbol id="sm-130d">
         <name>scalbn</name>
         <value>0x2000edb9</value>
         <object_component_ref idref="oc-7d1"/>
      </symbol>
      <symbol id="sm-130e">
         <name>scalbnl</name>
         <value>0x2000edb9</value>
         <object_component_ref idref="oc-7d1"/>
      </symbol>
      <symbol id="sm-130f">
         <name>ldexpl</name>
         <value>0x2000edb9</value>
         <object_component_ref idref="oc-7d1"/>
      </symbol>
      <symbol id="sm-1310">
         <name>ldexp</name>
         <value>0x2000edb9</value>
         <object_component_ref idref="oc-7d1"/>
      </symbol>
      <symbol id="sm-131a">
         <name>copysign</name>
         <value>0x2001262d</value>
         <object_component_ref idref="oc-99e"/>
      </symbol>
      <symbol id="sm-131b">
         <name>copysignl</name>
         <value>0x2001262d</value>
         <object_component_ref idref="oc-99e"/>
      </symbol>
      <symbol id="sm-131c">
         <name>__TI_static_base__</name>
         <value>0x200135d8</value>
      </symbol>
      <symbol id="sm-131f">
         <name>ITM_flush</name>
         <value>0x0</value>
      </symbol>
      <symbol id="sm-1320">
         <name>ITM_restore</name>
         <value>0x0</value>
      </symbol>
      <symbol id="sm-1321">
         <name>__mpu_init</name>
         <value>0x0</value>
      </symbol>
      <symbol id="sm-1322">
         <name>_system_post_cinit</name>
         <value>0x0</value>
      </symbol>
      <symbol id="sm-1323">
         <name>NoRTOS_start</name>
         <value>0x200125cf</value>
      </symbol>
   </symbol_table>
   <title>Link successful</title>
</link_info>
