******************************************************************************
                  TI ARM Linker PC v20.2.7                     
******************************************************************************
>> Linked Tue Apr 16 12:00:06 2024

OUTPUT FILE NAME:   <gpiointerrupt_CC3220S_LAUNCHXL_nortos_ccs.out>
ENTRY POINT SYMBOL: "resetISR"  address: 20012151


MEMORY CONFIGURATION

         name            origin    length      used     unused   attr    fill
----------------------  --------  ---------  --------  --------  ----  --------
  SRAM2                 20000000   00004000  0000130c  00002cf4  RW X
  SRAM                  20004000   0003c000  0000f6ee  0002c912  RW X
  LOG_DATA              90000000   00040000  00000000  00040000  R   


SEGMENT ALLOCATION MAP

run origin  load origin   length   init length attrs members
----------  ----------- ---------- ----------- ----- -------
20003000    20003000    00001000   00000000    rw-
  20003000    20003000    00001000   00000000    rw- .stack
20004000    20004000    00000040   00000040    r--
  20004000    20004000    00000040   00000040    r-- .resetVecs
20004040    20004040    00008000   00000000    rw-
  20004040    20004040    00008000   00000000    rw- .sysmem
2000c040    2000c040    00006698   00006698    r-x
  2000c040    2000c040    00006698   00006698    r-x .text
200126d8    200126d8    00000608   00000000    rw-
  200126d8    200126d8    00000608   00000000    rw- .data
20012ce0    20012ce0    0000051a   0000051a    r--
  20012ce0    20012ce0    0000051a   0000051a    r-- .const
20013200    20013200    000003d4   00000000    rw-
  20013200    20013200    000003d4   00000000    rw- .bss
200135d8    200135d8    00000120   00000120    r--
  200135d8    200135d8    00000120   00000120    r-- .cinit


SECTION ALLOCATION MAP

 output                                  attributes/
section   page    origin      length       input sections
--------  ----  ----------  ----------   ----------------
.text      0    2000c040    00006698     
                  2000c040    00000a4e     rtsv7M4_T_le_eabi.lib : _printfi.c.obj (.text:__TI_printfi)
                  2000ca8e    00000002     ti_drivers_config.obj (.text:Board_initHook)
                  2000ca90    0000042c     driverlib.a : prcm.obj (.text:PRCMCC3200MCUInit)
                  2000cebc    00000288     drivers_cc32xx.a : UARTCC32XX.oem4 (.text:UARTCC32XX_open)
                  2000d144    00000268     rtsv7M4_T_le_eabi.lib : _printfi.c.obj (.text:_pconv_a)
                  2000d3ac    00000250     gpiointerrupt.obj (.text:initI2C)
                  2000d5fc    000001e4     drivers_cc32xx.a : GPIOCC32XX.oem4 (.text:GPIO_setConfig)
                  2000d7e0    000001cc     rtsv7M4_T_le_eabi.lib : _printfi.c.obj (.text:_pconv_g)
                  2000d9ac    000001b6                           : fd_add_t2.asm.obj (.text)
                  2000db62    00000002     drivers_cc32xx.a : I2C.oem4 (.text:I2C_init)
                  2000db64    0000019c     nortos_cc32xx.a : PowerCC32XX_nortos.oem4 (.text:PowerCC32XX_sleepPolicy)
                  2000dd00    00000148     drivers_cc32xx.a : I2CCC32XX.oem4 (.text:I2CCC32XX_hwiFxn)
                  2000de48    00000148                      : PowerCC32XX.oem4 (.text:parkPins)
                  2000df90    0000013c     rtsv7M4_T_le_eabi.lib : _printfi.c.obj (.text:_pconv_e)
                  2000e0cc    00000138     drivers_cc32xx.a : PowerCC32XX.oem4 (.text:Power_sleep)
                  2000e204    00000136     rtsv7M4_T_le_eabi.lib : fd_div_t2.asm.obj (.text)
                  2000e33a    00000002     nortos_cc32xx.a : PowerCC32XX_nortos.oem4 (.text:PowerCC32XX_initPolicy)
                  2000e33c    00000128     drivers_cc32xx.a : TimerCC32XX.oem4 (.text:TimerCC32XX_open)
                  2000e464    00000122                      : I2C.oem4 (.text:I2C_transferTimeout)
                  2000e586    00000002                      : TimerCC32XX.oem4 (.text:TimerCC32XX_init)
                  2000e588    00000120                      : UARTCC32XX.oem4 (.text:UARTCC32XX_close)
                  2000e6a8    00000120     rtsv7M4_T_le_eabi.lib : _printfi.c.obj (.text:fcvt)
                  2000e7c8    00000120     gpiointerrupt.obj (.text:readTemp)
                  2000e8e8    00000100     rtsv7M4_T_le_eabi.lib : memory.c.obj (.text:aligned_alloc)
                  2000e9e8    000000fc     drivers_cc32xx.a : I2CCC32XX.oem4 (.text:I2C_open)
                  2000eae4    000000fc     rtsv7M4_T_le_eabi.lib : fd_mul_t2.asm.obj (.text)
                  2000ebe0    000000f2     drivers_cc32xx.a : UARTCC32XX.oem4 (.text:UARTCC32XX_control)
                  2000ecd2    00000002                      : UARTCC32XX.oem4 (.text:UARTCC32XX_init)
                  2000ecd4    000000e4     rtsv7M4_T_le_eabi.lib : memory.c.obj (.text:free)
                  2000edb8    000000d0                           : s_scalbn.c.obj (.text:scalbn)
                  2000ee88    000000ca     drivers_cc32xx.a : UARTCC32XX.oem4 (.text:UARTCC32XX_write)
                  2000ef52    00000002     rtsv7M4_T_le_eabi.lib : _lock.c.obj (.text:_nop)
                  2000ef54    000000c4     drivers_cc32xx.a : GPIOCC32XX.oem4 (.text:GPIO_init)
                  2000f018    000000c0                      : PowerCC32XX.oem4 (.text:restoreParkedPins)
                  2000f0d8    000000ba                      : UARTCC32XX.oem4 (.text:UARTCC32XX_readPolling)
                  2000f192    00000002     nortos_cc32xx.a : startup_cc32xx_ccs.oem4 (.text:busFaultHandler)
                  2000f194    000000b8     drivers_cc32xx.a : UARTCC32XX.oem4 (.text:initHw)
                  2000f24c    000000b6                      : UARTCC32XX.oem4 (.text:readTaskCallback)
                  2000f302    000000b2                      : I2CCC32XX.oem4 (.text:I2CCC32XX_completeTransfer)
                  2000f3b4    000000b1     rtsv7M4_T_le_eabi.lib : _printfi.c.obj (.text:_ltostr)
                  2000f465    00000001     --HOLE-- [fill = 0]
                  2000f466    000000b0     drivers_cc32xx.a : UARTCC32XX.oem4 (.text:readTaskBlocking)
                  2000f516    000000ae                      : UARTCC32XX.oem4 (.text:readIsrTextBlocking)
                  2000f5c4    000000a8                      : I2CCC32XX.oem4 (.text:I2CCC32XX_primeWriteBurst)
                  2000f66c    000000a8     driverlib.a : interrupt.obj (.text:IntEnable)
                  2000f714    000000a8     drivers_cc32xx.a : PowerCC32XX.oem4 (.text:PowerCC32XX_configureWakeup)
                  2000f7bc    000000a2                      : UARTCC32XX.oem4 (.text:readIsrTextCallback)
                  2000f85e    000000a2                      : UARTCC32XX.oem4 (.text:writeData)
                  2000f900    000000a0     nortos_cc32xx.a : SemaphoreP_nortos.oem4 (.text:SemaphoreP_pend)
                  2000f9a0    0000009c     drivers_cc32xx.a : I2CCC32XX.oem4 (.text:I2CCC32XX_initHw)
                  2000fa3c    0000009c     rtsv7M4_T_le_eabi.lib : memcpy_t2.asm.obj (.text)
                  2000fad8    00000098     drivers_cc32xx.a : GPIOCC32XX.oem4 (.text:powerNotifyFxn)
                  2000fb70    00000096     rtsv7M4_T_le_eabi.lib : ull_div_t2.asm.obj (.text)
                  2000fc06    00000002     nortos_cc32xx.a : SemaphoreP_nortos.oem4 (.text:clkFxn)
                  2000fc08    00000090     drivers_cc32xx.a : PowerCC32XX.oem4 (.text:restoreNVICRegs)
                  2000fc98    0000008c     nortos_cc32xx.a : HwiPCC32XX_nortos.oem4 (.text:HwiP_construct)
                  2000fd24    00000088     driverlib.a : interrupt.obj (.text:IntPendSet)
                  2000fdac    00000088                 : pin.obj (.text:PinConfigSet)
                  2000fe34    00000088     drivers_cc32xx.a : TimerCC32XX.oem4 (.text:TimerCC32XX_setPeriod)
                  2000febc    00000086     rtsv7M4_T_le_eabi.lib : fd_cmp_t2.asm.obj (.text:__aeabi_cdcmple)
                  2000ff42    00000086                           : fd_cmp_t2.asm.obj (.text:__aeabi_cdrcmple)
                  2000ffc8    00000084     drivers_cc32xx.a : PowerCC32XX.oem4 (.text:Power_init)
                  2001004c    00000084                      : PowerCC32XX.oem4 (.text:saveNVICRegs)
                  200100d0    00000080                      : PowerCC32XX.oem4 (.text:Power_setDependency)
                  20010150    00000080     gpiointerrupt.obj (.text:timerCallback)
                  200101d0    0000007c     drivers_cc32xx.a : UARTCC32XX.oem4 (.text:readIsrBinaryBlocking)
                  2001024c    0000007a                      : I2CCC32XX.oem4 (.text:I2CCC32XX_primeReadBurst)
                  200102c6    0000007a     rtsv7M4_T_le_eabi.lib : fs_mul_t2.asm.obj (.text)
                  20010340    0000007a                           : memset_t2.asm.obj (.text)
                  200103ba    00000002     nortos_cc32xx.a : startup_cc32xx_ccs.oem4 (.text:defaultHandler)
                  200103bc    00000078     drivers_cc32xx.a : GPIOCC32XX.oem4 (.text:GPIO_hwiIntFxn)
                  20010434    00000078                      : TimerCC32XX.oem4 (.text:TimerCC32XX_start)
                  200104ac    00000078                      : UARTCC32XX.oem4 (.text:readIsrBinaryCallback)
                  20010524    00000074                      : UARTCC32XX.oem4 (.text:UARTCC32XX_hwiIntFxn)
                  20010598    00000070     rtsv7M4_T_le_eabi.lib : memory.c.obj (.text:split)
                  20010608    0000006e                           : _printfi.c.obj (.text:_mcpy)
                  20010676    00000002     nortos_cc32xx.a : startup_cc32xx_ccs.oem4 (.text:faultISR)
                  20010678    0000006c     gpiointerrupt.obj (.text:setHeat)
                  200106e4    0000006a     drivers_cc32xx.a : I2CCC32XX.oem4 (.text:I2CSupport_primeTransfer)
                  2001074e    00000068     rtsv7M4_T_le_eabi.lib : copy_decompress_lzss.c.obj (.text:decompress:lzss:__TI_decompress_lzss)
                  200107b6    00000002     nortos_cc32xx.a : startup_cc32xx_ccs.oem4 (.text:nmiISR)
                  200107b8    00000068     gpiointerrupt.obj (.text:mainThread)
                  20010820    00000066     drivers_cc32xx.a : UARTCC32XX.oem4 (.text:UARTCC32XX_writeCancel)
                  20010886    00000002     rtsv7M4_T_le_eabi.lib : div0.asm.obj (.text)
                  20010888    00000064     drivers_cc32xx.a : PowerCC32XX.oem4 (.text:PowerCC32XX_setParkState)
                  200108ec    00000062                      : UARTCC32XX.oem4 (.text:UARTCC32XX_writePolling)
                  2001094e    00000002     --HOLE-- [fill = 0]
                  20010950    00000060     driverlib.a : prcm.obj (.text:PRCMSysResetCauseGet)
                  200109b0    00000060     gpiointerrupt.obj (.text:changeTempSetPoint)
                  20010a10    00000060     gpiointerrupt.obj (.text:sendToUART)
                  20010a70    0000005c     drivers_cc32xx.a : GPIOCC32XX.oem4 (.text:GPIO_setCallback)
                  20010acc    0000005c     rtsv7M4_T_le_eabi.lib : s_frexp.c.obj (.text:frexp)
                  20010b28    0000005c     nortos_cc32xx.a : ClockPSysTick_nortos.oem4 (.text:sysTickInit)
                  20010b84    00000058     drivers_cc32xx.a : GPIOCC32XX.oem4 (.text:GPIO_write)
                  20010bdc    00000058     driverlib.a : prcm.obj (.text:PRCMPeripheralReset)
                  20010c34    00000058     drivers_cc32xx.a : PowerCC32XX.oem4 (.text:Power_releaseDependency)
                  20010c8c    00000056                      : TimerCC32XX.oem4 (.text:TimerCC32XX_stop)
                  20010ce2    00000056     rtsv7M4_T_le_eabi.lib : _printfi.c.obj (.text:_pconv_f)
                  20010d38    00000054                           : _ltoa.c.obj (.text:__TI_ltoa)
                  20010d8c    00000054     gpiointerrupt.obj (.text:initTimer)
                  20010de0    00000054     drivers_cc32xx.a : UARTCC32XX.oem4 (.text:ringBufGet)
                  20010e34    00000052                      : PowerCC32XX_asm.oem4 (.text:PowerCC32XX_resumeLPDS)
                  20010e86    00000052     rtsv7M4_T_le_eabi.lib : _printfi.c.obj (.text:_ecpy)
                  20010ed8    00000052     drivers_cc32xx.a : TimerCC32XX.oem4 (.text:initHw)
                  20010f2a    00000002     --HOLE-- [fill = 0]
                  20010f2c    00000050     nortos_cc32xx.a : ClockPSysTick_nortos.oem4 (.text:ClockP_sysTickHandler)
                  20010f7c    00000050                     : SemaphoreP_nortos.oem4 (.text:SemaphoreP_construct)
                  20010fcc    00000050     drivers_cc32xx.a : TimerCC32XX.oem4 (.text:TimerCC32XX_allocateTimerResource)
                  2001101c    00000050     gpiointerrupt.obj (.text:initGPIO)
                  2001106c    0000004c     drivers_cc32xx.a : GPIOCC32XX.oem4 (.text:GPIO_enableInt)
                  200110b8    0000004c                      : I2CCC32XX.oem4 (.text:I2CCC32XX_readRecieveFifo)
                  20011104    0000004c                      : PowerCC32XX.oem4 (.text:PowerCC32XX_parkPin)
                  20011150    0000004c     rtsv7M4_T_le_eabi.lib : atoi.c.obj (.text:atoi)
                  2001119c    0000004c     drivers_cc32xx.a : PowerCC32XX.oem4 (.text:restorePeriphClocks)
                  200111e8    0000004c     rtsv7M4_T_le_eabi.lib : snprintf.c.obj (.text:snprintf)
                  20011234    00000048     driverlib.a : flash.obj (.text:FlashDisable)
                  2001127c    00000048                 : prcm.obj (.text:PRCMLPDSEnter)
                  200112c4    00000048                 : prcm.obj (.text:PRCMPeripheralClkEnable)
                  2001130c    00000048     drivers_cc32xx.a : PowerCC32XX.oem4 (.text:Power_releaseConstraint)
                  20011354    00000048     rtsv7M4_T_le_eabi.lib : fd_toi_t2.asm.obj (.text)
                  2001139c    00000046     drivers_cc32xx.a : RingBuf.oem4 (.text:RingBuf_put)
                  200113e2    00000046                      : TimerCC32XX.oem4 (.text:getPrescaler)
                  20011428    00000044     nortos_cc32xx.a : ClockPSysTick_nortos.oem4 (.text:ClockP_stop)
                  2001146c    00000044     driverlib.a : prcm.obj (.text:PRCMLPDSRestoreInfoSet)
                  200114b0    00000044     drivers_cc32xx.a : PowerCC32XX_asm.oem4 (.text:PowerCC32XX_enterLPDS)
                  200114f4    00000044     nortos_cc32xx.a : SemaphoreP_nortos.oem4 (.text:SemaphoreP_post)
                  20011538    00000044                     : SwiP_nortos.oem4 (.text:SwiP_restore)
                  2001157c    00000044     drivers_cc32xx.a : Timer.oem4 (.text:Timer_init)
                  200115c0    00000044                      : UART.oem4 (.text:UART_init)
                  20011604    00000044     rtsv7M4_T_le_eabi.lib : autoinit.c.obj (.text:__TI_auto_init_nobinit_nopinit:__TI_auto_init_nobinit_nopinit)
                  20011648    00000044     gpiointerrupt.obj (.text:initUART)
                  2001168c    00000040     nortos_cc32xx.a : ClockPSysTick_nortos.oem4 (.text:ClockP_construct)
                  200116cc    00000040     driverlib.a : pin.obj (.text:PinModeSet)
                  2001170c    00000040     drivers_cc32xx.a : RingBuf.oem4 (.text:RingBuf_get)
                  2001174c    00000040                      : Timer.oem4 (.text:Timer_open)
                  2001178c    00000040                      : UARTCC32XX.oem4 (.text:UARTCC32XX_read)
                  200117cc    00000040                      : UART.oem4 (.text:UART_open)
                  2001180c    0000003e     rtsv7M4_T_le_eabi.lib : _printfi.c.obj (.text:_fcpy)
                  2001184a    00000002     --HOLE-- [fill = 0]
                  2001184c    0000003c     nortos_cc32xx.a : ClockPSysTick_nortos.oem4 (.text:ClockP_destruct)
                  20011888    0000003c     drivers_cc32xx.a : PowerCC32XX.oem4 (.text:Power_setConstraint)
                  200118c4    0000003a                      : TimerCC32XX.oem4 (.text:TimerCC32XX_close)
                  200118fe    0000003a     nortos_cc32xx.a : PowerCC32XX_nortos.oem4 (.text:getCountsRTC)
                  20011938    00000038     driverlib.a : prcm.obj (.text:PRCMLPDSEnterKeepDebugIf)
                  20011970    00000038     drivers_cc32xx.a : TimerCC32XX.oem4 (.text:TimerCC32XX_hwiIntFunction)
                  200119a8    00000038     nortos_cc32xx.a : ClockPSysTick_nortos.oem4 (.text:addToList)
                  200119e0    00000038                     : startup_cc32xx_ccs.oem4 (.text:initVectors)
                  20011a18    00000038     drivers_cc32xx.a : PowerCC32XX.oem4 (.text:notify)
                  20011a50    00000038     rtsv7M4_T_le_eabi.lib : fs_toi_t2.asm.obj (.text)
                  20011a88    00000038                           : i_tofs_t2.asm.obj (.text)
                  20011ac0    00000036     driverlib.a : timer.obj (.text:TimerControlStall)
                  20011af6    00000036     drivers_cc32xx.a : UARTCC32XX.oem4 (.text:UARTCC32XX_readCancel)
                  20011b2c    00000034     nortos_cc32xx.a : ClockPSysTick_nortos.oem4 (.text:ClockP_getTicksUntilInterrupt)
                  20011b60    00000034                     : ClockPSysTick_nortos.oem4 (.text:ClockP_startup)
                  20011b94    00000034     driverlib.a : pin.obj (.text:PinModeGet)
                  20011bc8    00000034     drivers_cc32xx.a : PowerCC32XX.oem4 (.text:PowerCC32XX_restoreParkState)
                  20011bfc    00000034                      : TimerCC32XX.oem4 (.text:TimerCC32XX_freeTimerResource)
                  20011c30    00000034                      : TimerCC32XX.oem4 (.text:getPowerMgrId)
                  20011c64    00000030     nortos_cc32xx.a : ClockPSysTick_nortos.oem4 (.text:ClockP_start)
                  20011c94    00000030     drivers_cc32xx.a : PowerCC32XX.oem4 (.text:PowerCC32XX_restoreParkedPin)
                  20011cc4    00000030     rtsv7M4_T_le_eabi.lib : snprintf.c.obj (.text:_outs)
                  20011cf4    0000002e                           : i_tofd_t2.asm.obj (.text)
                  20011d22    00000002     --HOLE-- [fill = 0]
                  20011d24    0000002c     drivers_cc32xx.a : PowerCC32XX.oem4 (.text:PowerCC32XX_getParkState)
                  20011d50    0000002a     nortos_cc32xx.a : HwiPCC32XX_nortos.oem4 (.text:HwiP_create)
                  20011d7a    0000002a     driverlib.a : timer.obj (.text:TimerLoadSet)
                  20011da4    0000002a                 : timer.obj (.text:TimerPrescaleSet)
                  20011dce    00000028                 : i2c.obj (.text:I2CFIFODataPutNonBlocking)
                  20011df6    00000002     --HOLE-- [fill = 0]
                  20011df8    00000028                 : prcm.obj (.text:PRCMPeripheralClkDisable)
                  20011e20    00000028     drivers_cc32xx.a : PowerCC32XX.oem4 (.text:Power_registerNotify)
                  20011e48    00000028     rtsv7M4_T_le_eabi.lib : memory.c.obj (.text:free_list_insert)
                  20011e70    00000026     driverlib.a : i2c.obj (.text:I2CFIFODataGetNonBlocking)
                  20011e96    00000026     drivers_cc32xx.a : I2C.oem4 (.text:I2C_cancel)
                  20011ebc    00000026                      : List.oem4 (.text:List_put)
                  20011ee2    00000026                      : List.oem4 (.text:List_remove)
                  20011f08    00000024     nortos_cc32xx.a : HwiPCC32XX_nortos.oem4 (.text:HwiP_dispatch)
                  20011f2c    00000024     drivers_cc32xx.a : PowerCC32XX.oem4 (.text:PowerCC32XX_reset)
                  20011f50    00000024     rtsv7M4_T_le_eabi.lib : boot_cortex_m.c.obj (.text:_c_int00_noargs:_c_int00_noargs)
                  20011f74    00000022     driverlib.a : i2c.obj (.text:I2CMasterSlaveAddrSet)
                  20011f96    00000020     nortos_cc32xx.a : HwiPCC32XX_nortos.oem4 (.text:HwiP_destruct)
                  20011fb6    00000002     --HOLE-- [fill = 0]
                  20011fb8    00000020     drivers_cc32xx.a : PowerCC32XX.oem4 (.text:Power_unregisterNotify)
                  20011fd8    00000020                      : RingBuf.oem4 (.text:RingBuf_peek)
                  20011ff8    00000020                      : UARTCC32XX.oem4 (.text:getPowerMgrId)
                  20012018    0000001e     driverlib.a : i2c.obj (.text:I2CMasterIntStatusEx)
                  20012036    0000001e     nortos_cc32xx.a : SemaphoreP_nortos.oem4 (.text:SemaphoreP_constructBinary)
                  20012054    0000001e     driverlib.a : timer.obj (.text:TimerDisable)
                  20012072    0000001e                 : timer.obj (.text:TimerEnable)
                  20012090    0000001c                 : pin.obj (.text:PinToPadGet)
                  200120ac    0000001c     nortos_cc32xx.a : SwiP_nortos.oem4 (.text:SwiP_disable)
                  200120c8    0000001c     rtsv7M4_T_le_eabi.lib : copy_zero_init.c.obj (.text:decompress:ZI:__TI_zero_init_nomemset:__TI_zero_init_nomemset)
                  200120e4    0000001c                           : memory.c.obj (.text:free_list_remove)
                  20012100    0000001c                           : memccpy.c.obj (.text:memccpy)
                  2001211c    0000001a     nortos_cc32xx.a : ClockPSysTick_nortos.oem4 (.text:ClockP_create)
                  20012136    0000001a                     : SemaphoreP_nortos.oem4 (.text:SemaphoreP_createBinary)
                  20012150    0000001a                     : startup_cc32xx_ccs.oem4 (.text:resetISR)
                  2001216a    00000018     driverlib.a : i2c.obj (.text:I2CMasterBusBusy)
                  20012182    00000018                 : i2c.obj (.text:I2CMasterIntDisableEx)
                  2001219a    00000018                 : i2c.obj (.text:I2CMasterIntEnableEx)
                  200121b2    00000018                 : i2c.obj (.text:I2CRxFIFOFlush)
                  200121ca    00000018                 : i2c.obj (.text:I2CTxFIFOFlush)
                  200121e2    00000002     --HOLE-- [fill = 0]
                  200121e4    00000018     drivers_cc32xx.a : PowerCC32XX.oem4 (.text:Power_getTransitionLatency)
                  200121fc    00000018                      : PowerCC32XX.oem4 (.text:Power_idleFunc)
                  20012214    00000018                      : TimerCC32XX.oem4 (.text:TimerCC32XX_getCount)
                  2001222c    00000018     driverlib.a : timer.obj (.text:TimerIntDisable)
                  20012244    00000018                 : timer.obj (.text:TimerIntEnable)
                  2001225c    00000018                 : uart.obj (.text:UARTBusy)
                  20012274    00000018                 : uart.obj (.text:UARTIntEnable)
                  2001228c    00000018     drivers_cc32xx.a : UART.oem4 (.text:UART_Params_init)
                  200122a4    00000018     rtsv7M4_T_le_eabi.lib : snprintf.c.obj (.text:_outc)
                  200122bc    00000018     gpiointerrupt.obj (.text:gpioButton0Increase)
                  200122d4    00000018     gpiointerrupt.obj (.text:gpioButton1Decrease)
                  200122ec    00000018     rtsv7M4_T_le_eabi.lib : ll_mul_t2.asm.obj (.text)
                  20012304    00000016     driverlib.a : i2c.obj (.text:I2CMasterBurstLengthSet)
                  2001231a    00000016                 : prcm.obj (.text:PRCMHIBRegRead)
                  20012330    00000016                 : prcm.obj (.text:PRCMHIBRegWrite)
                  20012346    00000016     nortos_cc32xx.a : SemaphoreP_nortos.oem4 (.text:SemaphoreP_create)
                  2001235c    00000016     rtsv7M4_T_le_eabi.lib : strchr.c.obj (.text:strchr)
                  20012372    00000014     driverlib.a : cpu.obj (.text:CPUcpsid)
                  20012386    00000002     --HOLE-- [fill = 0]
                  20012388    00000014     nortos_cc32xx.a : HwiPCC32XX_nortos.oem4 (.text:HwiP_inISR)
                  2001239c    00000014     drivers_cc32xx.a : I2CCC32XX.oem4 (.text:I2CSupport_masterFinish)
                  200123b0    00000014                      : I2C.oem4 (.text:I2C_transfer)
                  200123c4    00000014     driverlib.a : interrupt.obj (.text:IntVTableBaseSet)
                  200123d8    00000014     drivers_cc32xx.a : PowerCC32XX.oem4 (.text:Power_disablePolicy)
                  200123ec    00000014                      : PowerCC32XX.oem4 (.text:Power_getDependencyCount)
                  20012400    00000014                      : UARTCC32XX.oem4 (.text:releasePowerConstraint)
                  20012414    00000014     rtsv7M4_T_le_eabi.lib : strlen.c.obj (.text:strlen)
                  20012428    00000012     nortos_cc32xx.a : HwiPCC32XX_nortos.oem4 (.text:HwiP_Params_init)
                  2001243a    00000012     driverlib.a : i2c.obj (.text:I2CMasterIntClearEx)
                  2001244c    00000012     drivers_cc32xx.a : RingBuf.oem4 (.text:RingBuf_construct)
                  2001245e    00000012     driverlib.a : timer.obj (.text:TimerIntClear)
                  20012470    00000012     main_nortos.obj (.text:main)
                  20012482    00000012     rtsv7M4_T_le_eabi.lib : wcslen.c.obj (.text:wcslen)
                  20012494    00000010     ti_drivers_config.obj (.text:Board_init)
                  200124a4    00000010     nortos_cc32xx.a : ClockPSysTick_nortos.oem4 (.text:ClockP_add)
                  200124b4    00000010                     : ClockPSysTick_nortos.oem4 (.text:ClockP_delete)
                  200124c4    00000010                     : ClockPSysTick_nortos.oem4 (.text:ClockP_getCpuFreq)
                  200124d4    00000010                     : ClockPSysTick_nortos.oem4 (.text:ClockP_getSystemTicks)
                  200124e4    00000010                     : ClockPSysTick_nortos.oem4 (.text:ClockP_setTicks)
                  200124f4    00000010                     : HwiPCC32XX_nortos.oem4 (.text:HwiP_delete)
                  20012504    00000010                     : HwiPCC32XX_nortos.oem4 (.text:HwiP_restore)
                  20012514    00000010     driverlib.a : i2c.obj (.text:I2CFIFOStatus)
                  20012524    00000010     drivers_cc32xx.a : I2C.oem4 (.text:I2C_Params_init)
                  20012534    00000010                      : PowerCC32XX.oem4 (.text:Power_enablePolicy)
                  20012544    00000010     nortos_cc32xx.a : SemaphoreP_nortos.oem4 (.text:SemaphoreP_Params_init)
                  20012554    00000010     drivers_cc32xx.a : Timer.oem4 (.text:Timer_Params_init)
                  20012564    00000010     gpiointerrupt.obj (.text:incrementSeconds)
                  20012574    00000010     gpiointerrupt.obj (.text:oneSecondTasks)
                  20012584    00000010     drivers_cc32xx.a : UARTCC32XX.oem4 (.text:readBlockingTimeout)
                  20012594    00000010     gpiointerrupt.obj (.text:updateTemp)
                  200125a4    0000000e     nortos_cc32xx.a : HwiPCC32XX_nortos.oem4 (.text:HwiP_clearInterrupt)
                  200125b2    0000000e                     : HwiPCC32XX_nortos.oem4 (.text:HwiP_disable)
                  200125c0    0000000e                     : HwiPCC32XX_nortos.oem4 (.text:HwiP_disableInterrupt)
                  200125ce    0000000e                     : HwiPCC32XX_nortos.oem4 (.text:HwiP_enable)
                  200125dc    0000000e                     : HwiPCC32XX_nortos.oem4 (.text:HwiP_enableInterrupt)
                  200125ea    0000000e     drivers_cc32xx.a : I2CCC32XX.oem4 (.text:I2CCC32XX_updateReg)
                  200125f8    0000000e                      : RingBuf.oem4 (.text:RingBuf_isFull)
                  20012606    0000000e     rtsv7M4_T_le_eabi.lib : copy_decompress_none.c.obj (.text:decompress:none:__TI_decompress_none)
                  20012614    0000000c     drivers_cc32xx.a : I2CCC32XX.oem4 (.text:I2CCC32XX_postNotify)
                  20012620    0000000c                      : PowerCC32XX.oem4 (.text:Power_getConstraintMask)
                  2001262c    0000000c     rtsv7M4_T_le_eabi.lib : s_copysign.c.obj (.text:copysign)
                  20012638    0000000c     drivers_cc32xx.a : TimerCC32XX.oem4 (.text:postNotifyFxn)
                  20012644    0000000c                      : UARTCC32XX.oem4 (.text:postNotifyFxn)
                  20012650    0000000a     nortos_cc32xx.a : ClockPSysTick_nortos.oem4 (.text:ClockP_Params_init)
                  2001265a    0000000a                     : ClockPSysTick_nortos.oem4 (.text:ClockP_isActive)
                  20012664    0000000a     driverlib.a : interrupt.obj (.text:IntMasterDisable)
                  2001266e    0000000a     drivers_cc32xx.a : Timer.oem4 (.text:Timer_start)
                  20012678    0000000a                      : UART.oem4 (.text:UART_write)
                  20012682    00000008                      : I2CCC32XX.oem4 (.text:I2CCC32XX_blockingCallback)
                  2001268a    00000002     --HOLE-- [fill = 0]
                  2001268c    00000008     rtsv7M4_T_le_eabi.lib : errno.c.obj (.text:__aeabi_errno_addr)
                  20012694    00000008                           : memory.c.obj (.text:malloc)
                  2001269c    00000008     drivers_cc32xx.a : UARTCC32XX.oem4 (.text:readSemCallback)
                  200126a4    00000008                      : UARTCC32XX.oem4 (.text:writeSemCallback)
                  200126ac    00000006                      : I2CCC32XX.oem4 (.text:I2CSupport_powerRelConstraint)
                  200126b2    00000006                      : I2CCC32XX.oem4 (.text:I2CSupport_powerSetConstraint)
                  200126b8    00000006                      : TimerCC32XX.oem4 (.text:TimerCC32XX_control)
                  200126be    00000006     driverlib.a : utils.obj (.text:UtilsDelay)
                  200126c4    00000004     nortos_cc32xx.a : ClockPSysTick_nortos.oem4 (.text:ClockP_setTimeout)
                  200126c8    00000004                     : HwiPCC32XX_nortos.oem4 (.text:HwiP_post)
                  200126cc    00000004                     : SemaphoreP_nortos.oem4 (.text:SemaphoreP_delete)
                  200126d0    00000004     rtsv7M4_T_le_eabi.lib : pre_init.c.obj (.text:_system_pre_init)
                  200126d4    00000004                           : exit.c.obj (.text:abort:abort)

.const     0    20012ce0    0000051a     
                  20012ce0    00000101     rtsv7M4_T_le_eabi.lib : ctype.c.obj (.const:.string:_ctypes_)
                  20012de1    00000003     --HOLE-- [fill = 0]
                  20012de4    00000100     driverlib.a : pin.obj (.const:g_ulPinToPadMap)
                  20012ee4    000000a8                 : prcm.obj (.const:PRCM_PeriphRegsList)
                  20012f8c    00000044     ti_drivers_config.obj (.const:PowerCC32XX_config)
                  20012fd0    00000028     drivers_cc32xx.a : UARTCC32XX.oem4 (.const:UARTCC32XX_fxnTable)
                  20012ff8    00000024                      : UART.oem4 (.const:UART_defaultParams)
                  2001301c    00000024     ti_drivers_config.obj (.const:uartCC32XXHWAttrs0)
                  20013040    00000021     drivers_cc32xx.a : GPIOCC32XX.oem4 (.const:.string:pinTable)
                  20013061    00000003     --HOLE-- [fill = 0]
                  20013064    00000020                      : TimerCC32XX.oem4 (.const:TimerCC32XX_fxnTable)
                  20013084    00000020                      : UARTCC32XX.oem4 (.const:staticFxnTable)
                  200130a4    00000018     driverlib.a : interrupt.obj (.const:g_pulEnRegs)
                  200130bc    00000018                 : interrupt.obj (.const:g_pulPendRegs)
                  200130d4    00000018     gpiointerrupt.obj (.const:sensors)
                  200130ec    00000014     ti_drivers_config.obj (.const:GPIOCC32XX_config)
                  20013100    00000014     drivers_cc32xx.a : GPIOCC32XX.oem4 (.const:gpioBaseAddresses)
                  20013114    00000014     ti_drivers_config.obj (.const:i2cCC32XXHWAttrs)
                  20013128    00000014     drivers_cc32xx.a : UARTCC32XX.oem4 (.const:parityType)
                  2001313c    00000014                      : GPIOCC32XX.oem4 (.const:powerResources)
                  20013150    00000010                      : I2C.oem4 (.const:I2C_defaultParams)
                  20013160    00000010                      : I2CCC32XX.oem4 (.const:I2C_defaultParams)
                  20013170    00000010                      : UARTCC32XX.oem4 (.const:dataLength)
                  20013180    00000010     ti_drivers_config.obj (.const:timerCC32XXHWAttrs)
                  20013190    0000000c     gpiointerrupt.obj (.const:.string)
                  2001319c    0000000c     ti_drivers_config.obj (.const:Timer_config)
                  200131a8    0000000c     ti_drivers_config.obj (.const:UART_config)
                  200131b4    0000000c     drivers_cc32xx.a : Timer.oem4 (.const:defaultParams)
                  200131c0    00000009     ti_drivers_config.obj (.const)
                  200131c9    00000003     --HOLE-- [fill = 0]
                  200131cc    00000008     ti_drivers_config.obj (.const:I2C_config)
                  200131d4    00000008     drivers_cc32xx.a : GPIOCC32XX.oem4 (.const:outPinTypes)
                  200131dc    00000008                      : UARTCC32XX.oem4 (.const:stopBits)
                  200131e4    00000006                      : GPIOCC32XX.oem4 (.const:.string:interruptType)
                  200131ea    00000006                      : GPIOCC32XX.oem4 (.const:inPinTypes)
                  200131f0    00000006                      : GPIOCC32XX.oem4 (.const:outPinStrengths)
                  200131f6    00000004                      : GPIOCC32XX.oem4 (.const:.string:portInterruptIds)

.cinit     0    200135d8    00000120     
                  200135d8    000000f5     (.cinit..data.load) [load image, compression = lzss]
                  200136cd    00000003     --HOLE-- [fill = 0]
                  200136d0    0000000c     (__TI_handler_table)
                  200136dc    00000004     --HOLE-- [fill = 0]
                  200136e0    00000008     (.cinit..bss.load) [load image, compression = zero_init]
                  200136e8    00000010     (__TI_cinit_table)

.init_array 
*          0    20004000    00000000     UNINITIALIZED

.ramVecs   0    20000000    0000030c     NOLOAD SECTION
                  20000000    0000030c     nortos_cc32xx.a : startup_cc32xx_ccs.oem4 (.ramVecs)

.stack     0    20003000    00001000     UNINITIALIZED
                  20003000    00000004     rtsv7M4_T_le_eabi.lib : boot_cortex_m.c.obj (.stack)
                  20003004    00000ffc     --HOLE--

.resetVecs 
*          0    20004000    00000040     
                  20004000    00000040     nortos_cc32xx.a : startup_cc32xx_ccs.oem4 (.resetVecs:retain)

.sysmem    0    20004040    00008000     UNINITIALIZED
                  20004040    00000010     rtsv7M4_T_le_eabi.lib : memory.c.obj (.sysmem)
                  20004050    00007ff0     --HOLE--

.data      0    200126d8    00000608     UNINITIALIZED
                  200126d8    0000030c     nortos_cc32xx.a : HwiPCC32XX_nortos.oem4 (.data:HwiP_dispatchTable)
                  200129e4    0000016c     drivers_cc32xx.a : PowerCC32XX.oem4 (.data:PowerCC32XX_module)
                  20012b50    000000f8     ti_drivers_config.obj (.data:parkInfo)
                  20012c48    00000030     gpiointerrupt.obj (.data:tasks)
                  20012c78    00000018     gpiointerrupt.obj (.data)
                  20012c90    0000000c     ti_drivers_config.obj (.data:gpioCallbackFunctions)
                  20012c9c    0000000c     ti_drivers_config.obj (.data:gpioPinConfigs)
                  20012ca8    00000009     drivers_cc32xx.a : GPIOCC32XX.oem4 (.data)
                  20012cb1    00000003     nortos_cc32xx.a : SemaphoreP_nortos.oem4 (.data)
                  20012cb4    00000008     rtsv7M4_T_le_eabi.lib : _lock.c.obj (.data:$O1$$)
                  20012cbc    00000008                           : memory.c.obj (.data:$O1$$)
                  20012cc4    00000008     nortos_cc32xx.a : SemaphoreP_nortos.oem4 (.data:SemaphoreP_defaultParams)
                  20012ccc    00000008                     : HwiPCC32XX_nortos.oem4 (.data)
                  20012cd4    00000005                     : ClockPSysTick_nortos.oem4 (.data)
                  20012cd9    00000001     drivers_cc32xx.a : Timer.oem4 (.data)
                  20012cda    00000001                      : UART.oem4 (.data)
                  20012cdb    00000001     --HOLE--
                  20012cdc    00000004     rtsv7M4_T_le_eabi.lib : errno.c.obj (.data)

.bss       0    20013200    000003d4     UNINITIALIZED
                  20013200    0000012c     (.common:PowerCC32XX_contextSave)
                  2001332c    000000fc     (.common:i2cCC32XXObjects)
                  20013428    00000084     (.common:uartCC32XXObjects0)
                  200134ac    00000040     (.common:output)
                  200134ec    00000034     (.common:timerCC32XXObjects)
                  20013520    00000020     drivers_cc32xx.a : GPIOCC32XX.oem4 (.bss:gpioCallbackInfo)
                  20013540    00000020     ti_drivers_config.obj (.bss:uartCC32XXRingBuffer0)
                  20013560    00000020     (.common:i2cTransaction)
                  20013580    00000014     drivers_cc32xx.a : GPIOCC32XX.oem4 (.bss:powerNotifyObj)
                  20013594    00000004                      : GPIOCC32XX.oem4 (.bss)
                  20013598    00000010     (.common:ClockP_ctrl)
                  200135a8    0000000d     nortos_cc32xx.a : SwiP_nortos.oem4 (.bss)
                  200135b5    00000003     --HOLE--
                  200135b8    00000004                     : ClockPSysTick_nortos.oem4 (.bss)
                  200135bc    00000004     drivers_cc32xx.a : TimerCC32XX.oem4 (.bss:timerState)
                  200135c0    00000004     (.common:i2c)
                  200135c4    00000004     (.common:rxBuffer)
                  200135c8    00000004     (.common:timer0)
                  200135cc    00000004     (.common:txBuffer)
                  200135d0    00000004     (.common:uart)

.log_data 
*          0    90000000    00000000     COPY SECTION

__llvm_prf_cnts 
*          0    20004000    00000000     UNINITIALIZED

MODULE SUMMARY

       Module                       code    ro data   rw data
       ------                       ----    -------   -------
    .\
       gpiointerrupt.obj            1740    36        188    
       main_nortos.obj              18      0         0      
    +--+----------------------------+-------+---------+---------+
       Total:                       1758    36        188    
                                                             
    .\syscfg\
       ti_drivers_config.obj        18      201       740    
    +--+----------------------------+-------+---------+---------+
       Total:                       18      201       740    
                                                             
    C:/ti/simplelink_cc32xx_sdk_4_30_00_06/kernel/nortos/lib/ccs/m4/nortos_cc32xx.a
       HwiPCC32XX_nortos.oem4       394     0         788    
       startup_cc32xx_ccs.oem4      90      64        780    
       ClockPSysTick_nortos.oem4    702     0         25     
       PowerCC32XX_nortos.oem4      472     0         0      
       SemaphoreP_nortos.oem4       408     0         11     
       SwiP_nortos.oem4             96      0         13     
    +--+----------------------------+-------+---------+---------+
       Total:                       2162    64        1617   
                                                             
    C:/ti/simplelink_cc32xx_sdk_4_30_00_06/source/ti/devices/cc32xx/driverlib/ccs/Release/driverlib.a
       prcm.obj                     1604    168       0      
       pin.obj                      280     256       0      
       interrupt.obj                334     48        0      
       i2c.obj                      318     0         0      
       timer.obj                    264     0         0      
       flash.obj                    72      0         0      
       uart.obj                     48      0         0      
       cpu.obj                      20      0         0      
       utils.obj                    6       0         0      
    +--+----------------------------+-------+---------+---------+
       Total:                       2946    472       0      
                                                             
    C:/ti/simplelink_cc32xx_sdk_4_30_00_06/source/ti/drivers/lib/ccs/m4/drivers_cc32xx.a
       UARTCC32XX.oem4              3466    116       0      
       PowerCC32XX.oem4             2432    0         664    
       I2CCC32XX.oem4               1452    16        0      
       GPIOCC32XX.oem4              1208    103       65     
       TimerCC32XX.oem4             1132    32        4      
       I2C.oem4                     366     16        0      
       UART.oem4                    166     36        1      
       RingBuf.oem4                 198     0         0      
       Timer.oem4                   158     12        1      
       PowerCC32XX_asm.oem4         150     0         0      
       List.oem4                    76      0         0      
    +--+----------------------------+-------+---------+---------+
       Total:                       10804   331       735    
                                                             
    C:\ti\ccs1260\ccs\tools\compiler\ti-cgt-arm_20.2.7.LTS\lib\rtsv7M4_T_le_eabi.lib
       _printfi.c.obj               4835    0         0      
       memory.c.obj                 672     0         8      
       fd_add_t2.asm.obj            438     0         0      
       fd_div_t2.asm.obj            310     0         0      
       fd_cmp_t2.asm.obj            268     0         0      
       ctype.c.obj                  0       257       0      
       fd_mul_t2.asm.obj            252     0         0      
       s_scalbn.c.obj               208     0         0      
       memcpy_t2.asm.obj            156     0         0      
       ull_div_t2.asm.obj           150     0         0      
       snprintf.c.obj               148     0         0      
       fs_mul_t2.asm.obj            122     0         0      
       memset_t2.asm.obj            122     0         0      
       copy_decompress_lzss.c.obj   104     0         0      
       s_frexp.c.obj                92      0         0      
       _ltoa.c.obj                  84      0         0      
       atoi.c.obj                   76      0         0      
       fd_toi_t2.asm.obj            72      0         0      
       autoinit.c.obj               68      0         0      
       fs_toi_t2.asm.obj            56      0         0      
       i_tofs_t2.asm.obj            56      0         0      
       i_tofd_t2.asm.obj            46      0         0      
       boot_cortex_m.c.obj          36      0         0      
       copy_zero_init.c.obj         28      0         0      
       memccpy.c.obj                28      0         0      
       ll_mul_t2.asm.obj            24      0         0      
       strchr.c.obj                 22      0         0      
       strlen.c.obj                 20      0         0      
       wcslen.c.obj                 18      0         0      
       copy_decompress_none.c.obj   14      0         0      
       errno.c.obj                  8       0         4      
       s_copysign.c.obj             12      0         0      
       _lock.c.obj                  2       0         8      
       exit.c.obj                   4       0         0      
       pre_init.c.obj               4       0         0      
       div0.asm.obj                 2       0         0      
    +--+----------------------------+-------+---------+---------+
       Total:                       8557    257       20     
                                                             
       Heap:                        0       0         32768  
       Stack:                       0       0         4096   
       Linker Generated:            0       281       0      
    +--+----------------------------+-------+---------+---------+
       Grand Total:                 26245   1642      40164  


LINKER GENERATED COPY TABLES

__TI_cinit_table @ 200136e8 records: 2, size/record: 8, table size: 16
	.data: load addr=200135d8, load size=000000f5 bytes, run addr=200126d8, run size=00000608 bytes, compression=lzss
	.bss: load addr=200136e0, load size=00000008 bytes, run addr=20013200, run size=000003d4 bytes, compression=zero_init


LINKER GENERATED HANDLER TABLE

__TI_handler_table @ 200136d0 records: 3, size/record: 4, table size: 12
	index: 0, handler: __TI_decompress_lzss
	index: 1, handler: __TI_decompress_none
	index: 2, handler: __TI_zero_init


GLOBAL SYMBOLS: SORTED ALPHABETICALLY BY Name 

address   name                             
-------   ----                             
20012c78  BUTTON_STATE                     
20012495  Board_init                       
2000ca8f  Board_initHook                   
200126d5  C$$EXIT                          
200131c0  CONFIG_GPIO_BUTTON_0_CONST       
200131c1  CONFIG_GPIO_BUTTON_1_CONST       
200131c2  CONFIG_GPIO_LED_0_CONST          
200131c3  CONFIG_I2C_0_CONST               
200131c5  CONFIG_TIMER_0_CONST             
200131c7  CONFIG_UART_0_CONST              
20012373  CPUcpsid                         
20012651  ClockP_Params_init               
200124a5  ClockP_add                       
2001168d  ClockP_construct                 
2001211d  ClockP_create                    
20013598  ClockP_ctrl                      
200124b5  ClockP_delete                    
2001184d  ClockP_destruct                  
20010f2d  ClockP_doTick                    
200124c5  ClockP_getCpuFreq                
200124d5  ClockP_getSystemTicks            
20011b2d  ClockP_getTicksUntilInterrupt    
2001265b  ClockP_isActive                  
200124e5  ClockP_setTicks                  
200126c5  ClockP_setTimeout                
20011c65  ClockP_start                     
20011b61  ClockP_startup                   
20011429  ClockP_stop                      
20010f2d  ClockP_sysTickHandler            
20012cd4  ClockP_tickPeriod                
20011235  FlashDisable                     
200130ec  GPIOCC32XX_config                
2001106d  GPIO_enableInt                   
200103bd  GPIO_hwiIntFxn                   
2000ef55  GPIO_init                        
20010a71  GPIO_setCallback                 
2000d5fd  GPIO_setConfig                   
20010b85  GPIO_write                       
20012c79  HEAT_STATE                       
20012429  HwiP_Params_init                 
200125a5  HwiP_clearInterrupt              
2000fc99  HwiP_construct                   
20011d51  HwiP_create                      
200124f5  HwiP_delete                      
20011f97  HwiP_destruct                    
200125b3  HwiP_disable                     
200125c1  HwiP_disableInterrupt            
20011f09  HwiP_dispatch                    
200125cf  HwiP_enable                      
200125dd  HwiP_enableInterrupt             
20012389  HwiP_inISR                       
20012ccc  HwiP_key                         
200126c9  HwiP_post                        
20012505  HwiP_restore                     
20012cd0  HwiP_swiPIntNum                  
20011e71  I2CFIFODataGetNonBlocking        
20011dcf  I2CFIFODataPutNonBlocking        
20012515  I2CFIFOStatus                    
20012305  I2CMasterBurstLengthSet          
2001216b  I2CMasterBusBusy                 
2001243b  I2CMasterIntClearEx              
20012183  I2CMasterIntDisableEx            
2001219b  I2CMasterIntEnableEx             
20012019  I2CMasterIntStatusEx             
20011f75  I2CMasterSlaveAddrSet            
200121b3  I2CRxFIFOFlush                   
2001239d  I2CSupport_masterFinish          
200126ad  I2CSupport_powerRelConstraint    
200126b3  I2CSupport_powerSetConstraint    
200106e5  I2CSupport_primeTransfer         
200121cb  I2CTxFIFOFlush                   
20012525  I2C_Params_init                  
20011e97  I2C_cancel                       
200131cc  I2C_config                       
200131c4  I2C_count                        
20013150  I2C_defaultParams                
2000db63  I2C_init                         
2000e9e9  I2C_open                         
200123b1  I2C_transfer                     
2000e465  I2C_transferTimeout              
UNDEFED   ITM_flush                        
UNDEFED   ITM_restore                      
2000f66d  IntEnable                        
20012665  IntMasterDisable                 
2000fd25  IntPendSet                       
200123c5  IntVTableBaseSet                 
20011ebd  List_put                         
20011ee3  List_remove                      
200125cf  NoRTOS_start                     
2000ca91  PRCMCC3200MCUInit                
2001231b  PRCMHIBRegRead                   
20012331  PRCMHIBRegWrite                  
2001127d  PRCMLPDSEnter                    
20011939  PRCMLPDSEnterKeepDebugIf         
2001146d  PRCMLPDSRestoreInfoSet           
20011df9  PRCMPeripheralClkDisable         
200112c5  PRCMPeripheralClkEnable          
20010bdd  PRCMPeripheralReset              
20010951  PRCMSysResetCauseGet             
2000fdad  PinConfigSet                     
20011b95  PinModeGet                       
200116cd  PinModeSet                       
20012091  PinToPadGet                      
20012f8c  PowerCC32XX_config               
2000f715  PowerCC32XX_configureWakeup      
20013200  PowerCC32XX_contextSave          
200114b1  PowerCC32XX_enterLPDS            
20011d25  PowerCC32XX_getParkState         
2000e33b  PowerCC32XX_initPolicy           
200129e4  PowerCC32XX_module               
20011105  PowerCC32XX_parkPin              
20011f2d  PowerCC32XX_reset                
20011bc9  PowerCC32XX_restoreParkState     
20011c95  PowerCC32XX_restoreParkedPin     
20010e35  PowerCC32XX_resumeLPDS           
20010889  PowerCC32XX_setParkState         
2000db65  PowerCC32XX_sleepPolicy          
200123d9  Power_disablePolicy              
20012535  Power_enablePolicy               
20012621  Power_getConstraintMask          
200123ed  Power_getDependencyCount         
200121e5  Power_getTransitionLatency       
200121fd  Power_idleFunc                   
2000ffc9  Power_init                       
20011e21  Power_registerNotify             
2001130d  Power_releaseConstraint          
20010c35  Power_releaseDependency          
20011889  Power_setConstraint              
200100d1  Power_setDependency              
2000e0cd  Power_sleep                      
20011fb9  Power_unregisterNotify           
2001244d  RingBuf_construct                
2001170d  RingBuf_get                      
200125f9  RingBuf_isFull                   
20011fd9  RingBuf_peek                     
2001139d  RingBuf_put                      
20012545  SemaphoreP_Params_init           
20010f7d  SemaphoreP_construct             
20012037  SemaphoreP_constructBinary       
20012347  SemaphoreP_create                
20012137  SemaphoreP_createBinary          
20012cc4  SemaphoreP_defaultParams         
200126cd  SemaphoreP_delete                
2000f901  SemaphoreP_pend                  
200114f5  SemaphoreP_post                  
200120ad  SwiP_disable                     
20011539  SwiP_restore                     
20010fcd  TimerCC32XX_allocateTimerResource
200118c5  TimerCC32XX_close                
200126b9  TimerCC32XX_control              
20011bfd  TimerCC32XX_freeTimerResource    
20013064  TimerCC32XX_fxnTable             
20012215  TimerCC32XX_getCount             
2000e587  TimerCC32XX_init                 
2000e33d  TimerCC32XX_open                 
2000fe35  TimerCC32XX_setPeriod            
20010435  TimerCC32XX_start                
20010c8d  TimerCC32XX_stop                 
20011ac1  TimerControlStall                
20012055  TimerDisable                     
20012073  TimerEnable                      
2001245f  TimerIntClear                    
2001222d  TimerIntDisable                  
20012245  TimerIntEnable                   
20011d7b  TimerLoadSet                     
20011da5  TimerPrescaleSet                 
20012555  Timer_Params_init                
2001319c  Timer_config                     
200131c6  Timer_count                      
2001157d  Timer_init                       
2001174d  Timer_open                       
2001266f  Timer_start                      
2001225d  UARTBusy                         
2000e589  UARTCC32XX_close                 
2000ebe1  UARTCC32XX_control               
20012fd0  UARTCC32XX_fxnTable              
2000ecd3  UARTCC32XX_init                  
2000cebd  UARTCC32XX_open                  
2001178d  UARTCC32XX_read                  
20011af7  UARTCC32XX_readCancel            
2000f0d9  UARTCC32XX_readPolling           
2000ee89  UARTCC32XX_write                 
20010821  UARTCC32XX_writeCancel           
200108ed  UARTCC32XX_writePolling          
20012275  UARTIntEnable                    
2001228d  UART_Params_init                 
200131a8  UART_config                      
200131c8  UART_count                       
20012ff8  UART_defaultParams               
200115c1  UART_init                        
200117cd  UART_open                        
20012679  UART_write                       
200126bf  UtilsDelay                       
20004000  __STACK_END                      
00001000  __STACK_SIZE                     
00008000  __SYSMEM_SIZE                    
200136e8  __TI_CINIT_Base                  
200136f8  __TI_CINIT_Limit                 
200136d0  __TI_Handler_Table_Base          
200136dc  __TI_Handler_Table_Limit         
20011605  __TI_auto_init_nobinit_nopinit   
2001074f  __TI_decompress_lzss             
20012607  __TI_decompress_none             
20010d39  __TI_ltoa                        
ffffffff  __TI_pprof_out_hndl              
2000c041  __TI_printfi                     
ffffffff  __TI_prof_data_size              
ffffffff  __TI_prof_data_start             
200135d8  __TI_static_base__               
200120c9  __TI_zero_init_nomemset          
2000febd  __aeabi_cdcmpeq                  
2000febd  __aeabi_cdcmple                  
2000ff43  __aeabi_cdrcmple                 
20011355  __aeabi_d2iz                     
2000d9b7  __aeabi_dadd                     
2000e205  __aeabi_ddiv                     
2000eae5  __aeabi_dmul                     
2000d9ad  __aeabi_dsub                     
2001268d  __aeabi_errno_addr               
20011a51  __aeabi_f2iz                     
200102c7  __aeabi_fmul                     
20011cf5  __aeabi_i2d                      
20011a89  __aeabi_i2f                      
20010887  __aeabi_idiv0                    
20010887  __aeabi_ldiv0                    
200122ed  __aeabi_lmul                     
20010341  __aeabi_memclr                   
20010341  __aeabi_memclr4                  
20010341  __aeabi_memclr8                  
2000fa3d  __aeabi_memcpy                   
2000fa3d  __aeabi_memcpy4                  
2000fa3d  __aeabi_memcpy8                  
20010343  __aeabi_memset                   
20010343  __aeabi_memset4                  
20010343  __aeabi_memset8                  
2000fb71  __aeabi_uldivmod                 
ffffffff  __binit__                        
ffffffff  __c_args__                       
UNDEFED   __mpu_init                       
20003000  __stack                          
20004000  __start___llvm_prf_cnts          
20004000  __stop___llvm_prf_cnts           
20011f51  _c_int00_noargs                  
20012ce0  _ctypes_                         
20012cb4  _lock                            
2000ef53  _nop                             
20004040  _sys_memory                      
UNDEFED   _system_post_cinit               
200126d1  _system_pre_init                 
20012cb8  _unlock                          
200126d5  abort                            
2000e8e9  aligned_alloc                    
20011151  atoi                             
ffffffff  binit                            
200109b1  changeTempSetPoint               
2000fc07  clkFxn                           
2001262d  copysign                         
2001262d  copysignl                        
20012cdc  errno                            
2000ecd5  free                             
20010acd  frexp                            
20010acd  frexpl                           
20012c8c  global_period                    
200122bd  gpioButton0Increase              
200122d5  gpioButton1Decrease              
20012c90  gpioCallbackFunctions            
20012c9c  gpioPinConfigs                   
200135c0  i2c                              
20013114  i2cCC32XXHWAttrs                 
2001332c  i2cCC32XXObjects                 
20013560  i2cTransaction                   
200131ea  inPinTypes                       
20012565  incrementSeconds                 
2001101d  initGPIO                         
2000d3ad  initI2C                          
20010d8d  initTimer                        
20011649  initUART                         
200119e1  initVectors                      
2000edb9  ldexp                            
2000edb9  ldexpl                           
20012471  main                             
200107b9  mainThread                       
20012695  malloc                           
2000e8e9  memalign                         
20012101  memccpy                          
2000fa3d  memcpy                           
20010349  memset                           
20012575  oneSecondTasks                   
200131f0  outPinStrengths                  
200131d4  outPinTypes                      
200134ac  output                           
20012b50  parkInfo                         
2000e7c9  readTemp                         
20012c88  ready_tasks                      
20012151  resetISR                         
20012164  resetVectorAddr                  
20004000  resetVectors                     
200135c4  rxBuffer                         
2000edb9  scalbn                           
2000edb9  scalbnl                          
20012c84  seconds                          
20010a11  sendToUART                       
20010679  setHeat                          
20012c80  setPoint                         
200111e9  snprintf                         
2001235d  strchr                           
20012415  strlen                           
20012c48  tasks                            
20012c7c  temperature                      
200135c8  timer0                           
20013180  timerCC32XXHWAttrs               
200134ec  timerCC32XXObjects               
20010151  timerCallback                    
200135cc  txBuffer                         
200135d0  uart                             
20013428  uartCC32XXObjects0               
20012595  updateTemp                       
20012483  wcslen                           


GLOBAL SYMBOLS: SORTED BY Symbol Address 

address   name                             
-------   ----                             
00001000  __STACK_SIZE                     
00008000  __SYSMEM_SIZE                    
20003000  __stack                          
20004000  __STACK_END                      
20004000  __start___llvm_prf_cnts          
20004000  __stop___llvm_prf_cnts           
20004000  resetVectors                     
20004040  _sys_memory                      
2000c041  __TI_printfi                     
2000ca8f  Board_initHook                   
2000ca91  PRCMCC3200MCUInit                
2000cebd  UARTCC32XX_open                  
2000d3ad  initI2C                          
2000d5fd  GPIO_setConfig                   
2000d9ad  __aeabi_dsub                     
2000d9b7  __aeabi_dadd                     
2000db63  I2C_init                         
2000db65  PowerCC32XX_sleepPolicy          
2000e0cd  Power_sleep                      
2000e205  __aeabi_ddiv                     
2000e33b  PowerCC32XX_initPolicy           
2000e33d  TimerCC32XX_open                 
2000e465  I2C_transferTimeout              
2000e587  TimerCC32XX_init                 
2000e589  UARTCC32XX_close                 
2000e7c9  readTemp                         
2000e8e9  aligned_alloc                    
2000e8e9  memalign                         
2000e9e9  I2C_open                         
2000eae5  __aeabi_dmul                     
2000ebe1  UARTCC32XX_control               
2000ecd3  UARTCC32XX_init                  
2000ecd5  free                             
2000edb9  ldexp                            
2000edb9  ldexpl                           
2000edb9  scalbn                           
2000edb9  scalbnl                          
2000ee89  UARTCC32XX_write                 
2000ef53  _nop                             
2000ef55  GPIO_init                        
2000f0d9  UARTCC32XX_readPolling           
2000f66d  IntEnable                        
2000f715  PowerCC32XX_configureWakeup      
2000f901  SemaphoreP_pend                  
2000fa3d  __aeabi_memcpy                   
2000fa3d  __aeabi_memcpy4                  
2000fa3d  __aeabi_memcpy8                  
2000fa3d  memcpy                           
2000fb71  __aeabi_uldivmod                 
2000fc07  clkFxn                           
2000fc99  HwiP_construct                   
2000fd25  IntPendSet                       
2000fdad  PinConfigSet                     
2000fe35  TimerCC32XX_setPeriod            
2000febd  __aeabi_cdcmpeq                  
2000febd  __aeabi_cdcmple                  
2000ff43  __aeabi_cdrcmple                 
2000ffc9  Power_init                       
200100d1  Power_setDependency              
20010151  timerCallback                    
200102c7  __aeabi_fmul                     
20010341  __aeabi_memclr                   
20010341  __aeabi_memclr4                  
20010341  __aeabi_memclr8                  
20010343  __aeabi_memset                   
20010343  __aeabi_memset4                  
20010343  __aeabi_memset8                  
20010349  memset                           
200103bd  GPIO_hwiIntFxn                   
20010435  TimerCC32XX_start                
20010679  setHeat                          
200106e5  I2CSupport_primeTransfer         
2001074f  __TI_decompress_lzss             
200107b9  mainThread                       
20010821  UARTCC32XX_writeCancel           
20010887  __aeabi_idiv0                    
20010887  __aeabi_ldiv0                    
20010889  PowerCC32XX_setParkState         
200108ed  UARTCC32XX_writePolling          
20010951  PRCMSysResetCauseGet             
200109b1  changeTempSetPoint               
20010a11  sendToUART                       
20010a71  GPIO_setCallback                 
20010acd  frexp                            
20010acd  frexpl                           
20010b85  GPIO_write                       
20010bdd  PRCMPeripheralReset              
20010c35  Power_releaseDependency          
20010c8d  TimerCC32XX_stop                 
20010d39  __TI_ltoa                        
20010d8d  initTimer                        
20010e35  PowerCC32XX_resumeLPDS           
20010f2d  ClockP_doTick                    
20010f2d  ClockP_sysTickHandler            
20010f7d  SemaphoreP_construct             
20010fcd  TimerCC32XX_allocateTimerResource
2001101d  initGPIO                         
2001106d  GPIO_enableInt                   
20011105  PowerCC32XX_parkPin              
20011151  atoi                             
200111e9  snprintf                         
20011235  FlashDisable                     
2001127d  PRCMLPDSEnter                    
200112c5  PRCMPeripheralClkEnable          
2001130d  Power_releaseConstraint          
20011355  __aeabi_d2iz                     
2001139d  RingBuf_put                      
20011429  ClockP_stop                      
2001146d  PRCMLPDSRestoreInfoSet           
200114b1  PowerCC32XX_enterLPDS            
200114f5  SemaphoreP_post                  
20011539  SwiP_restore                     
2001157d  Timer_init                       
200115c1  UART_init                        
20011605  __TI_auto_init_nobinit_nopinit   
20011649  initUART                         
2001168d  ClockP_construct                 
200116cd  PinModeSet                       
2001170d  RingBuf_get                      
2001174d  Timer_open                       
2001178d  UARTCC32XX_read                  
200117cd  UART_open                        
2001184d  ClockP_destruct                  
20011889  Power_setConstraint              
200118c5  TimerCC32XX_close                
20011939  PRCMLPDSEnterKeepDebugIf         
200119e1  initVectors                      
20011a51  __aeabi_f2iz                     
20011a89  __aeabi_i2f                      
20011ac1  TimerControlStall                
20011af7  UARTCC32XX_readCancel            
20011b2d  ClockP_getTicksUntilInterrupt    
20011b61  ClockP_startup                   
20011b95  PinModeGet                       
20011bc9  PowerCC32XX_restoreParkState     
20011bfd  TimerCC32XX_freeTimerResource    
20011c65  ClockP_start                     
20011c95  PowerCC32XX_restoreParkedPin     
20011cf5  __aeabi_i2d                      
20011d25  PowerCC32XX_getParkState         
20011d51  HwiP_create                      
20011d7b  TimerLoadSet                     
20011da5  TimerPrescaleSet                 
20011dcf  I2CFIFODataPutNonBlocking        
20011df9  PRCMPeripheralClkDisable         
20011e21  Power_registerNotify             
20011e71  I2CFIFODataGetNonBlocking        
20011e97  I2C_cancel                       
20011ebd  List_put                         
20011ee3  List_remove                      
20011f09  HwiP_dispatch                    
20011f2d  PowerCC32XX_reset                
20011f51  _c_int00_noargs                  
20011f75  I2CMasterSlaveAddrSet            
20011f97  HwiP_destruct                    
20011fb9  Power_unregisterNotify           
20011fd9  RingBuf_peek                     
20012019  I2CMasterIntStatusEx             
20012037  SemaphoreP_constructBinary       
20012055  TimerDisable                     
20012073  TimerEnable                      
20012091  PinToPadGet                      
200120ad  SwiP_disable                     
200120c9  __TI_zero_init_nomemset          
20012101  memccpy                          
2001211d  ClockP_create                    
20012137  SemaphoreP_createBinary          
20012151  resetISR                         
20012164  resetVectorAddr                  
2001216b  I2CMasterBusBusy                 
20012183  I2CMasterIntDisableEx            
2001219b  I2CMasterIntEnableEx             
200121b3  I2CRxFIFOFlush                   
200121cb  I2CTxFIFOFlush                   
200121e5  Power_getTransitionLatency       
200121fd  Power_idleFunc                   
20012215  TimerCC32XX_getCount             
2001222d  TimerIntDisable                  
20012245  TimerIntEnable                   
2001225d  UARTBusy                         
20012275  UARTIntEnable                    
2001228d  UART_Params_init                 
200122bd  gpioButton0Increase              
200122d5  gpioButton1Decrease              
200122ed  __aeabi_lmul                     
20012305  I2CMasterBurstLengthSet          
2001231b  PRCMHIBRegRead                   
20012331  PRCMHIBRegWrite                  
20012347  SemaphoreP_create                
2001235d  strchr                           
20012373  CPUcpsid                         
20012389  HwiP_inISR                       
2001239d  I2CSupport_masterFinish          
200123b1  I2C_transfer                     
200123c5  IntVTableBaseSet                 
200123d9  Power_disablePolicy              
200123ed  Power_getDependencyCount         
20012415  strlen                           
20012429  HwiP_Params_init                 
2001243b  I2CMasterIntClearEx              
2001244d  RingBuf_construct                
2001245f  TimerIntClear                    
20012471  main                             
20012483  wcslen                           
20012495  Board_init                       
200124a5  ClockP_add                       
200124b5  ClockP_delete                    
200124c5  ClockP_getCpuFreq                
200124d5  ClockP_getSystemTicks            
200124e5  ClockP_setTicks                  
200124f5  HwiP_delete                      
20012505  HwiP_restore                     
20012515  I2CFIFOStatus                    
20012525  I2C_Params_init                  
20012535  Power_enablePolicy               
20012545  SemaphoreP_Params_init           
20012555  Timer_Params_init                
20012565  incrementSeconds                 
20012575  oneSecondTasks                   
20012595  updateTemp                       
200125a5  HwiP_clearInterrupt              
200125b3  HwiP_disable                     
200125c1  HwiP_disableInterrupt            
200125cf  HwiP_enable                      
200125cf  NoRTOS_start                     
200125dd  HwiP_enableInterrupt             
200125f9  RingBuf_isFull                   
20012607  __TI_decompress_none             
20012621  Power_getConstraintMask          
2001262d  copysign                         
2001262d  copysignl                        
20012651  ClockP_Params_init               
2001265b  ClockP_isActive                  
20012665  IntMasterDisable                 
2001266f  Timer_start                      
20012679  UART_write                       
2001268d  __aeabi_errno_addr               
20012695  malloc                           
200126ad  I2CSupport_powerRelConstraint    
200126b3  I2CSupport_powerSetConstraint    
200126b9  TimerCC32XX_control              
200126bf  UtilsDelay                       
200126c5  ClockP_setTimeout                
200126c9  HwiP_post                        
200126cd  SemaphoreP_delete                
200126d1  _system_pre_init                 
200126d5  C$$EXIT                          
200126d5  abort                            
200129e4  PowerCC32XX_module               
20012b50  parkInfo                         
20012c48  tasks                            
20012c78  BUTTON_STATE                     
20012c79  HEAT_STATE                       
20012c7c  temperature                      
20012c80  setPoint                         
20012c84  seconds                          
20012c88  ready_tasks                      
20012c8c  global_period                    
20012c90  gpioCallbackFunctions            
20012c9c  gpioPinConfigs                   
20012cb4  _lock                            
20012cb8  _unlock                          
20012cc4  SemaphoreP_defaultParams         
20012ccc  HwiP_key                         
20012cd0  HwiP_swiPIntNum                  
20012cd4  ClockP_tickPeriod                
20012cdc  errno                            
20012ce0  _ctypes_                         
20012f8c  PowerCC32XX_config               
20012fd0  UARTCC32XX_fxnTable              
20012ff8  UART_defaultParams               
20013064  TimerCC32XX_fxnTable             
200130ec  GPIOCC32XX_config                
20013114  i2cCC32XXHWAttrs                 
20013150  I2C_defaultParams                
20013180  timerCC32XXHWAttrs               
2001319c  Timer_config                     
200131a8  UART_config                      
200131c0  CONFIG_GPIO_BUTTON_0_CONST       
200131c1  CONFIG_GPIO_BUTTON_1_CONST       
200131c2  CONFIG_GPIO_LED_0_CONST          
200131c3  CONFIG_I2C_0_CONST               
200131c4  I2C_count                        
200131c5  CONFIG_TIMER_0_CONST             
200131c6  Timer_count                      
200131c7  CONFIG_UART_0_CONST              
200131c8  UART_count                       
200131cc  I2C_config                       
200131d4  outPinTypes                      
200131ea  inPinTypes                       
200131f0  outPinStrengths                  
20013200  PowerCC32XX_contextSave          
2001332c  i2cCC32XXObjects                 
20013428  uartCC32XXObjects0               
200134ac  output                           
200134ec  timerCC32XXObjects               
20013560  i2cTransaction                   
20013598  ClockP_ctrl                      
200135c0  i2c                              
200135c4  rxBuffer                         
200135c8  timer0                           
200135cc  txBuffer                         
200135d0  uart                             
200135d8  __TI_static_base__               
200136d0  __TI_Handler_Table_Base          
200136dc  __TI_Handler_Table_Limit         
200136e8  __TI_CINIT_Base                  
200136f8  __TI_CINIT_Limit                 
ffffffff  __TI_pprof_out_hndl              
ffffffff  __TI_prof_data_size              
ffffffff  __TI_prof_data_start             
ffffffff  __binit__                        
ffffffff  __c_args__                       
ffffffff  binit                            
UNDEFED   ITM_flush                        
UNDEFED   ITM_restore                      
UNDEFED   __mpu_init                       
UNDEFED   _system_post_cinit               

[318 symbols]
