******************************************************************************
                  TI ARM Linker PC v20.2.7                     
******************************************************************************
>> Linked Wed Mar 20 11:18:53 2024

OUTPUT FILE NAME:   <uartecho_CC3220S_LAUNCHXL_nortos_ccs.out>
ENTRY POINT SYMBOL: "resetISR"  address: 2000f3d1


MEMORY CONFIGURATION

         name            origin    length      used     unused   attr    fill
----------------------  --------  ---------  --------  --------  ----  --------
  SRAM2                 20000000   00004000  0000130c  00002cf4  RW X
  SRAM                  20004000   0003c000  0000c312  0002fcee  RW X
  LOG_DATA              90000000   00040000  00000000  00040000  R   


SEGMENT ALLOCATION MAP

run origin  load origin   length   init length attrs members
----------  ----------- ---------- ----------- ----- -------
20003000    20003000    00001000   00000000    rw-
  20003000    20003000    00001000   00000000    rw- .stack
20004000    20004000    00000040   00000040    r--
  20004000    20004000    00000040   00000040    r-- .resetVecs
20004040    20004040    00008000   00000000    rw-
  20004040    20004040    00008000   00000000    rw- .sysmem
2000c040    2000c040    00003694   00003694    r-x
  2000c040    2000c040    00003694   00003694    r-x .text
2000f6d4    2000f6d4    000005ac   00000000    rw-
  2000f6d4    2000f6d4    000005ac   00000000    rw- .data
2000fc80    2000fc80    0000037a   0000037a    r--
  2000fc80    2000fc80    0000037a   0000037a    r-- .const
20010000    20010000    00000230   00000000    rw-
  20010000    20010000    00000230   00000000    rw- .bss
20010230    20010230    000000e8   000000e8    r--
  20010230    20010230    000000e8   000000e8    r-- .cinit


SECTION ALLOCATION MAP

 output                                  attributes/
section   page    origin      length       input sections
--------  ----  ----------  ----------   ----------------
.text      0    2000c040    00003694     
                  2000c040    0000042c     driverlib.a : prcm.obj (.text:PRCMCC3200MCUInit)
                  2000c46c    00000288     drivers_cc32xx.a : UARTCC32XX.oem4 (.text:UARTCC32XX_open)
                  2000c6f4    000001e4                      : GPIOCC32XX.oem4 (.text:GPIO_setConfig)
                  2000c8d8    0000019c     nortos_cc32xx.a : PowerCC32XX_nortos.oem4 (.text:PowerCC32XX_sleepPolicy)
                  2000ca74    00000178     uartecho.obj (.text:Light_Toggle)
                  2000cbec    00000148     drivers_cc32xx.a : PowerCC32XX.oem4 (.text:parkPins)
                  2000cd34    00000138                      : PowerCC32XX.oem4 (.text:Power_sleep)
                  2000ce6c    00000120                      : UARTCC32XX.oem4 (.text:UARTCC32XX_close)
                  2000cf8c    00000100     rtsv7M4_T_le_eabi.lib : memory.c.obj (.text:aligned_alloc)
                  2000d08c    000000f2     drivers_cc32xx.a : UARTCC32XX.oem4 (.text:UARTCC32XX_control)
                  2000d17e    00000002     ti_drivers_config.obj (.text:Board_initHook)
                  2000d180    000000e4     rtsv7M4_T_le_eabi.lib : memory.c.obj (.text:free)
                  2000d264    000000ca     drivers_cc32xx.a : UARTCC32XX.oem4 (.text:UARTCC32XX_write)
                  2000d32e    00000002     nortos_cc32xx.a : PowerCC32XX_nortos.oem4 (.text:PowerCC32XX_initPolicy)
                  2000d330    000000c4     drivers_cc32xx.a : GPIOCC32XX.oem4 (.text:GPIO_init)
                  2000d3f4    000000c0                      : PowerCC32XX.oem4 (.text:restoreParkedPins)
                  2000d4b4    000000ba                      : UARTCC32XX.oem4 (.text:UARTCC32XX_readPolling)
                  2000d56e    00000002                      : UARTCC32XX.oem4 (.text:UARTCC32XX_init)
                  2000d570    000000b8                      : UARTCC32XX.oem4 (.text:initHw)
                  2000d628    000000b6                      : UARTCC32XX.oem4 (.text:readTaskCallback)
                  2000d6de    000000b0                      : UARTCC32XX.oem4 (.text:readTaskBlocking)
                  2000d78e    000000ae                      : UARTCC32XX.oem4 (.text:readIsrTextBlocking)
                  2000d83c    000000a8     driverlib.a : interrupt.obj (.text:IntEnable)
                  2000d8e4    000000a8     drivers_cc32xx.a : PowerCC32XX.oem4 (.text:PowerCC32XX_configureWakeup)
                  2000d98c    000000a2                      : UARTCC32XX.oem4 (.text:readIsrTextCallback)
                  2000da2e    000000a2                      : UARTCC32XX.oem4 (.text:writeData)
                  2000dad0    000000a0     nortos_cc32xx.a : SemaphoreP_nortos.oem4 (.text:SemaphoreP_pend)
                  2000db70    0000009c     rtsv7M4_T_le_eabi.lib : memcpy_t2.asm.obj (.text)
                  2000dc0c    00000098     drivers_cc32xx.a : GPIOCC32XX.oem4 (.text:powerNotifyFxn)
                  2000dca4    00000096     rtsv7M4_T_le_eabi.lib : ull_div_t2.asm.obj (.text)
                  2000dd3a    00000002                           : _lock.c.obj (.text:_nop)
                  2000dd3c    00000090     drivers_cc32xx.a : PowerCC32XX.oem4 (.text:restoreNVICRegs)
                  2000ddcc    0000008c     nortos_cc32xx.a : HwiPCC32XX_nortos.oem4 (.text:HwiP_construct)
                  2000de58    00000088     driverlib.a : interrupt.obj (.text:IntPendSet)
                  2000dee0    00000088                 : pin.obj (.text:PinConfigSet)
                  2000df68    00000084     drivers_cc32xx.a : PowerCC32XX.oem4 (.text:Power_init)
                  2000dfec    00000084                      : PowerCC32XX.oem4 (.text:saveNVICRegs)
                  2000e070    00000080                      : PowerCC32XX.oem4 (.text:Power_setDependency)
                  2000e0f0    00000080     uartecho.obj (.text:mainThread)
                  2000e170    0000007c     drivers_cc32xx.a : UARTCC32XX.oem4 (.text:readIsrBinaryBlocking)
                  2000e1ec    00000078                      : GPIOCC32XX.oem4 (.text:GPIO_hwiIntFxn)
                  2000e264    00000078                      : UARTCC32XX.oem4 (.text:readIsrBinaryCallback)
                  2000e2dc    00000074                      : UARTCC32XX.oem4 (.text:UARTCC32XX_hwiIntFxn)
                  2000e350    00000070     rtsv7M4_T_le_eabi.lib : memory.c.obj (.text:split)
                  2000e3c0    00000068                           : copy_decompress_lzss.c.obj (.text:decompress:lzss:__TI_decompress_lzss)
                  2000e428    00000066     drivers_cc32xx.a : UARTCC32XX.oem4 (.text:UARTCC32XX_writeCancel)
                  2000e48e    00000002     nortos_cc32xx.a : startup_cc32xx_ccs.oem4 (.text:busFaultHandler)
                  2000e490    00000064     drivers_cc32xx.a : PowerCC32XX.oem4 (.text:PowerCC32XX_setParkState)
                  2000e4f4    00000062                      : UARTCC32XX.oem4 (.text:UARTCC32XX_writePolling)
                  2000e556    00000002     nortos_cc32xx.a : SemaphoreP_nortos.oem4 (.text:clkFxn)
                  2000e558    00000060     driverlib.a : prcm.obj (.text:PRCMSysResetCauseGet)
                  2000e5b8    0000005c     drivers_cc32xx.a : GPIOCC32XX.oem4 (.text:GPIO_setCallback)
                  2000e614    0000005c     nortos_cc32xx.a : ClockPSysTick_nortos.oem4 (.text:sysTickInit)
                  2000e670    00000058     drivers_cc32xx.a : GPIOCC32XX.oem4 (.text:GPIO_write)
                  2000e6c8    00000058     driverlib.a : prcm.obj (.text:PRCMPeripheralReset)
                  2000e720    00000058     drivers_cc32xx.a : PowerCC32XX.oem4 (.text:Power_releaseDependency)
                  2000e778    00000054                      : UARTCC32XX.oem4 (.text:ringBufGet)
                  2000e7cc    00000052                      : PowerCC32XX_asm.oem4 (.text:PowerCC32XX_resumeLPDS)
                  2000e81e    00000002     nortos_cc32xx.a : startup_cc32xx_ccs.oem4 (.text:defaultHandler)
                  2000e820    00000050                     : ClockPSysTick_nortos.oem4 (.text:ClockP_sysTickHandler)
                  2000e870    00000050                     : SemaphoreP_nortos.oem4 (.text:SemaphoreP_construct)
                  2000e8c0    0000004c     drivers_cc32xx.a : GPIOCC32XX.oem4 (.text:GPIO_enableInt)
                  2000e90c    0000004c                      : PowerCC32XX.oem4 (.text:PowerCC32XX_parkPin)
                  2000e958    0000004c                      : PowerCC32XX.oem4 (.text:restorePeriphClocks)
                  2000e9a4    00000048     driverlib.a : flash.obj (.text:FlashDisable)
                  2000e9ec    00000048                 : prcm.obj (.text:PRCMLPDSEnter)
                  2000ea34    00000048                 : prcm.obj (.text:PRCMPeripheralClkEnable)
                  2000ea7c    00000048     drivers_cc32xx.a : PowerCC32XX.oem4 (.text:Power_releaseConstraint)
                  2000eac4    00000046                      : RingBuf.oem4 (.text:RingBuf_put)
                  2000eb0a    00000002     nortos_cc32xx.a : startup_cc32xx_ccs.oem4 (.text:faultISR)
                  2000eb0c    00000044                     : ClockPSysTick_nortos.oem4 (.text:ClockP_stop)
                  2000eb50    00000044     driverlib.a : prcm.obj (.text:PRCMLPDSRestoreInfoSet)
                  2000eb94    00000044     drivers_cc32xx.a : PowerCC32XX_asm.oem4 (.text:PowerCC32XX_enterLPDS)
                  2000ebd8    00000044     nortos_cc32xx.a : SemaphoreP_nortos.oem4 (.text:SemaphoreP_post)
                  2000ec1c    00000044                     : SwiP_nortos.oem4 (.text:SwiP_restore)
                  2000ec60    00000044     drivers_cc32xx.a : UART.oem4 (.text:UART_init)
                  2000eca4    00000044     rtsv7M4_T_le_eabi.lib : autoinit.c.obj (.text:__TI_auto_init_nobinit_nopinit:__TI_auto_init_nobinit_nopinit)
                  2000ece8    00000040     nortos_cc32xx.a : ClockPSysTick_nortos.oem4 (.text:ClockP_construct)
                  2000ed28    00000040     driverlib.a : pin.obj (.text:PinModeSet)
                  2000ed68    00000040     drivers_cc32xx.a : RingBuf.oem4 (.text:RingBuf_get)
                  2000eda8    00000040                      : UARTCC32XX.oem4 (.text:UARTCC32XX_read)
                  2000ede8    00000040                      : UART.oem4 (.text:UART_open)
                  2000ee28    0000003c     nortos_cc32xx.a : ClockPSysTick_nortos.oem4 (.text:ClockP_destruct)
                  2000ee64    0000003c     drivers_cc32xx.a : PowerCC32XX.oem4 (.text:Power_setConstraint)
                  2000eea0    0000003a     nortos_cc32xx.a : PowerCC32XX_nortos.oem4 (.text:getCountsRTC)
                  2000eeda    00000002                     : startup_cc32xx_ccs.oem4 (.text:nmiISR)
                  2000eedc    00000038     driverlib.a : prcm.obj (.text:PRCMLPDSEnterKeepDebugIf)
                  2000ef14    00000038     nortos_cc32xx.a : ClockPSysTick_nortos.oem4 (.text:addToList)
                  2000ef4c    00000038                     : startup_cc32xx_ccs.oem4 (.text:initVectors)
                  2000ef84    00000038     drivers_cc32xx.a : PowerCC32XX.oem4 (.text:notify)
                  2000efbc    00000036                      : UARTCC32XX.oem4 (.text:UARTCC32XX_readCancel)
                  2000eff2    00000002     rtsv7M4_T_le_eabi.lib : div0.asm.obj (.text)
                  2000eff4    00000034     nortos_cc32xx.a : ClockPSysTick_nortos.oem4 (.text:ClockP_getTicksUntilInterrupt)
                  2000f028    00000034                     : ClockPSysTick_nortos.oem4 (.text:ClockP_startup)
                  2000f05c    00000034     driverlib.a : pin.obj (.text:PinModeGet)
                  2000f090    00000034     drivers_cc32xx.a : PowerCC32XX.oem4 (.text:PowerCC32XX_restoreParkState)
                  2000f0c4    00000030     nortos_cc32xx.a : ClockPSysTick_nortos.oem4 (.text:ClockP_start)
                  2000f0f4    00000030     drivers_cc32xx.a : PowerCC32XX.oem4 (.text:PowerCC32XX_restoreParkedPin)
                  2000f124    0000002c                      : PowerCC32XX.oem4 (.text:PowerCC32XX_getParkState)
                  2000f150    0000002a     nortos_cc32xx.a : HwiPCC32XX_nortos.oem4 (.text:HwiP_create)
                  2000f17a    00000002     --HOLE-- [fill = 0]
                  2000f17c    00000028     driverlib.a : prcm.obj (.text:PRCMPeripheralClkDisable)
                  2000f1a4    00000028     drivers_cc32xx.a : PowerCC32XX.oem4 (.text:Power_registerNotify)
                  2000f1cc    00000028     rtsv7M4_T_le_eabi.lib : memory.c.obj (.text:free_list_insert)
                  2000f1f4    00000026     drivers_cc32xx.a : List.oem4 (.text:List_put)
                  2000f21a    00000026                      : List.oem4 (.text:List_remove)
                  2000f240    00000024     nortos_cc32xx.a : HwiPCC32XX_nortos.oem4 (.text:HwiP_dispatch)
                  2000f264    00000024     drivers_cc32xx.a : PowerCC32XX.oem4 (.text:PowerCC32XX_reset)
                  2000f288    00000024     rtsv7M4_T_le_eabi.lib : boot_cortex_m.c.obj (.text:_c_int00_noargs:_c_int00_noargs)
                  2000f2ac    00000020     nortos_cc32xx.a : HwiPCC32XX_nortos.oem4 (.text:HwiP_destruct)
                  2000f2cc    00000020     drivers_cc32xx.a : PowerCC32XX.oem4 (.text:Power_unregisterNotify)
                  2000f2ec    00000020                      : RingBuf.oem4 (.text:RingBuf_peek)
                  2000f30c    00000020                      : UARTCC32XX.oem4 (.text:getPowerMgrId)
                  2000f32c    0000001c     driverlib.a : pin.obj (.text:PinToPadGet)
                  2000f348    0000001c     nortos_cc32xx.a : SwiP_nortos.oem4 (.text:SwiP_disable)
                  2000f364    0000001c     rtsv7M4_T_le_eabi.lib : copy_zero_init.c.obj (.text:decompress:ZI:__TI_zero_init_nomemset:__TI_zero_init_nomemset)
                  2000f380    0000001c                           : memory.c.obj (.text:free_list_remove)
                  2000f39c    0000001a     nortos_cc32xx.a : ClockPSysTick_nortos.oem4 (.text:ClockP_create)
                  2000f3b6    0000001a                     : SemaphoreP_nortos.oem4 (.text:SemaphoreP_createBinary)
                  2000f3d0    0000001a                     : startup_cc32xx_ccs.oem4 (.text:resetISR)
                  2000f3ea    00000002     --HOLE-- [fill = 0]
                  2000f3ec    00000018     drivers_cc32xx.a : PowerCC32XX.oem4 (.text:Power_getTransitionLatency)
                  2000f404    00000018                      : PowerCC32XX.oem4 (.text:Power_idleFunc)
                  2000f41c    00000018     driverlib.a : uart.obj (.text:UARTBusy)
                  2000f434    00000018                 : uart.obj (.text:UARTIntEnable)
                  2000f44c    00000018     drivers_cc32xx.a : UART.oem4 (.text:UART_Params_init)
                  2000f464    00000018     rtsv7M4_T_le_eabi.lib : ll_mul_t2.asm.obj (.text)
                  2000f47c    00000016     driverlib.a : prcm.obj (.text:PRCMHIBRegRead)
                  2000f492    00000016                 : prcm.obj (.text:PRCMHIBRegWrite)
                  2000f4a8    00000016     nortos_cc32xx.a : SemaphoreP_nortos.oem4 (.text:SemaphoreP_create)
                  2000f4be    00000014     driverlib.a : cpu.obj (.text:CPUcpsid)
                  2000f4d2    00000002     --HOLE-- [fill = 0]
                  2000f4d4    00000014     nortos_cc32xx.a : HwiPCC32XX_nortos.oem4 (.text:HwiP_inISR)
                  2000f4e8    00000014     driverlib.a : interrupt.obj (.text:IntVTableBaseSet)
                  2000f4fc    00000014     drivers_cc32xx.a : PowerCC32XX.oem4 (.text:Power_disablePolicy)
                  2000f510    00000014                      : PowerCC32XX.oem4 (.text:Power_getDependencyCount)
                  2000f524    00000014                      : UARTCC32XX.oem4 (.text:releasePowerConstraint)
                  2000f538    00000012     nortos_cc32xx.a : HwiPCC32XX_nortos.oem4 (.text:HwiP_Params_init)
                  2000f54a    00000012     drivers_cc32xx.a : RingBuf.oem4 (.text:RingBuf_construct)
                  2000f55c    00000012     main_nortos.obj (.text:main)
                  2000f56e    00000010     ti_drivers_config.obj (.text:Board_init)
                  2000f57e    00000010     nortos_cc32xx.a : ClockPSysTick_nortos.oem4 (.text:ClockP_add)
                  2000f58e    00000010                     : ClockPSysTick_nortos.oem4 (.text:ClockP_delete)
                  2000f59e    00000002     --HOLE-- [fill = 0]
                  2000f5a0    00000010                     : ClockPSysTick_nortos.oem4 (.text:ClockP_getCpuFreq)
                  2000f5b0    00000010                     : ClockPSysTick_nortos.oem4 (.text:ClockP_getSystemTicks)
                  2000f5c0    00000010                     : ClockPSysTick_nortos.oem4 (.text:ClockP_setTicks)
                  2000f5d0    00000010                     : HwiPCC32XX_nortos.oem4 (.text:HwiP_delete)
                  2000f5e0    00000010                     : HwiPCC32XX_nortos.oem4 (.text:HwiP_restore)
                  2000f5f0    00000010     drivers_cc32xx.a : PowerCC32XX.oem4 (.text:Power_enablePolicy)
                  2000f600    00000010     nortos_cc32xx.a : SemaphoreP_nortos.oem4 (.text:SemaphoreP_Params_init)
                  2000f610    00000010     drivers_cc32xx.a : UARTCC32XX.oem4 (.text:readBlockingTimeout)
                  2000f620    0000000e     nortos_cc32xx.a : HwiPCC32XX_nortos.oem4 (.text:HwiP_disable)
                  2000f62e    0000000e                     : HwiPCC32XX_nortos.oem4 (.text:HwiP_enable)
                  2000f63c    0000000e     drivers_cc32xx.a : RingBuf.oem4 (.text:RingBuf_isFull)
                  2000f64a    0000000e     rtsv7M4_T_le_eabi.lib : copy_decompress_none.c.obj (.text:decompress:none:__TI_decompress_none)
                  2000f658    0000000c     drivers_cc32xx.a : PowerCC32XX.oem4 (.text:Power_getConstraintMask)
                  2000f664    0000000c                      : UARTCC32XX.oem4 (.text:postNotifyFxn)
                  2000f670    0000000a     nortos_cc32xx.a : ClockPSysTick_nortos.oem4 (.text:ClockP_Params_init)
                  2000f67a    0000000a                     : ClockPSysTick_nortos.oem4 (.text:ClockP_isActive)
                  2000f684    0000000a     driverlib.a : interrupt.obj (.text:IntMasterDisable)
                  2000f68e    0000000a     drivers_cc32xx.a : UART.oem4 (.text:UART_read)
                  2000f698    0000000a                      : UART.oem4 (.text:UART_write)
                  2000f6a2    00000008     rtsv7M4_T_le_eabi.lib : memory.c.obj (.text:malloc)
                  2000f6aa    00000008     drivers_cc32xx.a : UARTCC32XX.oem4 (.text:readSemCallback)
                  2000f6b2    00000008                      : UARTCC32XX.oem4 (.text:writeSemCallback)
                  2000f6ba    00000006     driverlib.a : utils.obj (.text:UtilsDelay)
                  2000f6c0    00000004     nortos_cc32xx.a : ClockPSysTick_nortos.oem4 (.text:ClockP_setTimeout)
                  2000f6c4    00000004                     : HwiPCC32XX_nortos.oem4 (.text:HwiP_post)
                  2000f6c8    00000004                     : SemaphoreP_nortos.oem4 (.text:SemaphoreP_delete)
                  2000f6cc    00000004     rtsv7M4_T_le_eabi.lib : pre_init.c.obj (.text:_system_pre_init)
                  2000f6d0    00000004                           : exit.c.obj (.text:abort:abort)

.const     0    2000fc80    0000037a     
                  2000fc80    00000100     driverlib.a : pin.obj (.const:g_ulPinToPadMap)
                  2000fd80    000000a8                 : prcm.obj (.const:PRCM_PeriphRegsList)
                  2000fe28    00000044     ti_drivers_config.obj (.const:PowerCC32XX_config)
                  2000fe6c    00000028     drivers_cc32xx.a : UARTCC32XX.oem4 (.const:UARTCC32XX_fxnTable)
                  2000fe94    00000024                      : UART.oem4 (.const:UART_defaultParams)
                  2000feb8    00000024     ti_drivers_config.obj (.const:uartCC32XXHWAttrs0)
                  2000fedc    00000021     drivers_cc32xx.a : GPIOCC32XX.oem4 (.const:.string:pinTable)
                  2000fefd    00000003     ti_drivers_config.obj (.const)
                  2000ff00    00000020     drivers_cc32xx.a : UARTCC32XX.oem4 (.const:staticFxnTable)
                  2000ff20    00000018     uartecho.obj (.const:.string:$P$T0$1)
                  2000ff38    00000018     driverlib.a : interrupt.obj (.const:g_pulEnRegs)
                  2000ff50    00000018                 : interrupt.obj (.const:g_pulPendRegs)
                  2000ff68    00000014     ti_drivers_config.obj (.const:GPIOCC32XX_config)
                  2000ff7c    00000014     drivers_cc32xx.a : GPIOCC32XX.oem4 (.const:gpioBaseAddresses)
                  2000ff90    00000014                      : UARTCC32XX.oem4 (.const:parityType)
                  2000ffa4    00000014                      : GPIOCC32XX.oem4 (.const:powerResources)
                  2000ffb8    00000010                      : UARTCC32XX.oem4 (.const:dataLength)
                  2000ffc8    0000000c     ti_drivers_config.obj (.const:UART_config)
                  2000ffd4    00000008     drivers_cc32xx.a : GPIOCC32XX.oem4 (.const:outPinTypes)
                  2000ffdc    00000008                      : UARTCC32XX.oem4 (.const:stopBits)
                  2000ffe4    00000006                      : GPIOCC32XX.oem4 (.const:.string:interruptType)
                  2000ffea    00000006                      : GPIOCC32XX.oem4 (.const:inPinTypes)
                  2000fff0    00000006                      : GPIOCC32XX.oem4 (.const:outPinStrengths)
                  2000fff6    00000004                      : GPIOCC32XX.oem4 (.const:.string:portInterruptIds)

.cinit     0    20010230    000000e8     
                  20010230    000000be     (.cinit..data.load) [load image, compression = lzss]
                  200102ee    00000002     --HOLE-- [fill = 0]
                  200102f0    0000000c     (__TI_handler_table)
                  200102fc    00000004     --HOLE-- [fill = 0]
                  20010300    00000008     (.cinit..bss.load) [load image, compression = zero_init]
                  20010308    00000010     (__TI_cinit_table)

.init_array 
*          0    20004000    00000000     UNINITIALIZED

.ramVecs   0    20000000    0000030c     NOLOAD SECTION
                  20000000    0000030c     nortos_cc32xx.a : startup_cc32xx_ccs.oem4 (.ramVecs)

.stack     0    20003000    00001000     UNINITIALIZED
                  20003000    00000004     rtsv7M4_T_le_eabi.lib : boot_cortex_m.c.obj (.stack)
                  20003004    00000ffc     --HOLE--

.resetVecs 
*          0    20004000    00000040     
                  20004000    00000040     nortos_cc32xx.a : startup_cc32xx_ccs.oem4 (.resetVecs:retain)

.sysmem    0    20004040    00008000     UNINITIALIZED
                  20004040    00000010     rtsv7M4_T_le_eabi.lib : memory.c.obj (.sysmem)
                  20004050    00007ff0     --HOLE--

.data      0    2000f6d4    000005ac     UNINITIALIZED
                  2000f6d4    0000030c     nortos_cc32xx.a : HwiPCC32XX_nortos.oem4 (.data:HwiP_dispatchTable)
                  2000f9e0    0000016c     drivers_cc32xx.a : PowerCC32XX.oem4 (.data:PowerCC32XX_module)
                  2000fb4c    000000f8     ti_drivers_config.obj (.data:parkInfo)
                  2000fc44    00000009     drivers_cc32xx.a : GPIOCC32XX.oem4 (.data)
                  2000fc4d    00000003     nortos_cc32xx.a : SemaphoreP_nortos.oem4 (.data)
                  2000fc50    00000008     rtsv7M4_T_le_eabi.lib : _lock.c.obj (.data:$O1$$)
                  2000fc58    00000008                           : memory.c.obj (.data:$O1$$)
                  2000fc60    00000008     nortos_cc32xx.a : SemaphoreP_nortos.oem4 (.data:SemaphoreP_defaultParams)
                  2000fc68    00000008                     : HwiPCC32XX_nortos.oem4 (.data)
                  2000fc70    00000005                     : ClockPSysTick_nortos.oem4 (.data)
                  2000fc75    00000001     drivers_cc32xx.a : UART.oem4 (.data)
                  2000fc76    00000002     --HOLE--
                  2000fc78    00000004     ti_drivers_config.obj (.data:gpioCallbackFunctions)
                  2000fc7c    00000004     ti_drivers_config.obj (.data:gpioPinConfigs)

.bss       0    20010000    00000230     UNINITIALIZED
                  20010000    0000012c     (.common:PowerCC32XX_contextSave)
                  2001012c    00000084     (.common:uartCC32XXObjects0)
                  200101b0    00000020     drivers_cc32xx.a : GPIOCC32XX.oem4 (.bss:gpioCallbackInfo)
                  200101d0    00000020     ti_drivers_config.obj (.bss:uartCC32XXRingBuffer0)
                  200101f0    00000014     drivers_cc32xx.a : GPIOCC32XX.oem4 (.bss:powerNotifyObj)
                  20010204    00000004                      : GPIOCC32XX.oem4 (.bss)
                  20010208    00000010     (.common:ClockP_ctrl)
                  20010218    0000000d     nortos_cc32xx.a : SwiP_nortos.oem4 (.bss)
                  20010225    00000001     (.common:LIGHT_STATE)
                  20010226    00000001     (.common:input)
                  20010227    00000001     --HOLE--
                  20010228    00000004                     : ClockPSysTick_nortos.oem4 (.bss)
                  2001022c    00000004     (.common:uart)

.log_data 
*          0    90000000    00000000     COPY SECTION

__llvm_prf_cnts 
*          0    20004000    00000000     UNINITIALIZED

MODULE SUMMARY

       Module                       code    ro data   rw data
       ------                       ----    -------   -------
    .\
       uartecho.obj                 504     24        6      
       main_nortos.obj              18      0         0      
    +--+----------------------------+-------+---------+---------+
       Total:                       522     24        6      
                                                             
    .\syscfg\
       ti_drivers_config.obj        18      139       420    
    +--+----------------------------+-------+---------+---------+
       Total:                       18      139       420    
                                                             
    C:/ti/simplelink_cc32xx_sdk_4_30_00_06/kernel/nortos/lib/ccs/m4/nortos_cc32xx.a
       HwiPCC32XX_nortos.oem4       352     0         788    
       startup_cc32xx_ccs.oem4      90      64        780    
       ClockPSysTick_nortos.oem4    702     0         25     
       PowerCC32XX_nortos.oem4      472     0         0      
       SemaphoreP_nortos.oem4       378     0         11     
       SwiP_nortos.oem4             96      0         13     
    +--+----------------------------+-------+---------+---------+
       Total:                       2090    64        1617   
                                                             
    C:/ti/simplelink_cc32xx_sdk_4_30_00_06/source/ti/devices/cc32xx/driverlib/ccs/Release/driverlib.a
       prcm.obj                     1604    168       0      
       pin.obj                      280     256       0      
       interrupt.obj                334     48        0      
       flash.obj                    72      0         0      
       uart.obj                     48      0         0      
       cpu.obj                      20      0         0      
       utils.obj                    6       0         0      
    +--+----------------------------+-------+---------+---------+
       Total:                       2364    472       0      
                                                             
    C:/ti/simplelink_cc32xx_sdk_4_30_00_06/source/ti/drivers/lib/ccs/m4/drivers_cc32xx.a
       UARTCC32XX.oem4              3466    116       0      
       PowerCC32XX.oem4             2432    0         664    
       GPIOCC32XX.oem4              1208    103       65     
       UART.oem4                    176     36        1      
       RingBuf.oem4                 198     0         0      
       PowerCC32XX_asm.oem4         150     0         0      
       List.oem4                    76      0         0      
    +--+----------------------------+-------+---------+---------+
       Total:                       7706    255       730    
                                                             
    C:\ti\ccs1260\ccs\tools\compiler\ti-cgt-arm_20.2.7.LTS\lib\rtsv7M4_T_le_eabi.lib
       memory.c.obj                 672     0         8      
       memcpy_t2.asm.obj            156     0         0      
       ull_div_t2.asm.obj           150     0         0      
       copy_decompress_lzss.c.obj   104     0         0      
       autoinit.c.obj               68      0         0      
       boot_cortex_m.c.obj          36      0         0      
       copy_zero_init.c.obj         28      0         0      
       ll_mul_t2.asm.obj            24      0         0      
       copy_decompress_none.c.obj   14      0         0      
       _lock.c.obj                  2       0         8      
       exit.c.obj                   4       0         0      
       pre_init.c.obj               4       0         0      
       div0.asm.obj                 2       0         0      
    +--+----------------------------+-------+---------+---------+
       Total:                       1264    0         16     
                                                             
       Heap:                        0       0         32768  
       Stack:                       0       0         4096   
       Linker Generated:            0       226       0      
    +--+----------------------------+-------+---------+---------+
       Grand Total:                 13964   1180      39653  


LINKER GENERATED COPY TABLES

__TI_cinit_table @ 20010308 records: 2, size/record: 8, table size: 16
	.data: load addr=20010230, load size=000000be bytes, run addr=2000f6d4, run size=000005ac bytes, compression=lzss
	.bss: load addr=20010300, load size=00000008 bytes, run addr=20010000, run size=00000230 bytes, compression=zero_init


LINKER GENERATED HANDLER TABLE

__TI_handler_table @ 200102f0 records: 3, size/record: 4, table size: 12
	index: 0, handler: __TI_decompress_lzss
	index: 1, handler: __TI_decompress_none
	index: 2, handler: __TI_zero_init


GLOBAL SYMBOLS: SORTED ALPHABETICALLY BY Name 

address   name                          
-------   ----                          
2000f56f  Board_init                    
2000d17f  Board_initHook                
2000f6d1  C$$EXIT                       
2000fefd  CONFIG_GPIO_LED_0_CONST       
2000fefe  CONFIG_UART_0_CONST           
2000f4bf  CPUcpsid                      
2000f671  ClockP_Params_init            
2000f57f  ClockP_add                    
2000ece9  ClockP_construct              
2000f39d  ClockP_create                 
20010208  ClockP_ctrl                   
2000f58f  ClockP_delete                 
2000ee29  ClockP_destruct               
2000e821  ClockP_doTick                 
2000f5a1  ClockP_getCpuFreq             
2000f5b1  ClockP_getSystemTicks         
2000eff5  ClockP_getTicksUntilInterrupt 
2000f67b  ClockP_isActive               
2000f5c1  ClockP_setTicks               
2000f6c1  ClockP_setTimeout             
2000f0c5  ClockP_start                  
2000f029  ClockP_startup                
2000eb0d  ClockP_stop                   
2000e821  ClockP_sysTickHandler         
2000fc70  ClockP_tickPeriod             
2000e9a5  FlashDisable                  
2000ff68  GPIOCC32XX_config             
2000e8c1  GPIO_enableInt                
2000e1ed  GPIO_hwiIntFxn                
2000d331  GPIO_init                     
2000e5b9  GPIO_setCallback              
2000c6f5  GPIO_setConfig                
2000e671  GPIO_write                    
2000f539  HwiP_Params_init              
2000ddcd  HwiP_construct                
2000f151  HwiP_create                   
2000f5d1  HwiP_delete                   
2000f2ad  HwiP_destruct                 
2000f621  HwiP_disable                  
2000f241  HwiP_dispatch                 
2000f62f  HwiP_enable                   
2000f4d5  HwiP_inISR                    
2000fc68  HwiP_key                      
2000f6c5  HwiP_post                     
2000f5e1  HwiP_restore                  
2000fc6c  HwiP_swiPIntNum               
UNDEFED   ITM_flush                     
UNDEFED   ITM_restore                   
2000d83d  IntEnable                     
2000f685  IntMasterDisable              
2000de59  IntPendSet                    
2000f4e9  IntVTableBaseSet              
20010225  LIGHT_STATE                   
2000ca75  Light_Toggle                  
2000f1f5  List_put                      
2000f21b  List_remove                   
2000f62f  NoRTOS_start                  
2000c041  PRCMCC3200MCUInit             
2000f47d  PRCMHIBRegRead                
2000f493  PRCMHIBRegWrite               
2000e9ed  PRCMLPDSEnter                 
2000eedd  PRCMLPDSEnterKeepDebugIf      
2000eb51  PRCMLPDSRestoreInfoSet        
2000f17d  PRCMPeripheralClkDisable      
2000ea35  PRCMPeripheralClkEnable       
2000e6c9  PRCMPeripheralReset           
2000e559  PRCMSysResetCauseGet          
2000dee1  PinConfigSet                  
2000f05d  PinModeGet                    
2000ed29  PinModeSet                    
2000f32d  PinToPadGet                   
2000fe28  PowerCC32XX_config            
2000d8e5  PowerCC32XX_configureWakeup   
20010000  PowerCC32XX_contextSave       
2000eb95  PowerCC32XX_enterLPDS         
2000f125  PowerCC32XX_getParkState      
2000d32f  PowerCC32XX_initPolicy        
2000f9e0  PowerCC32XX_module            
2000e90d  PowerCC32XX_parkPin           
2000f265  PowerCC32XX_reset             
2000f091  PowerCC32XX_restoreParkState  
2000f0f5  PowerCC32XX_restoreParkedPin  
2000e7cd  PowerCC32XX_resumeLPDS        
2000e491  PowerCC32XX_setParkState      
2000c8d9  PowerCC32XX_sleepPolicy       
2000f4fd  Power_disablePolicy           
2000f5f1  Power_enablePolicy            
2000f659  Power_getConstraintMask       
2000f511  Power_getDependencyCount      
2000f3ed  Power_getTransitionLatency    
2000f405  Power_idleFunc                
2000df69  Power_init                    
2000f1a5  Power_registerNotify          
2000ea7d  Power_releaseConstraint       
2000e721  Power_releaseDependency       
2000ee65  Power_setConstraint           
2000e071  Power_setDependency           
2000cd35  Power_sleep                   
2000f2cd  Power_unregisterNotify        
2000f54b  RingBuf_construct             
2000ed69  RingBuf_get                   
2000f63d  RingBuf_isFull                
2000f2ed  RingBuf_peek                  
2000eac5  RingBuf_put                   
2000f601  SemaphoreP_Params_init        
2000e871  SemaphoreP_construct          
2000f4a9  SemaphoreP_create             
2000f3b7  SemaphoreP_createBinary       
2000fc60  SemaphoreP_defaultParams      
2000f6c9  SemaphoreP_delete             
2000dad1  SemaphoreP_pend               
2000ebd9  SemaphoreP_post               
2000f349  SwiP_disable                  
2000ec1d  SwiP_restore                  
2000f41d  UARTBusy                      
2000ce6d  UARTCC32XX_close              
2000d08d  UARTCC32XX_control            
2000fe6c  UARTCC32XX_fxnTable           
2000d56f  UARTCC32XX_init               
2000c46d  UARTCC32XX_open               
2000eda9  UARTCC32XX_read               
2000efbd  UARTCC32XX_readCancel         
2000d4b5  UARTCC32XX_readPolling        
2000d265  UARTCC32XX_write              
2000e429  UARTCC32XX_writeCancel        
2000e4f5  UARTCC32XX_writePolling       
2000f435  UARTIntEnable                 
2000f44d  UART_Params_init              
2000ffc8  UART_config                   
2000feff  UART_count                    
2000fe94  UART_defaultParams            
2000ec61  UART_init                     
2000ede9  UART_open                     
2000f68f  UART_read                     
2000f699  UART_write                    
2000f6bb  UtilsDelay                    
20004000  __STACK_END                   
00001000  __STACK_SIZE                  
00008000  __SYSMEM_SIZE                 
20010308  __TI_CINIT_Base               
20010318  __TI_CINIT_Limit              
200102f0  __TI_Handler_Table_Base       
200102fc  __TI_Handler_Table_Limit      
2000eca5  __TI_auto_init_nobinit_nopinit
2000e3c1  __TI_decompress_lzss          
2000f64b  __TI_decompress_none          
ffffffff  __TI_pprof_out_hndl           
ffffffff  __TI_prof_data_size           
ffffffff  __TI_prof_data_start          
20010230  __TI_static_base__            
2000f365  __TI_zero_init_nomemset       
2000eff3  __aeabi_idiv0                 
2000eff3  __aeabi_ldiv0                 
2000f465  __aeabi_lmul                  
2000db71  __aeabi_memcpy                
2000db71  __aeabi_memcpy4               
2000db71  __aeabi_memcpy8               
2000dca5  __aeabi_uldivmod              
ffffffff  __binit__                     
ffffffff  __c_args__                    
UNDEFED   __mpu_init                    
20003000  __stack                       
20004000  __start___llvm_prf_cnts       
20004000  __stop___llvm_prf_cnts        
2000f289  _c_int00_noargs               
2000fc50  _lock                         
2000dd3b  _nop                          
20004040  _sys_memory                   
UNDEFED   _system_post_cinit            
2000f6cd  _system_pre_init              
2000fc54  _unlock                       
2000f6d1  abort                         
2000cf8d  aligned_alloc                 
ffffffff  binit                         
2000e557  clkFxn                        
2000d181  free                          
2000fc78  gpioCallbackFunctions         
2000fc7c  gpioPinConfigs                
2000ffea  inPinTypes                    
2000ef4d  initVectors                   
20010226  input                         
2000f55d  main                          
2000e0f1  mainThread                    
2000f6a3  malloc                        
2000cf8d  memalign                      
2000db71  memcpy                        
2000fff0  outPinStrengths               
2000ffd4  outPinTypes                   
2000fb4c  parkInfo                      
2000f3d1  resetISR                      
2000f3e4  resetVectorAddr               
20004000  resetVectors                  
2001022c  uart                          
2001012c  uartCC32XXObjects0            


GLOBAL SYMBOLS: SORTED BY Symbol Address 

address   name                          
-------   ----                          
00001000  __STACK_SIZE                  
00008000  __SYSMEM_SIZE                 
20003000  __stack                       
20004000  __STACK_END                   
20004000  __start___llvm_prf_cnts       
20004000  __stop___llvm_prf_cnts        
20004000  resetVectors                  
20004040  _sys_memory                   
2000c041  PRCMCC3200MCUInit             
2000c46d  UARTCC32XX_open               
2000c6f5  GPIO_setConfig                
2000c8d9  PowerCC32XX_sleepPolicy       
2000ca75  Light_Toggle                  
2000cd35  Power_sleep                   
2000ce6d  UARTCC32XX_close              
2000cf8d  aligned_alloc                 
2000cf8d  memalign                      
2000d08d  UARTCC32XX_control            
2000d17f  Board_initHook                
2000d181  free                          
2000d265  UARTCC32XX_write              
2000d32f  PowerCC32XX_initPolicy        
2000d331  GPIO_init                     
2000d4b5  UARTCC32XX_readPolling        
2000d56f  UARTCC32XX_init               
2000d83d  IntEnable                     
2000d8e5  PowerCC32XX_configureWakeup   
2000dad1  SemaphoreP_pend               
2000db71  __aeabi_memcpy                
2000db71  __aeabi_memcpy4               
2000db71  __aeabi_memcpy8               
2000db71  memcpy                        
2000dca5  __aeabi_uldivmod              
2000dd3b  _nop                          
2000ddcd  HwiP_construct                
2000de59  IntPendSet                    
2000dee1  PinConfigSet                  
2000df69  Power_init                    
2000e071  Power_setDependency           
2000e0f1  mainThread                    
2000e1ed  GPIO_hwiIntFxn                
2000e3c1  __TI_decompress_lzss          
2000e429  UARTCC32XX_writeCancel        
2000e491  PowerCC32XX_setParkState      
2000e4f5  UARTCC32XX_writePolling       
2000e557  clkFxn                        
2000e559  PRCMSysResetCauseGet          
2000e5b9  GPIO_setCallback              
2000e671  GPIO_write                    
2000e6c9  PRCMPeripheralReset           
2000e721  Power_releaseDependency       
2000e7cd  PowerCC32XX_resumeLPDS        
2000e821  ClockP_doTick                 
2000e821  ClockP_sysTickHandler         
2000e871  SemaphoreP_construct          
2000e8c1  GPIO_enableInt                
2000e90d  PowerCC32XX_parkPin           
2000e9a5  FlashDisable                  
2000e9ed  PRCMLPDSEnter                 
2000ea35  PRCMPeripheralClkEnable       
2000ea7d  Power_releaseConstraint       
2000eac5  RingBuf_put                   
2000eb0d  ClockP_stop                   
2000eb51  PRCMLPDSRestoreInfoSet        
2000eb95  PowerCC32XX_enterLPDS         
2000ebd9  SemaphoreP_post               
2000ec1d  SwiP_restore                  
2000ec61  UART_init                     
2000eca5  __TI_auto_init_nobinit_nopinit
2000ece9  ClockP_construct              
2000ed29  PinModeSet                    
2000ed69  RingBuf_get                   
2000eda9  UARTCC32XX_read               
2000ede9  UART_open                     
2000ee29  ClockP_destruct               
2000ee65  Power_setConstraint           
2000eedd  PRCMLPDSEnterKeepDebugIf      
2000ef4d  initVectors                   
2000efbd  UARTCC32XX_readCancel         
2000eff3  __aeabi_idiv0                 
2000eff3  __aeabi_ldiv0                 
2000eff5  ClockP_getTicksUntilInterrupt 
2000f029  ClockP_startup                
2000f05d  PinModeGet                    
2000f091  PowerCC32XX_restoreParkState  
2000f0c5  ClockP_start                  
2000f0f5  PowerCC32XX_restoreParkedPin  
2000f125  PowerCC32XX_getParkState      
2000f151  HwiP_create                   
2000f17d  PRCMPeripheralClkDisable      
2000f1a5  Power_registerNotify          
2000f1f5  List_put                      
2000f21b  List_remove                   
2000f241  HwiP_dispatch                 
2000f265  PowerCC32XX_reset             
2000f289  _c_int00_noargs               
2000f2ad  HwiP_destruct                 
2000f2cd  Power_unregisterNotify        
2000f2ed  RingBuf_peek                  
2000f32d  PinToPadGet                   
2000f349  SwiP_disable                  
2000f365  __TI_zero_init_nomemset       
2000f39d  ClockP_create                 
2000f3b7  SemaphoreP_createBinary       
2000f3d1  resetISR                      
2000f3e4  resetVectorAddr               
2000f3ed  Power_getTransitionLatency    
2000f405  Power_idleFunc                
2000f41d  UARTBusy                      
2000f435  UARTIntEnable                 
2000f44d  UART_Params_init              
2000f465  __aeabi_lmul                  
2000f47d  PRCMHIBRegRead                
2000f493  PRCMHIBRegWrite               
2000f4a9  SemaphoreP_create             
2000f4bf  CPUcpsid                      
2000f4d5  HwiP_inISR                    
2000f4e9  IntVTableBaseSet              
2000f4fd  Power_disablePolicy           
2000f511  Power_getDependencyCount      
2000f539  HwiP_Params_init              
2000f54b  RingBuf_construct             
2000f55d  main                          
2000f56f  Board_init                    
2000f57f  ClockP_add                    
2000f58f  ClockP_delete                 
2000f5a1  ClockP_getCpuFreq             
2000f5b1  ClockP_getSystemTicks         
2000f5c1  ClockP_setTicks               
2000f5d1  HwiP_delete                   
2000f5e1  HwiP_restore                  
2000f5f1  Power_enablePolicy            
2000f601  SemaphoreP_Params_init        
2000f621  HwiP_disable                  
2000f62f  HwiP_enable                   
2000f62f  NoRTOS_start                  
2000f63d  RingBuf_isFull                
2000f64b  __TI_decompress_none          
2000f659  Power_getConstraintMask       
2000f671  ClockP_Params_init            
2000f67b  ClockP_isActive               
2000f685  IntMasterDisable              
2000f68f  UART_read                     
2000f699  UART_write                    
2000f6a3  malloc                        
2000f6bb  UtilsDelay                    
2000f6c1  ClockP_setTimeout             
2000f6c5  HwiP_post                     
2000f6c9  SemaphoreP_delete             
2000f6cd  _system_pre_init              
2000f6d1  C$$EXIT                       
2000f6d1  abort                         
2000f9e0  PowerCC32XX_module            
2000fb4c  parkInfo                      
2000fc50  _lock                         
2000fc54  _unlock                       
2000fc60  SemaphoreP_defaultParams      
2000fc68  HwiP_key                      
2000fc6c  HwiP_swiPIntNum               
2000fc70  ClockP_tickPeriod             
2000fc78  gpioCallbackFunctions         
2000fc7c  gpioPinConfigs                
2000fe28  PowerCC32XX_config            
2000fe6c  UARTCC32XX_fxnTable           
2000fe94  UART_defaultParams            
2000fefd  CONFIG_GPIO_LED_0_CONST       
2000fefe  CONFIG_UART_0_CONST           
2000feff  UART_count                    
2000ff68  GPIOCC32XX_config             
2000ffc8  UART_config                   
2000ffd4  outPinTypes                   
2000ffea  inPinTypes                    
2000fff0  outPinStrengths               
20010000  PowerCC32XX_contextSave       
2001012c  uartCC32XXObjects0            
20010208  ClockP_ctrl                   
20010225  LIGHT_STATE                   
20010226  input                         
2001022c  uart                          
20010230  __TI_static_base__            
200102f0  __TI_Handler_Table_Base       
200102fc  __TI_Handler_Table_Limit      
20010308  __TI_CINIT_Base               
20010318  __TI_CINIT_Limit              
ffffffff  __TI_pprof_out_hndl           
ffffffff  __TI_prof_data_size           
ffffffff  __TI_prof_data_start          
ffffffff  __binit__                     
ffffffff  __c_args__                    
ffffffff  binit                         
UNDEFED   ITM_flush                     
UNDEFED   ITM_restore                   
UNDEFED   __mpu_init                    
UNDEFED   _system_post_cinit            

[194 symbols]
