<?xml version="1.0" encoding="ISO-8859-1" ?>
<link_info>
   <banner>TI ARM Linker PC v20.2.7.LTS</banner>
   <copyright>Copyright (c) 1996-2018 Texas Instruments Incorporated</copyright>
   <link_time>0x65fb0c6d</link_time>
   <link_errors>0x0</link_errors>
   <output_file>uartecho_CC3220S_LAUNCHXL_nortos_ccs.out</output_file>
   <entry_point>
      <name>resetISR</name>
      <address>0x2000f3d1</address>
   </entry_point>
   <input_file_list>
      <input_file id="fl-2">
         <path>.\</path>
         <kind>object</kind>
         <file>main_nortos.obj</file>
         <name>main_nortos.obj</name>
      </input_file>
      <input_file id="fl-3">
         <path>.\</path>
         <kind>object</kind>
         <file>uartecho.obj</file>
         <name>uartecho.obj</name>
      </input_file>
      <input_file id="fl-4">
         <path>.\syscfg\</path>
         <kind>object</kind>
         <file>ti_drivers_config.obj</file>
         <name>ti_drivers_config.obj</name>
      </input_file>
      <input_file id="fl-d">
         <kind>object</kind>
         <file>&lt;internal&gt;</file>
         <name>&lt;internal&gt;</name>
      </input_file>
      <input_file id="fl-e">
         <path>C:\ti\simplelink_cc32xx_sdk_4_30_00_06\source\ti\drivers\lib\ccs\m4\</path>
         <kind>archive</kind>
         <file>drivers_cc32xx.a</file>
         <name>UART.oem4</name>
      </input_file>
      <input_file id="fl-f">
         <path>C:\ti\simplelink_cc32xx_sdk_4_30_00_06\source\ti\drivers\lib\ccs\m4\</path>
         <kind>archive</kind>
         <file>drivers_cc32xx.a</file>
         <name>GPIOCC32XX.oem4</name>
      </input_file>
      <input_file id="fl-10">
         <path>C:\ti\simplelink_cc32xx_sdk_4_30_00_06\source\ti\drivers\lib\ccs\m4\</path>
         <kind>archive</kind>
         <file>drivers_cc32xx.a</file>
         <name>PowerCC32XX.oem4</name>
      </input_file>
      <input_file id="fl-11">
         <path>C:\ti\simplelink_cc32xx_sdk_4_30_00_06\source\ti\drivers\lib\ccs\m4\</path>
         <kind>archive</kind>
         <file>drivers_cc32xx.a</file>
         <name>PowerCC32XX_asm.oem4</name>
      </input_file>
      <input_file id="fl-12">
         <path>C:\ti\simplelink_cc32xx_sdk_4_30_00_06\source\ti\drivers\lib\ccs\m4\</path>
         <kind>archive</kind>
         <file>drivers_cc32xx.a</file>
         <name>UARTCC32XX.oem4</name>
      </input_file>
      <input_file id="fl-13">
         <path>C:\ti\simplelink_cc32xx_sdk_4_30_00_06\source\ti\drivers\lib\ccs\m4\</path>
         <kind>archive</kind>
         <file>drivers_cc32xx.a</file>
         <name>List.oem4</name>
      </input_file>
      <input_file id="fl-14">
         <path>C:\ti\simplelink_cc32xx_sdk_4_30_00_06\source\ti\drivers\lib\ccs\m4\</path>
         <kind>archive</kind>
         <file>drivers_cc32xx.a</file>
         <name>RingBuf.oem4</name>
      </input_file>
      <input_file id="fl-15">
         <path>C:\ti\simplelink_cc32xx_sdk_4_30_00_06\kernel\nortos\lib\ccs\m4\</path>
         <kind>archive</kind>
         <file>nortos_cc32xx.a</file>
         <name>NoRTOS.oem4</name>
      </input_file>
      <input_file id="fl-16">
         <path>C:\ti\simplelink_cc32xx_sdk_4_30_00_06\kernel\nortos\lib\ccs\m4\</path>
         <kind>archive</kind>
         <file>nortos_cc32xx.a</file>
         <name>SemaphoreP_nortos.oem4</name>
      </input_file>
      <input_file id="fl-17">
         <path>C:\ti\simplelink_cc32xx_sdk_4_30_00_06\kernel\nortos\lib\ccs\m4\</path>
         <kind>archive</kind>
         <file>nortos_cc32xx.a</file>
         <name>ClockPSysTick_nortos.oem4</name>
      </input_file>
      <input_file id="fl-18">
         <path>C:\ti\simplelink_cc32xx_sdk_4_30_00_06\kernel\nortos\lib\ccs\m4\</path>
         <kind>archive</kind>
         <file>nortos_cc32xx.a</file>
         <name>HwiPCC32XX_nortos.oem4</name>
      </input_file>
      <input_file id="fl-19">
         <path>C:\ti\simplelink_cc32xx_sdk_4_30_00_06\kernel\nortos\lib\ccs\m4\</path>
         <kind>archive</kind>
         <file>nortos_cc32xx.a</file>
         <name>PowerCC32XX_nortos.oem4</name>
      </input_file>
      <input_file id="fl-1a">
         <path>C:\ti\simplelink_cc32xx_sdk_4_30_00_06\kernel\nortos\lib\ccs\m4\</path>
         <kind>archive</kind>
         <file>nortos_cc32xx.a</file>
         <name>startup_cc32xx_ccs.oem4</name>
      </input_file>
      <input_file id="fl-1b">
         <path>C:\ti\simplelink_cc32xx_sdk_4_30_00_06\kernel\nortos\lib\ccs\m4\</path>
         <kind>archive</kind>
         <file>nortos_cc32xx.a</file>
         <name>SwiP_nortos.oem4</name>
      </input_file>
      <input_file id="fl-1c">
         <path>C:\ti\simplelink_cc32xx_sdk_4_30_00_06\kernel\nortos\lib\ccs\m4\</path>
         <kind>archive</kind>
         <file>nortos_cc32xx.a</file>
         <name>QueueP_nortos.oem4</name>
      </input_file>
      <input_file id="fl-1d">
         <path>C:\ti\simplelink_cc32xx_sdk_4_30_00_06\source\ti\devices\cc32xx\driverlib\ccs\Release\</path>
         <kind>archive</kind>
         <file>driverlib.a</file>
         <name>cpu.obj</name>
      </input_file>
      <input_file id="fl-1e">
         <path>C:\ti\simplelink_cc32xx_sdk_4_30_00_06\source\ti\devices\cc32xx\driverlib\ccs\Release\</path>
         <kind>archive</kind>
         <file>driverlib.a</file>
         <name>interrupt.obj</name>
      </input_file>
      <input_file id="fl-1f">
         <path>C:\ti\simplelink_cc32xx_sdk_4_30_00_06\source\ti\devices\cc32xx\driverlib\ccs\Release\</path>
         <kind>archive</kind>
         <file>driverlib.a</file>
         <name>pin.obj</name>
      </input_file>
      <input_file id="fl-20">
         <path>C:\ti\simplelink_cc32xx_sdk_4_30_00_06\source\ti\devices\cc32xx\driverlib\ccs\Release\</path>
         <kind>archive</kind>
         <file>driverlib.a</file>
         <name>prcm.obj</name>
      </input_file>
      <input_file id="fl-21">
         <path>C:\ti\simplelink_cc32xx_sdk_4_30_00_06\source\ti\devices\cc32xx\driverlib\ccs\Release\</path>
         <kind>archive</kind>
         <file>driverlib.a</file>
         <name>uart.obj</name>
      </input_file>
      <input_file id="fl-22">
         <path>C:\ti\simplelink_cc32xx_sdk_4_30_00_06\source\ti\devices\cc32xx\driverlib\ccs\Release\</path>
         <kind>archive</kind>
         <file>driverlib.a</file>
         <name>utils.obj</name>
      </input_file>
      <input_file id="fl-23">
         <path>C:\ti\simplelink_cc32xx_sdk_4_30_00_06\source\ti\devices\cc32xx\driverlib\ccs\Release\</path>
         <kind>archive</kind>
         <file>driverlib.a</file>
         <name>flash.obj</name>
      </input_file>
      <input_file id="fl-d9">
         <path>C:\ti\ccs1260\ccs\tools\compiler\ti-cgt-arm_20.2.7.LTS\lib\</path>
         <kind>archive</kind>
         <file>rtsv7M4_T_le_eabi.lib</file>
         <name>ll_mul_t2.asm.obj</name>
      </input_file>
      <input_file id="fl-da">
         <path>C:\ti\ccs1260\ccs\tools\compiler\ti-cgt-arm_20.2.7.LTS\lib\</path>
         <kind>archive</kind>
         <file>rtsv7M4_T_le_eabi.lib</file>
         <name>memcpy_t2.asm.obj</name>
      </input_file>
      <input_file id="fl-db">
         <path>C:\ti\ccs1260\ccs\tools\compiler\ti-cgt-arm_20.2.7.LTS\lib\</path>
         <kind>archive</kind>
         <file>rtsv7M4_T_le_eabi.lib</file>
         <name>ull_div_t2.asm.obj</name>
      </input_file>
      <input_file id="fl-dc">
         <path>C:\ti\ccs1260\ccs\tools\compiler\ti-cgt-arm_20.2.7.LTS\lib\</path>
         <kind>archive</kind>
         <file>rtsv7M4_T_le_eabi.lib</file>
         <name>copy_zero_init.c.obj</name>
      </input_file>
      <input_file id="fl-dd">
         <path>C:\ti\ccs1260\ccs\tools\compiler\ti-cgt-arm_20.2.7.LTS\lib\</path>
         <kind>archive</kind>
         <file>rtsv7M4_T_le_eabi.lib</file>
         <name>copy_decompress_none.c.obj</name>
      </input_file>
      <input_file id="fl-de">
         <path>C:\ti\ccs1260\ccs\tools\compiler\ti-cgt-arm_20.2.7.LTS\lib\</path>
         <kind>archive</kind>
         <file>rtsv7M4_T_le_eabi.lib</file>
         <name>copy_decompress_lzss.c.obj</name>
      </input_file>
      <input_file id="fl-df">
         <path>C:\ti\ccs1260\ccs\tools\compiler\ti-cgt-arm_20.2.7.LTS\lib\</path>
         <kind>archive</kind>
         <file>rtsv7M4_T_le_eabi.lib</file>
         <name>memory.c.obj</name>
      </input_file>
      <input_file id="fl-e0">
         <path>C:\ti\ccs1260\ccs\tools\compiler\ti-cgt-arm_20.2.7.LTS\lib\</path>
         <kind>archive</kind>
         <file>rtsv7M4_T_le_eabi.lib</file>
         <name>boot_cortex_m.c.obj</name>
      </input_file>
      <input_file id="fl-e1">
         <path>C:\ti\ccs1260\ccs\tools\compiler\ti-cgt-arm_20.2.7.LTS\lib\</path>
         <kind>archive</kind>
         <file>rtsv7M4_T_le_eabi.lib</file>
         <name>div0.asm.obj</name>
      </input_file>
      <input_file id="fl-e2">
         <path>C:\ti\ccs1260\ccs\tools\compiler\ti-cgt-arm_20.2.7.LTS\lib\</path>
         <kind>archive</kind>
         <file>rtsv7M4_T_le_eabi.lib</file>
         <name>memset_t2.asm.obj</name>
      </input_file>
      <input_file id="fl-e3">
         <path>C:\ti\ccs1260\ccs\tools\compiler\ti-cgt-arm_20.2.7.LTS\lib\</path>
         <kind>archive</kind>
         <file>rtsv7M4_T_le_eabi.lib</file>
         <name>autoinit.c.obj</name>
      </input_file>
      <input_file id="fl-e4">
         <path>C:\ti\ccs1260\ccs\tools\compiler\ti-cgt-arm_20.2.7.LTS\lib\</path>
         <kind>archive</kind>
         <file>rtsv7M4_T_le_eabi.lib</file>
         <name>pre_init.c.obj</name>
      </input_file>
      <input_file id="fl-e5">
         <path>C:\ti\ccs1260\ccs\tools\compiler\ti-cgt-arm_20.2.7.LTS\lib\</path>
         <kind>archive</kind>
         <file>rtsv7M4_T_le_eabi.lib</file>
         <name>cpy_tbl.c.obj</name>
      </input_file>
      <input_file id="fl-e6">
         <path>C:\ti\ccs1260\ccs\tools\compiler\ti-cgt-arm_20.2.7.LTS\lib\</path>
         <kind>archive</kind>
         <file>rtsv7M4_T_le_eabi.lib</file>
         <name>exit.c.obj</name>
      </input_file>
      <input_file id="fl-e7">
         <path>C:\ti\ccs1260\ccs\tools\compiler\ti-cgt-arm_20.2.7.LTS\lib\</path>
         <kind>archive</kind>
         <file>rtsv7M4_T_le_eabi.lib</file>
         <name>_lock.c.obj</name>
      </input_file>
      <input_file id="fl-e8">
         <path>C:\ti\ccs1260\ccs\tools\compiler\ti-cgt-arm_20.2.7.LTS\lib\</path>
         <kind>archive</kind>
         <file>rtsv7M4_T_le_eabi.lib</file>
         <name>args_main.c.obj</name>
      </input_file>
   </input_file_list>
   <object_component_list>
      <object_component id="oc-1a9">
         <name>.text:PRCMCC3200MCUInit</name>
         <load_address>0x2000c040</load_address>
         <run_address>0x2000c040</run_address>
         <size>0x42c</size>
         <input_file_ref idref="fl-20"/>
      </object_component>
      <object_component id="oc-4dc">
         <name>.text:UARTCC32XX_open</name>
         <load_address>0x2000c46c</load_address>
         <run_address>0x2000c46c</run_address>
         <size>0x288</size>
         <input_file_ref idref="fl-12"/>
      </object_component>
      <object_component id="oc-1c9">
         <name>.text:GPIO_setConfig</name>
         <load_address>0x2000c6f4</load_address>
         <run_address>0x2000c6f4</run_address>
         <size>0x1e4</size>
         <input_file_ref idref="fl-f"/>
      </object_component>
      <object_component id="oc-363">
         <name>.text:PowerCC32XX_sleepPolicy</name>
         <load_address>0x2000c8d8</load_address>
         <run_address>0x2000c8d8</run_address>
         <size>0x19c</size>
         <input_file_ref idref="fl-19"/>
      </object_component>
      <object_component id="oc-1e7">
         <name>.text:Light_Toggle</name>
         <load_address>0x2000ca74</load_address>
         <run_address>0x2000ca74</run_address>
         <size>0x178</size>
         <input_file_ref idref="fl-3"/>
      </object_component>
      <object_component id="oc-546">
         <name>.text:parkPins</name>
         <load_address>0x2000cbec</load_address>
         <run_address>0x2000cbec</run_address>
         <size>0x148</size>
         <input_file_ref idref="fl-10"/>
      </object_component>
      <object_component id="oc-46a">
         <name>.text:Power_sleep</name>
         <load_address>0x2000cd34</load_address>
         <run_address>0x2000cd34</run_address>
         <size>0x138</size>
         <input_file_ref idref="fl-10"/>
      </object_component>
      <object_component id="oc-4ca">
         <name>.text:UARTCC32XX_close</name>
         <load_address>0x2000ce6c</load_address>
         <run_address>0x2000ce6c</run_address>
         <size>0x120</size>
         <input_file_ref idref="fl-12"/>
      </object_component>
      <object_component id="oc-50e">
         <name>.text:aligned_alloc</name>
         <load_address>0x2000cf8c</load_address>
         <run_address>0x2000cf8c</run_address>
         <size>0x100</size>
         <input_file_ref idref="fl-df"/>
      </object_component>
      <object_component id="oc-4d0">
         <name>.text:UARTCC32XX_control</name>
         <load_address>0x2000d08c</load_address>
         <run_address>0x2000d08c</run_address>
         <size>0xf2</size>
         <input_file_ref idref="fl-12"/>
      </object_component>
      <object_component id="oc-1b5">
         <name>.text:Board_initHook</name>
         <load_address>0x2000d17e</load_address>
         <run_address>0x2000d17e</run_address>
         <size>0x2</size>
         <input_file_ref idref="fl-4"/>
      </object_component>
      <object_component id="oc-37f">
         <name>.text:free</name>
         <load_address>0x2000d180</load_address>
         <run_address>0x2000d180</run_address>
         <size>0xe4</size>
         <input_file_ref idref="fl-df"/>
      </object_component>
      <object_component id="oc-4f4">
         <name>.text:UARTCC32XX_write</name>
         <load_address>0x2000d264</load_address>
         <run_address>0x2000d264</run_address>
         <size>0xca</size>
         <input_file_ref idref="fl-12"/>
      </object_component>
      <object_component id="oc-35d">
         <name>.text:PowerCC32XX_initPolicy</name>
         <load_address>0x2000d32e</load_address>
         <run_address>0x2000d32e</run_address>
         <size>0x2</size>
         <input_file_ref idref="fl-19"/>
      </object_component>
      <object_component id="oc-1bd">
         <name>.text:GPIO_init</name>
         <load_address>0x2000d330</load_address>
         <run_address>0x2000d330</run_address>
         <size>0xc4</size>
         <input_file_ref idref="fl-f"/>
      </object_component>
      <object_component id="oc-563">
         <name>.text:restoreParkedPins</name>
         <load_address>0x2000d3f4</load_address>
         <run_address>0x2000d3f4</run_address>
         <size>0xc0</size>
         <input_file_ref idref="fl-10"/>
      </object_component>
      <object_component id="oc-4e8">
         <name>.text:UARTCC32XX_readPolling</name>
         <load_address>0x2000d4b4</load_address>
         <run_address>0x2000d4b4</run_address>
         <size>0xba</size>
         <input_file_ref idref="fl-12"/>
      </object_component>
      <object_component id="oc-4d6">
         <name>.text:UARTCC32XX_init</name>
         <load_address>0x2000d56e</load_address>
         <run_address>0x2000d56e</run_address>
         <size>0x2</size>
         <input_file_ref idref="fl-12"/>
      </object_component>
      <object_component id="oc-5f0">
         <name>.text:initHw</name>
         <load_address>0x2000d570</load_address>
         <run_address>0x2000d570</run_address>
         <size>0xb8</size>
         <input_file_ref idref="fl-12"/>
      </object_component>
      <object_component id="oc-6d6">
         <name>.text:readTaskCallback</name>
         <load_address>0x2000d628</load_address>
         <run_address>0x2000d628</run_address>
         <size>0xb6</size>
         <input_file_ref idref="fl-12"/>
      </object_component>
      <object_component id="oc-6c4">
         <name>.text:readTaskBlocking</name>
         <load_address>0x2000d6de</load_address>
         <run_address>0x2000d6de</run_address>
         <size>0xb0</size>
         <input_file_ref idref="fl-12"/>
      </object_component>
      <object_component id="oc-6ca">
         <name>.text:readIsrTextBlocking</name>
         <load_address>0x2000d78e</load_address>
         <run_address>0x2000d78e</run_address>
         <size>0xae</size>
         <input_file_ref idref="fl-12"/>
      </object_component>
      <object_component id="oc-b5">
         <name>.text:IntEnable</name>
         <load_address>0x2000d83c</load_address>
         <run_address>0x2000d83c</run_address>
         <size>0xa8</size>
         <input_file_ref idref="fl-1e"/>
      </object_component>
      <object_component id="oc-276">
         <name>.text:PowerCC32XX_configureWakeup</name>
         <load_address>0x2000d8e4</load_address>
         <run_address>0x2000d8e4</run_address>
         <size>0xa8</size>
         <input_file_ref idref="fl-10"/>
      </object_component>
      <object_component id="oc-6dc">
         <name>.text:readIsrTextCallback</name>
         <load_address>0x2000d98c</load_address>
         <run_address>0x2000d98c</run_address>
         <size>0xa2</size>
         <input_file_ref idref="fl-12"/>
      </object_component>
      <object_component id="oc-627">
         <name>.text:writeData</name>
         <load_address>0x2000da2e</load_address>
         <run_address>0x2000da2e</run_address>
         <size>0xa2</size>
         <input_file_ref idref="fl-12"/>
      </object_component>
      <object_component id="oc-29c">
         <name>.text:SemaphoreP_pend</name>
         <load_address>0x2000dad0</load_address>
         <run_address>0x2000dad0</run_address>
         <size>0xa0</size>
         <input_file_ref idref="fl-16"/>
      </object_component>
      <object_component id="oc-3b">
         <name>.text</name>
         <load_address>0x2000db70</load_address>
         <run_address>0x2000db70</run_address>
         <size>0x9c</size>
         <input_file_ref idref="fl-da"/>
      </object_component>
      <object_component id="oc-2be">
         <name>.text:powerNotifyFxn</name>
         <load_address>0x2000dc0c</load_address>
         <run_address>0x2000dc0c</run_address>
         <size>0x98</size>
         <input_file_ref idref="fl-f"/>
      </object_component>
      <object_component id="oc-465">
         <name>.text</name>
         <load_address>0x2000dca4</load_address>
         <run_address>0x2000dca4</run_address>
         <size>0x96</size>
         <input_file_ref idref="fl-db"/>
      </object_component>
      <object_component id="oc-325">
         <name>.text:_nop</name>
         <load_address>0x2000dd3a</load_address>
         <run_address>0x2000dd3a</run_address>
         <size>0x2</size>
         <input_file_ref idref="fl-e7"/>
      </object_component>
      <object_component id="oc-557">
         <name>.text:restoreNVICRegs</name>
         <load_address>0x2000dd3c</load_address>
         <run_address>0x2000dd3c</run_address>
         <size>0x90</size>
         <input_file_ref idref="fl-10"/>
      </object_component>
      <object_component id="oc-3f4">
         <name>.text:HwiP_construct</name>
         <load_address>0x2000ddcc</load_address>
         <run_address>0x2000ddcc</run_address>
         <size>0x8c</size>
         <input_file_ref idref="fl-18"/>
      </object_component>
      <object_component id="oc-686">
         <name>.text:IntPendSet</name>
         <load_address>0x2000de58</load_address>
         <run_address>0x2000de58</run_address>
         <size>0x88</size>
         <input_file_ref idref="fl-1e"/>
      </object_component>
      <object_component id="oc-2d2">
         <name>.text:PinConfigSet</name>
         <load_address>0x2000dee0</load_address>
         <run_address>0x2000dee0</run_address>
         <size>0x88</size>
         <input_file_ref idref="fl-1f"/>
      </object_component>
      <object_component id="oc-1af">
         <name>.text:Power_init</name>
         <load_address>0x2000df68</load_address>
         <run_address>0x2000df68</run_address>
         <size>0x84</size>
         <input_file_ref idref="fl-10"/>
      </object_component>
      <object_component id="oc-54c">
         <name>.text:saveNVICRegs</name>
         <load_address>0x2000dfec</load_address>
         <run_address>0x2000dfec</run_address>
         <size>0x84</size>
         <input_file_ref idref="fl-10"/>
      </object_component>
      <object_component id="oc-2d8">
         <name>.text:Power_setDependency</name>
         <load_address>0x2000e070</load_address>
         <run_address>0x2000e070</run_address>
         <size>0x80</size>
         <input_file_ref idref="fl-10"/>
      </object_component>
      <object_component id="oc-15e">
         <name>.text:mainThread</name>
         <load_address>0x2000e0f0</load_address>
         <run_address>0x2000e0f0</run_address>
         <size>0x80</size>
         <input_file_ref idref="fl-3"/>
      </object_component>
      <object_component id="oc-6be">
         <name>.text:readIsrBinaryBlocking</name>
         <load_address>0x2000e170</load_address>
         <run_address>0x2000e170</run_address>
         <size>0x7c</size>
         <input_file_ref idref="fl-12"/>
      </object_component>
      <object_component id="oc-2fc">
         <name>.text:GPIO_hwiIntFxn</name>
         <load_address>0x2000e1ec</load_address>
         <run_address>0x2000e1ec</run_address>
         <size>0x78</size>
         <input_file_ref idref="fl-f"/>
      </object_component>
      <object_component id="oc-6d0">
         <name>.text:readIsrBinaryCallback</name>
         <load_address>0x2000e264</load_address>
         <run_address>0x2000e264</run_address>
         <size>0x78</size>
         <input_file_ref idref="fl-12"/>
      </object_component>
      <object_component id="oc-5ff">
         <name>.text:UARTCC32XX_hwiIntFxn</name>
         <load_address>0x2000e2dc</load_address>
         <run_address>0x2000e2dc</run_address>
         <size>0x74</size>
         <input_file_ref idref="fl-12"/>
      </object_component>
      <object_component id="oc-634">
         <name>.text:split</name>
         <load_address>0x2000e350</load_address>
         <run_address>0x2000e350</run_address>
         <size>0x70</size>
         <input_file_ref idref="fl-df"/>
      </object_component>
      <object_component id="oc-14">
         <name>.text:decompress:lzss:__TI_decompress_lzss</name>
         <load_address>0x2000e3c0</load_address>
         <run_address>0x2000e3c0</run_address>
         <size>0x68</size>
         <input_file_ref idref="fl-de"/>
      </object_component>
      <object_component id="oc-500">
         <name>.text:UARTCC32XX_writeCancel</name>
         <load_address>0x2000e428</load_address>
         <run_address>0x2000e428</run_address>
         <size>0x66</size>
         <input_file_ref idref="fl-12"/>
      </object_component>
      <object_component id="oc-73">
         <name>.text:busFaultHandler</name>
         <load_address>0x2000e48e</load_address>
         <run_address>0x2000e48e</run_address>
         <size>0x2</size>
         <input_file_ref idref="fl-1a"/>
      </object_component>
      <object_component id="oc-3cf">
         <name>.text:PowerCC32XX_setParkState</name>
         <load_address>0x2000e490</load_address>
         <run_address>0x2000e490</run_address>
         <size>0x64</size>
         <input_file_ref idref="fl-10"/>
      </object_component>
      <object_component id="oc-4fa">
         <name>.text:UARTCC32XX_writePolling</name>
         <load_address>0x2000e4f4</load_address>
         <run_address>0x2000e4f4</run_address>
         <size>0x62</size>
         <input_file_ref idref="fl-12"/>
      </object_component>
      <object_component id="oc-3a4">
         <name>.text:clkFxn</name>
         <load_address>0x2000e556</load_address>
         <run_address>0x2000e556</run_address>
         <size>0x2</size>
         <input_file_ref idref="fl-16"/>
      </object_component>
      <object_component id="oc-244">
         <name>.text:PRCMSysResetCauseGet</name>
         <load_address>0x2000e558</load_address>
         <run_address>0x2000e558</run_address>
         <size>0x60</size>
         <input_file_ref idref="fl-20"/>
      </object_component>
      <object_component id="oc-2a2">
         <name>.text:GPIO_setCallback</name>
         <load_address>0x2000e5b8</load_address>
         <run_address>0x2000e5b8</run_address>
         <size>0x5c</size>
         <input_file_ref idref="fl-f"/>
      </object_component>
      <object_component id="oc-64c">
         <name>.text:sysTickInit</name>
         <load_address>0x2000e614</load_address>
         <run_address>0x2000e614</run_address>
         <size>0x5c</size>
         <input_file_ref idref="fl-17"/>
      </object_component>
      <object_component id="oc-1db">
         <name>.text:GPIO_write</name>
         <load_address>0x2000e670</load_address>
         <run_address>0x2000e670</run_address>
         <size>0x58</size>
         <input_file_ref idref="fl-f"/>
      </object_component>
      <object_component id="oc-25d">
         <name>.text:PRCMPeripheralReset</name>
         <load_address>0x2000e6c8</load_address>
         <run_address>0x2000e6c8</run_address>
         <size>0x58</size>
         <input_file_ref idref="fl-20"/>
      </object_component>
      <object_component id="oc-5ab">
         <name>.text:Power_releaseDependency</name>
         <load_address>0x2000e720</load_address>
         <run_address>0x2000e720</run_address>
         <size>0x58</size>
         <input_file_ref idref="fl-10"/>
      </object_component>
      <object_component id="oc-724">
         <name>.text:ringBufGet</name>
         <load_address>0x2000e778</load_address>
         <run_address>0x2000e778</run_address>
         <size>0x54</size>
         <input_file_ref idref="fl-12"/>
      </object_component>
      <object_component id="oc-663">
         <name>.text:PowerCC32XX_resumeLPDS</name>
         <load_address>0x2000e7cc</load_address>
         <run_address>0x2000e7cc</run_address>
         <size>0x52</size>
         <input_file_ref idref="fl-11"/>
      </object_component>
      <object_component id="oc-6d">
         <name>.text:defaultHandler</name>
         <load_address>0x2000e81e</load_address>
         <run_address>0x2000e81e</run_address>
         <size>0x2</size>
         <input_file_ref idref="fl-1a"/>
      </object_component>
      <object_component id="oc-79">
         <name>.text:ClockP_sysTickHandler</name>
         <load_address>0x2000e820</load_address>
         <run_address>0x2000e820</run_address>
         <size>0x50</size>
         <input_file_ref idref="fl-17"/>
      </object_component>
      <object_component id="oc-48b">
         <name>.text:SemaphoreP_construct</name>
         <load_address>0x2000e870</load_address>
         <run_address>0x2000e870</run_address>
         <size>0x50</size>
         <input_file_ref idref="fl-16"/>
      </object_component>
      <object_component id="oc-3d5">
         <name>.text:GPIO_enableInt</name>
         <load_address>0x2000e8c0</load_address>
         <run_address>0x2000e8c0</run_address>
         <size>0x4c</size>
         <input_file_ref idref="fl-f"/>
      </object_component>
      <object_component id="oc-65a">
         <name>.text:PowerCC32XX_parkPin</name>
         <load_address>0x2000e90c</load_address>
         <run_address>0x2000e90c</run_address>
         <size>0x4c</size>
         <input_file_ref idref="fl-10"/>
      </object_component>
      <object_component id="oc-55d">
         <name>.text:restorePeriphClocks</name>
         <load_address>0x2000e958</load_address>
         <run_address>0x2000e958</run_address>
         <size>0x4c</size>
         <input_file_ref idref="fl-10"/>
      </object_component>
      <object_component id="oc-67e">
         <name>.text:FlashDisable</name>
         <load_address>0x2000e9a4</load_address>
         <run_address>0x2000e9a4</run_address>
         <size>0x48</size>
         <input_file_ref idref="fl-23"/>
      </object_component>
      <object_component id="oc-569">
         <name>.text:PRCMLPDSEnter</name>
         <load_address>0x2000e9ec</load_address>
         <run_address>0x2000e9ec</run_address>
         <size>0x48</size>
         <input_file_ref idref="fl-20"/>
      </object_component>
      <object_component id="oc-257">
         <name>.text:PRCMPeripheralClkEnable</name>
         <load_address>0x2000ea34</load_address>
         <run_address>0x2000ea34</run_address>
         <size>0x48</size>
         <input_file_ref idref="fl-20"/>
      </object_component>
      <object_component id="oc-59f">
         <name>.text:Power_releaseConstraint</name>
         <load_address>0x2000ea7c</load_address>
         <run_address>0x2000ea7c</run_address>
         <size>0x48</size>
         <input_file_ref idref="fl-10"/>
      </object_component>
      <object_component id="oc-711">
         <name>.text:RingBuf_put</name>
         <load_address>0x2000eac4</load_address>
         <run_address>0x2000eac4</run_address>
         <size>0x46</size>
         <input_file_ref idref="fl-14"/>
      </object_component>
      <object_component id="oc-67">
         <name>.text:faultISR</name>
         <load_address>0x2000eb0a</load_address>
         <run_address>0x2000eb0a</run_address>
         <size>0x2</size>
         <input_file_ref idref="fl-1a"/>
      </object_component>
      <object_component id="oc-4b3">
         <name>.text:ClockP_stop</name>
         <load_address>0x2000eb0c</load_address>
         <run_address>0x2000eb0c</run_address>
         <size>0x44</size>
         <input_file_ref idref="fl-17"/>
      </object_component>
      <object_component id="oc-668">
         <name>.text:PRCMLPDSRestoreInfoSet</name>
         <load_address>0x2000eb50</load_address>
         <run_address>0x2000eb50</run_address>
         <size>0x44</size>
         <input_file_ref idref="fl-20"/>
      </object_component>
      <object_component id="oc-552">
         <name>.text:PowerCC32XX_enterLPDS</name>
         <load_address>0x2000eb94</load_address>
         <run_address>0x2000eb94</run_address>
         <size>0x44</size>
         <input_file_ref idref="fl-11"/>
      </object_component>
      <object_component id="oc-2ae">
         <name>.text:SemaphoreP_post</name>
         <load_address>0x2000ebd8</load_address>
         <run_address>0x2000ebd8</run_address>
         <size>0x44</size>
         <input_file_ref idref="fl-16"/>
      </object_component>
      <object_component id="oc-47b">
         <name>.text:SwiP_restore</name>
         <load_address>0x2000ec1c</load_address>
         <run_address>0x2000ec1c</run_address>
         <size>0x44</size>
         <input_file_ref idref="fl-1b"/>
      </object_component>
      <object_component id="oc-1c3">
         <name>.text:UART_init</name>
         <load_address>0x2000ec60</load_address>
         <run_address>0x2000ec60</run_address>
         <size>0x44</size>
         <input_file_ref idref="fl-e"/>
      </object_component>
      <object_component id="oc-171">
         <name>.text:__TI_auto_init_nobinit_nopinit:__TI_auto_init_nobinit_nopinit</name>
         <load_address>0x2000eca4</load_address>
         <run_address>0x2000eca4</run_address>
         <size>0x44</size>
         <input_file_ref idref="fl-e3"/>
      </object_component>
      <object_component id="oc-6ad">
         <name>.text:ClockP_construct</name>
         <load_address>0x2000ece8</load_address>
         <run_address>0x2000ece8</run_address>
         <size>0x40</size>
         <input_file_ref idref="fl-17"/>
      </object_component>
      <object_component id="oc-26f">
         <name>.text:PinModeSet</name>
         <load_address>0x2000ed28</load_address>
         <run_address>0x2000ed28</run_address>
         <size>0x40</size>
         <input_file_ref idref="fl-1f"/>
      </object_component>
      <object_component id="oc-619">
         <name>.text:RingBuf_get</name>
         <load_address>0x2000ed68</load_address>
         <run_address>0x2000ed68</run_address>
         <size>0x40</size>
         <input_file_ref idref="fl-14"/>
      </object_component>
      <object_component id="oc-4e2">
         <name>.text:UARTCC32XX_read</name>
         <load_address>0x2000eda8</load_address>
         <run_address>0x2000eda8</run_address>
         <size>0x40</size>
         <input_file_ref idref="fl-12"/>
      </object_component>
      <object_component id="oc-1d5">
         <name>.text:UART_open</name>
         <load_address>0x2000ede8</load_address>
         <run_address>0x2000ede8</run_address>
         <size>0x40</size>
         <input_file_ref idref="fl-e"/>
      </object_component>
      <object_component id="oc-39e">
         <name>.text:ClockP_destruct</name>
         <load_address>0x2000ee28</load_address>
         <run_address>0x2000ee28</run_address>
         <size>0x3c</size>
         <input_file_ref idref="fl-17"/>
      </object_component>
      <object_component id="oc-5c4">
         <name>.text:Power_setConstraint</name>
         <load_address>0x2000ee64</load_address>
         <run_address>0x2000ee64</run_address>
         <size>0x3c</size>
         <input_file_ref idref="fl-10"/>
      </object_component>
      <object_component id="oc-45f">
         <name>.text:getCountsRTC</name>
         <load_address>0x2000eea0</load_address>
         <run_address>0x2000eea0</run_address>
         <size>0x3a</size>
         <input_file_ref idref="fl-19"/>
      </object_component>
      <object_component id="oc-61">
         <name>.text:nmiISR</name>
         <load_address>0x2000eeda</load_address>
         <run_address>0x2000eeda</run_address>
         <size>0x2</size>
         <input_file_ref idref="fl-1a"/>
      </object_component>
      <object_component id="oc-56f">
         <name>.text:PRCMLPDSEnterKeepDebugIf</name>
         <load_address>0x2000eedc</load_address>
         <run_address>0x2000eedc</run_address>
         <size>0x38</size>
         <input_file_ref idref="fl-20"/>
      </object_component>
      <object_component id="oc-db">
         <name>.text:addToList</name>
         <load_address>0x2000ef14</load_address>
         <run_address>0x2000ef14</run_address>
         <size>0x38</size>
         <input_file_ref idref="fl-17"/>
      </object_component>
      <object_component id="oc-59">
         <name>.text:initVectors</name>
         <load_address>0x2000ef4c</load_address>
         <run_address>0x2000ef4c</run_address>
         <size>0x38</size>
         <input_file_ref idref="fl-1a"/>
      </object_component>
      <object_component id="oc-540">
         <name>.text:notify</name>
         <load_address>0x2000ef84</load_address>
         <run_address>0x2000ef84</run_address>
         <size>0x38</size>
         <input_file_ref idref="fl-10"/>
      </object_component>
      <object_component id="oc-4ee">
         <name>.text:UARTCC32XX_readCancel</name>
         <load_address>0x2000efbc</load_address>
         <run_address>0x2000efbc</run_address>
         <size>0x36</size>
         <input_file_ref idref="fl-12"/>
      </object_component>
      <object_component id="oc-53a">
         <name>.text</name>
         <load_address>0x2000eff2</load_address>
         <run_address>0x2000eff2</run_address>
         <size>0x2</size>
         <input_file_ref idref="fl-e1"/>
      </object_component>
      <object_component id="oc-44d">
         <name>.text:ClockP_getTicksUntilInterrupt</name>
         <load_address>0x2000eff4</load_address>
         <run_address>0x2000eff4</run_address>
         <size>0x34</size>
         <input_file_ref idref="fl-17"/>
      </object_component>
      <object_component id="oc-531">
         <name>.text:ClockP_startup</name>
         <load_address>0x2000f028</load_address>
         <run_address>0x2000f028</run_address>
         <size>0x34</size>
         <input_file_ref idref="fl-17"/>
      </object_component>
      <object_component id="oc-269">
         <name>.text:PinModeGet</name>
         <load_address>0x2000f05c</load_address>
         <run_address>0x2000f05c</run_address>
         <size>0x34</size>
         <input_file_ref idref="fl-1f"/>
      </object_component>
      <object_component id="oc-5b1">
         <name>.text:PowerCC32XX_restoreParkState</name>
         <load_address>0x2000f090</load_address>
         <run_address>0x2000f090</run_address>
         <size>0x34</size>
         <input_file_ref idref="fl-10"/>
      </object_component>
      <object_component id="oc-38c">
         <name>.text:ClockP_start</name>
         <load_address>0x2000f0c4</load_address>
         <run_address>0x2000f0c4</run_address>
         <size>0x30</size>
         <input_file_ref idref="fl-17"/>
      </object_component>
      <object_component id="oc-677">
         <name>.text:PowerCC32XX_restoreParkedPin</name>
         <load_address>0x2000f0f4</load_address>
         <run_address>0x2000f0f4</run_address>
         <size>0x30</size>
         <input_file_ref idref="fl-10"/>
      </object_component>
      <object_component id="oc-5de">
         <name>.text:PowerCC32XX_getParkState</name>
         <load_address>0x2000f124</load_address>
         <run_address>0x2000f124</run_address>
         <size>0x2c</size>
         <input_file_ref idref="fl-10"/>
      </object_component>
      <object_component id="oc-2e4">
         <name>.text:HwiP_create</name>
         <load_address>0x2000f150</load_address>
         <run_address>0x2000f150</run_address>
         <size>0x2a</size>
         <input_file_ref idref="fl-18"/>
      </object_component>
      <object_component id="oc-263">
         <name>.text:PRCMPeripheralClkDisable</name>
         <load_address>0x2000f17c</load_address>
         <run_address>0x2000f17c</run_address>
         <size>0x28</size>
         <input_file_ref idref="fl-20"/>
      </object_component>
      <object_component id="oc-2a8">
         <name>.text:Power_registerNotify</name>
         <load_address>0x2000f1a4</load_address>
         <run_address>0x2000f1a4</run_address>
         <size>0x28</size>
         <input_file_ref idref="fl-10"/>
      </object_component>
      <object_component id="oc-4ab">
         <name>.text:free_list_insert</name>
         <load_address>0x2000f1cc</load_address>
         <run_address>0x2000f1cc</run_address>
         <size>0x28</size>
         <input_file_ref idref="fl-df"/>
      </object_component>
      <object_component id="oc-3af">
         <name>.text:List_put</name>
         <load_address>0x2000f1f4</load_address>
         <run_address>0x2000f1f4</run_address>
         <size>0x26</size>
         <input_file_ref idref="fl-13"/>
      </object_component>
      <object_component id="oc-69b">
         <name>.text:List_remove</name>
         <load_address>0x2000f21a</load_address>
         <run_address>0x2000f21a</run_address>
         <size>0x26</size>
         <input_file_ref idref="fl-13"/>
      </object_component>
      <object_component id="oc-518">
         <name>.text:HwiP_dispatch</name>
         <load_address>0x2000f240</load_address>
         <run_address>0x2000f240</run_address>
         <size>0x24</size>
         <input_file_ref idref="fl-18"/>
      </object_component>
      <object_component id="oc-5d8">
         <name>.text:PowerCC32XX_reset</name>
         <load_address>0x2000f264</load_address>
         <run_address>0x2000f264</run_address>
         <size>0x24</size>
         <input_file_ref idref="fl-10"/>
      </object_component>
      <object_component id="oc-c5">
         <name>.text:_c_int00_noargs:_c_int00_noargs</name>
         <load_address>0x2000f288</load_address>
         <run_address>0x2000f288</run_address>
         <size>0x24</size>
         <input_file_ref idref="fl-e0"/>
      </object_component>
      <object_component id="oc-692">
         <name>.text:HwiP_destruct</name>
         <load_address>0x2000f2ac</load_address>
         <run_address>0x2000f2ac</run_address>
         <size>0x20</size>
         <input_file_ref idref="fl-18"/>
      </object_component>
      <object_component id="oc-5a5">
         <name>.text:Power_unregisterNotify</name>
         <load_address>0x2000f2cc</load_address>
         <run_address>0x2000f2cc</run_address>
         <size>0x20</size>
         <input_file_ref idref="fl-10"/>
      </object_component>
      <object_component id="oc-5be">
         <name>.text:RingBuf_peek</name>
         <load_address>0x2000f2ec</load_address>
         <run_address>0x2000f2ec</run_address>
         <size>0x20</size>
         <input_file_ref idref="fl-14"/>
      </object_component>
      <object_component id="oc-5d2">
         <name>.text:getPowerMgrId</name>
         <load_address>0x2000f30c</load_address>
         <run_address>0x2000f30c</run_address>
         <size>0x20</size>
         <input_file_ref idref="fl-12"/>
      </object_component>
      <object_component id="oc-5b7">
         <name>.text:PinToPadGet</name>
         <load_address>0x2000f32c</load_address>
         <run_address>0x2000f32c</run_address>
         <size>0x1c</size>
         <input_file_ref idref="fl-1f"/>
      </object_component>
      <object_component id="oc-441">
         <name>.text:SwiP_disable</name>
         <load_address>0x2000f348</load_address>
         <run_address>0x2000f348</run_address>
         <size>0x1c</size>
         <input_file_ref idref="fl-1b"/>
      </object_component>
      <object_component id="oc-47">
         <name>.text:decompress:ZI:__TI_zero_init_nomemset:__TI_zero_init_nomemset</name>
         <load_address>0x2000f364</load_address>
         <run_address>0x2000f364</run_address>
         <size>0x1c</size>
         <input_file_ref idref="fl-dc"/>
      </object_component>
      <object_component id="oc-4a5">
         <name>.text:free_list_remove</name>
         <load_address>0x2000f380</load_address>
         <run_address>0x2000f380</run_address>
         <size>0x1c</size>
         <input_file_ref idref="fl-df"/>
      </object_component>
      <object_component id="oc-5ea">
         <name>.text:ClockP_create</name>
         <load_address>0x2000f39c</load_address>
         <run_address>0x2000f39c</run_address>
         <size>0x1a</size>
         <input_file_ref idref="fl-17"/>
      </object_component>
      <object_component id="oc-284">
         <name>.text:SemaphoreP_createBinary</name>
         <load_address>0x2000f3b6</load_address>
         <run_address>0x2000f3b6</run_address>
         <size>0x1a</size>
         <input_file_ref idref="fl-16"/>
      </object_component>
      <object_component id="oc-21">
         <name>.text:resetISR</name>
         <load_address>0x2000f3d0</load_address>
         <run_address>0x2000f3d0</run_address>
         <size>0x1a</size>
         <input_file_ref idref="fl-1a"/>
      </object_component>
      <object_component id="oc-453">
         <name>.text:Power_getTransitionLatency</name>
         <load_address>0x2000f3ec</load_address>
         <run_address>0x2000f3ec</run_address>
         <size>0x18</size>
         <input_file_ref idref="fl-10"/>
      </object_component>
      <object_component id="oc-582">
         <name>.text:Power_idleFunc</name>
         <load_address>0x2000f404</load_address>
         <run_address>0x2000f404</run_address>
         <size>0x18</size>
         <input_file_ref idref="fl-10"/>
      </object_component>
      <object_component id="oc-621">
         <name>.text:UARTBusy</name>
         <load_address>0x2000f41c</load_address>
         <run_address>0x2000f41c</run_address>
         <size>0x18</size>
         <input_file_ref idref="fl-21"/>
      </object_component>
      <object_component id="oc-6f1">
         <name>.text:UARTIntEnable</name>
         <load_address>0x2000f434</load_address>
         <run_address>0x2000f434</run_address>
         <size>0x18</size>
         <input_file_ref idref="fl-21"/>
      </object_component>
      <object_component id="oc-1cf">
         <name>.text:UART_Params_init</name>
         <load_address>0x2000f44c</load_address>
         <run_address>0x2000f44c</run_address>
         <size>0x18</size>
         <input_file_ref idref="fl-e"/>
      </object_component>
      <object_component id="oc-470">
         <name>.text</name>
         <load_address>0x2000f464</load_address>
         <run_address>0x2000f464</run_address>
         <size>0x18</size>
         <input_file_ref idref="fl-d9"/>
      </object_component>
      <object_component id="oc-251">
         <name>.text:PRCMHIBRegRead</name>
         <load_address>0x2000f47c</load_address>
         <run_address>0x2000f47c</run_address>
         <size>0x16</size>
         <input_file_ref idref="fl-20"/>
      </object_component>
      <object_component id="oc-24b">
         <name>.text:PRCMHIBRegWrite</name>
         <load_address>0x2000f492</load_address>
         <run_address>0x2000f492</run_address>
         <size>0x16</size>
         <input_file_ref idref="fl-20"/>
      </object_component>
      <object_component id="oc-374">
         <name>.text:SemaphoreP_create</name>
         <load_address>0x2000f4a8</load_address>
         <run_address>0x2000f4a8</run_address>
         <size>0x16</size>
         <input_file_ref idref="fl-16"/>
      </object_component>
      <object_component id="oc-a3">
         <name>.text:CPUcpsid</name>
         <load_address>0x2000f4be</load_address>
         <run_address>0x2000f4be</run_address>
         <size>0x14</size>
         <input_file_ref idref="fl-1d"/>
      </object_component>
      <object_component id="oc-3b6">
         <name>.text:HwiP_inISR</name>
         <load_address>0x2000f4d4</load_address>
         <run_address>0x2000f4d4</run_address>
         <size>0x14</size>
         <input_file_ref idref="fl-18"/>
      </object_component>
      <object_component id="oc-af">
         <name>.text:IntVTableBaseSet</name>
         <load_address>0x2000f4e8</load_address>
         <run_address>0x2000f4e8</run_address>
         <size>0x14</size>
         <input_file_ref idref="fl-1e"/>
      </object_component>
      <object_component id="oc-3bc">
         <name>.text:Power_disablePolicy</name>
         <load_address>0x2000f4fc</load_address>
         <run_address>0x2000f4fc</run_address>
         <size>0x14</size>
         <input_file_ref idref="fl-10"/>
      </object_component>
      <object_component id="oc-670">
         <name>.text:Power_getDependencyCount</name>
         <load_address>0x2000f510</load_address>
         <run_address>0x2000f510</run_address>
         <size>0x14</size>
         <input_file_ref idref="fl-10"/>
      </object_component>
      <object_component id="oc-6eb">
         <name>.text:releasePowerConstraint</name>
         <load_address>0x2000f524</load_address>
         <run_address>0x2000f524</run_address>
         <size>0x14</size>
         <input_file_ref idref="fl-12"/>
      </object_component>
      <object_component id="oc-2de">
         <name>.text:HwiP_Params_init</name>
         <load_address>0x2000f538</load_address>
         <run_address>0x2000f538</run_address>
         <size>0x12</size>
         <input_file_ref idref="fl-18"/>
      </object_component>
      <object_component id="oc-5cc">
         <name>.text:RingBuf_construct</name>
         <load_address>0x2000f54a</load_address>
         <run_address>0x2000f54a</run_address>
         <size>0x12</size>
         <input_file_ref idref="fl-14"/>
      </object_component>
      <object_component id="oc-11a">
         <name>.text:main</name>
         <load_address>0x2000f55c</load_address>
         <run_address>0x2000f55c</run_address>
         <size>0x12</size>
         <input_file_ref idref="fl-2"/>
      </object_component>
      <object_component id="oc-152">
         <name>.text:Board_init</name>
         <load_address>0x2000f56e</load_address>
         <run_address>0x2000f56e</run_address>
         <size>0x10</size>
         <input_file_ref idref="fl-4"/>
      </object_component>
      <object_component id="oc-386">
         <name>.text:ClockP_add</name>
         <load_address>0x2000f57e</load_address>
         <run_address>0x2000f57e</run_address>
         <size>0x10</size>
         <input_file_ref idref="fl-17"/>
      </object_component>
      <object_component id="oc-599">
         <name>.text:ClockP_delete</name>
         <load_address>0x2000f58e</load_address>
         <run_address>0x2000f58e</run_address>
         <size>0x10</size>
         <input_file_ref idref="fl-17"/>
      </object_component>
      <object_component id="oc-43b">
         <name>.text:ClockP_getCpuFreq</name>
         <load_address>0x2000f5a0</load_address>
         <run_address>0x2000f5a0</run_address>
         <size>0x10</size>
         <input_file_ref idref="fl-17"/>
      </object_component>
      <object_component id="oc-459">
         <name>.text:ClockP_getSystemTicks</name>
         <load_address>0x2000f5b0</load_address>
         <run_address>0x2000f5b0</run_address>
         <size>0x10</size>
         <input_file_ref idref="fl-17"/>
      </object_component>
      <object_component id="oc-475">
         <name>.text:ClockP_setTicks</name>
         <load_address>0x2000f5c0</load_address>
         <run_address>0x2000f5c0</run_address>
         <size>0x10</size>
         <input_file_ref idref="fl-17"/>
      </object_component>
      <object_component id="oc-593">
         <name>.text:HwiP_delete</name>
         <load_address>0x2000f5d0</load_address>
         <run_address>0x2000f5d0</run_address>
         <size>0x10</size>
         <input_file_ref idref="fl-18"/>
      </object_component>
      <object_component id="oc-290">
         <name>.text:HwiP_restore</name>
         <load_address>0x2000f5e0</load_address>
         <run_address>0x2000f5e0</run_address>
         <size>0x10</size>
         <input_file_ref idref="fl-18"/>
      </object_component>
      <object_component id="oc-392">
         <name>.text:Power_enablePolicy</name>
         <load_address>0x2000f5f0</load_address>
         <run_address>0x2000f5f0</run_address>
         <size>0x10</size>
         <input_file_ref idref="fl-10"/>
      </object_component>
      <object_component id="oc-36e">
         <name>.text:SemaphoreP_Params_init</name>
         <load_address>0x2000f600</load_address>
         <run_address>0x2000f600</run_address>
         <size>0x10</size>
         <input_file_ref idref="fl-16"/>
      </object_component>
      <object_component id="oc-611">
         <name>.text:readBlockingTimeout</name>
         <load_address>0x2000f610</load_address>
         <run_address>0x2000f610</run_address>
         <size>0x10</size>
         <input_file_ref idref="fl-12"/>
      </object_component>
      <object_component id="oc-28a">
         <name>.text:HwiP_disable</name>
         <load_address>0x2000f620</load_address>
         <run_address>0x2000f620</run_address>
         <size>0xe</size>
         <input_file_ref idref="fl-18"/>
      </object_component>
      <object_component id="oc-158">
         <name>.text:HwiP_enable</name>
         <load_address>0x2000f62e</load_address>
         <run_address>0x2000f62e</run_address>
         <size>0xe</size>
         <input_file_ref idref="fl-18"/>
      </object_component>
      <object_component id="oc-717">
         <name>.text:RingBuf_isFull</name>
         <load_address>0x2000f63c</load_address>
         <run_address>0x2000f63c</run_address>
         <size>0xe</size>
         <input_file_ref idref="fl-14"/>
      </object_component>
      <object_component id="oc-1a">
         <name>.text:decompress:none:__TI_decompress_none</name>
         <load_address>0x2000f64a</load_address>
         <run_address>0x2000f64a</run_address>
         <size>0xe</size>
         <input_file_ref idref="fl-dd"/>
      </object_component>
      <object_component id="oc-447">
         <name>.text:Power_getConstraintMask</name>
         <load_address>0x2000f658</load_address>
         <run_address>0x2000f658</run_address>
         <size>0xc</size>
         <input_file_ref idref="fl-10"/>
      </object_component>
      <object_component id="oc-5f9">
         <name>.text:postNotifyFxn</name>
         <load_address>0x2000f664</load_address>
         <run_address>0x2000f664</run_address>
         <size>0xc</size>
         <input_file_ref idref="fl-12"/>
      </object_component>
      <object_component id="oc-5e4">
         <name>.text:ClockP_Params_init</name>
         <load_address>0x2000f670</load_address>
         <run_address>0x2000f670</run_address>
         <size>0xa</size>
         <input_file_ref idref="fl-17"/>
      </object_component>
      <object_component id="oc-398">
         <name>.text:ClockP_isActive</name>
         <load_address>0x2000f67a</load_address>
         <run_address>0x2000f67a</run_address>
         <size>0xa</size>
         <input_file_ref idref="fl-17"/>
      </object_component>
      <object_component id="oc-53">
         <name>.text:IntMasterDisable</name>
         <load_address>0x2000f684</load_address>
         <run_address>0x2000f684</run_address>
         <size>0xa</size>
         <input_file_ref idref="fl-1e"/>
      </object_component>
      <object_component id="oc-317">
         <name>.text:UART_read</name>
         <load_address>0x2000f68e</load_address>
         <run_address>0x2000f68e</run_address>
         <size>0xa</size>
         <input_file_ref idref="fl-e"/>
      </object_component>
      <object_component id="oc-1e1">
         <name>.text:UART_write</name>
         <load_address>0x2000f698</load_address>
         <run_address>0x2000f698</run_address>
         <size>0xa</size>
         <input_file_ref idref="fl-e"/>
      </object_component>
      <object_component id="oc-3ee">
         <name>.text:malloc</name>
         <load_address>0x2000f6a2</load_address>
         <run_address>0x2000f6a2</run_address>
         <size>0x8</size>
         <input_file_ref idref="fl-df"/>
      </object_component>
      <object_component id="oc-60b">
         <name>.text:readSemCallback</name>
         <load_address>0x2000f6aa</load_address>
         <run_address>0x2000f6aa</run_address>
         <size>0x8</size>
         <input_file_ref idref="fl-12"/>
      </object_component>
      <object_component id="oc-605">
         <name>.text:writeSemCallback</name>
         <load_address>0x2000f6b2</load_address>
         <run_address>0x2000f6b2</run_address>
         <size>0x8</size>
         <input_file_ref idref="fl-12"/>
      </object_component>
      <object_component id="oc-24a">
         <name>.text:UtilsDelay</name>
         <load_address>0x2000f6ba</load_address>
         <run_address>0x2000f6ba</run_address>
         <size>0x6</size>
         <input_file_ref idref="fl-22"/>
      </object_component>
      <object_component id="oc-71e">
         <name>.text:ClockP_setTimeout</name>
         <load_address>0x2000f6c0</load_address>
         <run_address>0x2000f6c0</run_address>
         <size>0x4</size>
         <input_file_ref idref="fl-17"/>
      </object_component>
      <object_component id="oc-578">
         <name>.text:HwiP_post</name>
         <load_address>0x2000f6c4</load_address>
         <run_address>0x2000f6c4</run_address>
         <size>0x4</size>
         <input_file_ref idref="fl-18"/>
      </object_component>
      <object_component id="oc-296">
         <name>.text:SemaphoreP_delete</name>
         <load_address>0x2000f6c8</load_address>
         <run_address>0x2000f6c8</run_address>
         <size>0x4</size>
         <input_file_ref idref="fl-16"/>
      </object_component>
      <object_component id="oc-114">
         <name>.text:_system_pre_init</name>
         <load_address>0x2000f6cc</load_address>
         <run_address>0x2000f6cc</run_address>
         <size>0x4</size>
         <input_file_ref idref="fl-e4"/>
      </object_component>
      <object_component id="oc-165">
         <name>.text:abort:abort</name>
         <load_address>0x2000f6d0</load_address>
         <run_address>0x2000f6d0</run_address>
         <size>0x4</size>
         <input_file_ref idref="fl-e6"/>
      </object_component>
      <object_component id="oc-353">
         <name>.const:g_ulPinToPadMap</name>
         <load_address>0x2000fc80</load_address>
         <run_address>0x2000fc80</run_address>
         <size>0x100</size>
         <input_file_ref idref="fl-1f"/>
      </object_component>
      <object_component id="oc-34c">
         <name>.const:PRCM_PeriphRegsList</name>
         <load_address>0x2000fd80</load_address>
         <run_address>0x2000fd80</run_address>
         <size>0xa8</size>
         <input_file_ref idref="fl-20"/>
      </object_component>
      <object_component id="oc-27f">
         <name>.const:PowerCC32XX_config</name>
         <load_address>0x2000fe28</load_address>
         <run_address>0x2000fe28</run_address>
         <size>0x44</size>
         <input_file_ref idref="fl-4"/>
      </object_component>
      <object_component id="oc-3e2">
         <name>.const:UARTCC32XX_fxnTable</name>
         <load_address>0x2000fe6c</load_address>
         <run_address>0x2000fe6c</run_address>
         <size>0x28</size>
         <input_file_ref idref="fl-12"/>
      </object_component>
      <object_component id="oc-30f">
         <name>.const:UART_defaultParams</name>
         <load_address>0x2000fe94</load_address>
         <run_address>0x2000fe94</run_address>
         <size>0x24</size>
         <input_file_ref idref="fl-e"/>
      </object_component>
      <object_component id="oc-3e6">
         <name>.const:uartCC32XXHWAttrs0</name>
         <load_address>0x2000feb8</load_address>
         <run_address>0x2000feb8</run_address>
         <size>0x24</size>
         <input_file_ref idref="fl-4"/>
      </object_component>
      <object_component id="oc-2ea">
         <name>.const:.string:pinTable</name>
         <load_address>0x2000fedc</load_address>
         <run_address>0x2000fedc</run_address>
         <size>0x21</size>
         <input_file_ref idref="fl-f"/>
      </object_component>
      <object_component id="oc-2cb">
         <name>.const</name>
         <load_address>0x2000fefd</load_address>
         <run_address>0x2000fefd</run_address>
         <size>0x3</size>
         <input_file_ref idref="fl-4"/>
      </object_component>
      <object_component id="oc-5f6">
         <name>.const:staticFxnTable</name>
         <load_address>0x2000ff00</load_address>
         <run_address>0x2000ff00</run_address>
         <size>0x20</size>
         <input_file_ref idref="fl-12"/>
      </object_component>
      <object_component id="oc-1ed">
         <name>.const:.string:$P$T0$1</name>
         <load_address>0x2000ff20</load_address>
         <run_address>0x2000ff20</run_address>
         <size>0x18</size>
         <input_file_ref idref="fl-3"/>
      </object_component>
      <object_component id="oc-10e">
         <name>.const:g_pulEnRegs</name>
         <load_address>0x2000ff38</load_address>
         <run_address>0x2000ff38</run_address>
         <size>0x18</size>
         <input_file_ref idref="fl-1e"/>
      </object_component>
      <object_component id="oc-702">
         <name>.const:g_pulPendRegs</name>
         <load_address>0x2000ff50</load_address>
         <run_address>0x2000ff50</run_address>
         <size>0x18</size>
         <input_file_ref idref="fl-1e"/>
      </object_component>
      <object_component id="oc-2b8">
         <name>.const:GPIOCC32XX_config</name>
         <load_address>0x2000ff68</load_address>
         <run_address>0x2000ff68</run_address>
         <size>0x14</size>
         <input_file_ref idref="fl-4"/>
      </object_component>
      <object_component id="oc-305">
         <name>.const:gpioBaseAddresses</name>
         <load_address>0x2000ff7c</load_address>
         <run_address>0x2000ff7c</run_address>
         <size>0x14</size>
         <input_file_ref idref="fl-f"/>
      </object_component>
      <object_component id="oc-6b4">
         <name>.const:parityType</name>
         <load_address>0x2000ff90</load_address>
         <run_address>0x2000ff90</run_address>
         <size>0x14</size>
         <input_file_ref idref="fl-12"/>
      </object_component>
      <object_component id="oc-2ed">
         <name>.const:powerResources</name>
         <load_address>0x2000ffa4</load_address>
         <run_address>0x2000ffa4</run_address>
         <size>0x14</size>
         <input_file_ref idref="fl-f"/>
      </object_component>
      <object_component id="oc-6ba">
         <name>.const:dataLength</name>
         <load_address>0x2000ffb8</load_address>
         <run_address>0x2000ffb8</run_address>
         <size>0x10</size>
         <input_file_ref idref="fl-12"/>
      </object_component>
      <object_component id="oc-2ce">
         <name>.const:UART_config</name>
         <load_address>0x2000ffc8</load_address>
         <run_address>0x2000ffc8</run_address>
         <size>0xc</size>
         <input_file_ref idref="fl-4"/>
      </object_component>
      <object_component id="oc-2f3">
         <name>.const:outPinTypes</name>
         <load_address>0x2000ffd4</load_address>
         <run_address>0x2000ffd4</run_address>
         <size>0x8</size>
         <input_file_ref idref="fl-f"/>
      </object_component>
      <object_component id="oc-6b7">
         <name>.const:stopBits</name>
         <load_address>0x2000ffdc</load_address>
         <run_address>0x2000ffdc</run_address>
         <size>0x8</size>
         <input_file_ref idref="fl-12"/>
      </object_component>
      <object_component id="oc-302">
         <name>.const:.string:interruptType</name>
         <load_address>0x2000ffe4</load_address>
         <run_address>0x2000ffe4</run_address>
         <size>0x6</size>
         <input_file_ref idref="fl-f"/>
      </object_component>
      <object_component id="oc-2f6">
         <name>.const:inPinTypes</name>
         <load_address>0x2000ffea</load_address>
         <run_address>0x2000ffea</run_address>
         <size>0x6</size>
         <input_file_ref idref="fl-f"/>
      </object_component>
      <object_component id="oc-2f0">
         <name>.const:outPinStrengths</name>
         <load_address>0x2000fff0</load_address>
         <run_address>0x2000fff0</run_address>
         <size>0x6</size>
         <input_file_ref idref="fl-f"/>
      </object_component>
      <object_component id="oc-2f9">
         <name>.const:.string:portInterruptIds</name>
         <load_address>0x2000fff6</load_address>
         <run_address>0x2000fff6</run_address>
         <size>0x4</size>
         <input_file_ref idref="fl-f"/>
      </object_component>
      <object_component id="oc-765">
         <name>.cinit..data.load</name>
         <load_address>0x20010230</load_address>
         <run_address>0x20010230</run_address>
         <size>0xbe</size>
      </object_component>
      <object_component id="oc-763">
         <name>__TI_handler_table</name>
         <load_address>0x200102f0</load_address>
         <run_address>0x200102f0</run_address>
         <size>0xc</size>
      </object_component>
      <object_component id="oc-766">
         <name>.cinit..bss.load</name>
         <load_address>0x20010300</load_address>
         <run_address>0x20010300</run_address>
         <size>0x8</size>
      </object_component>
      <object_component id="oc-764">
         <name>__TI_cinit_table</name>
         <load_address>0x20010308</load_address>
         <run_address>0x20010308</run_address>
         <size>0x10</size>
      </object_component>
      <object_component id="oc-3c5">
         <name>.data:gpioPinConfigs</name>
         <load_address>0x2000fc7c</load_address>
         <run_address>0x2000fc7c</run_address>
         <size>0x4</size>
         <input_file_ref idref="fl-4"/>
      </object_component>
      <object_component id="oc-3c8">
         <name>.data:gpioCallbackFunctions</name>
         <load_address>0x2000fc78</load_address>
         <run_address>0x2000fc78</run_address>
         <size>0x4</size>
         <input_file_ref idref="fl-4"/>
      </object_component>
      <object_component id="oc-369">
         <name>.data:parkInfo</name>
         <load_address>0x2000fb4c</load_address>
         <run_address>0x2000fb4c</run_address>
         <size>0xf8</size>
         <input_file_ref idref="fl-4"/>
      </object_component>
      <object_component id="oc-2c8">
         <name>.data</name>
         <load_address>0x2000fc75</load_address>
         <run_address>0x2000fc75</run_address>
         <size>0x1</size>
         <input_file_ref idref="fl-e"/>
      </object_component>
      <object_component id="oc-2b5">
         <name>.data</name>
         <load_address>0x2000fc44</load_address>
         <run_address>0x2000fc44</run_address>
         <size>0x9</size>
         <input_file_ref idref="fl-f"/>
      </object_component>
      <object_component id="oc-27c">
         <name>.data:PowerCC32XX_module</name>
         <load_address>0x2000f9e0</load_address>
         <run_address>0x2000f9e0</run_address>
         <size>0x16c</size>
         <input_file_ref idref="fl-10"/>
      </object_component>
      <object_component id="oc-3aa">
         <name>.data</name>
         <load_address>0x2000fc4d</load_address>
         <run_address>0x2000fc4d</run_address>
         <size>0x3</size>
         <input_file_ref idref="fl-16"/>
      </object_component>
      <object_component id="oc-487">
         <name>.data:SemaphoreP_defaultParams</name>
         <load_address>0x2000fc60</load_address>
         <run_address>0x2000fc60</run_address>
         <size>0x8</size>
         <input_file_ref idref="fl-16"/>
      </object_component>
      <object_component id="oc-481">
         <name>.data</name>
         <load_address>0x2000fc70</load_address>
         <run_address>0x2000fc70</run_address>
         <size>0x5</size>
         <input_file_ref idref="fl-17"/>
      </object_component>
      <object_component id="oc-515">
         <name>.data:HwiP_dispatchTable</name>
         <load_address>0x2000f6d4</load_address>
         <run_address>0x2000f6d4</run_address>
         <size>0x30c</size>
         <input_file_ref idref="fl-18"/>
      </object_component>
      <object_component id="oc-51e">
         <name>.data</name>
         <load_address>0x2000fc68</load_address>
         <run_address>0x2000fc68</run_address>
         <size>0x8</size>
         <input_file_ref idref="fl-18"/>
      </object_component>
      <object_component id="oc-58b">
         <name>.data:$O1$$</name>
         <load_address>0x2000fc58</load_address>
         <run_address>0x2000fc58</run_address>
         <size>0x8</size>
         <input_file_ref idref="fl-df"/>
      </object_component>
      <object_component id="oc-1fe">
         <name>.data:$O1$$</name>
         <load_address>0x2000fc50</load_address>
         <run_address>0x2000fc50</run_address>
         <size>0x8</size>
         <input_file_ref idref="fl-e7"/>
      </object_component>
      <object_component id="oc-509">
         <name>.bss:uartCC32XXRingBuffer0</name>
         <uninitialized>true</uninitialized>
         <run_address>0x200101d0</run_address>
         <size>0x20</size>
         <input_file_ref idref="fl-4"/>
      </object_component>
      <object_component id="oc-2c4">
         <name>.bss:gpioCallbackInfo</name>
         <uninitialized>true</uninitialized>
         <run_address>0x200101b0</run_address>
         <size>0x20</size>
         <input_file_ref idref="fl-f"/>
      </object_component>
      <object_component id="oc-2bb">
         <name>.bss:powerNotifyObj</name>
         <uninitialized>true</uninitialized>
         <run_address>0x200101f0</run_address>
         <size>0x14</size>
         <input_file_ref idref="fl-f"/>
      </object_component>
      <object_component id="oc-2b4">
         <name>.bss</name>
         <uninitialized>true</uninitialized>
         <run_address>0x20010204</run_address>
         <size>0x4</size>
         <input_file_ref idref="fl-f"/>
      </object_component>
      <object_component id="oc-652">
         <name>.bss</name>
         <uninitialized>true</uninitialized>
         <run_address>0x20010228</run_address>
         <size>0x4</size>
         <input_file_ref idref="fl-17"/>
      </object_component>
      <object_component id="oc-525">
         <name>.bss</name>
         <uninitialized>true</uninitialized>
         <run_address>0x20010218</run_address>
         <size>0xd</size>
         <input_file_ref idref="fl-1b"/>
      </object_component>
      <object_component id="oc-1f0">
         <name>.common:LIGHT_STATE</name>
         <uninitialized>true</uninitialized>
         <run_address>0x20010225</run_address>
         <size>0x1</size>
      </object_component>
      <object_component id="oc-31d">
         <name>.common:input</name>
         <uninitialized>true</uninitialized>
         <run_address>0x20010226</run_address>
         <size>0x1</size>
      </object_component>
      <object_component id="oc-1f3">
         <name>.common:uart</name>
         <uninitialized>true</uninitialized>
         <run_address>0x2001022c</run_address>
         <size>0x4</size>
      </object_component>
      <object_component id="oc-3e5">
         <name>.common:uartCC32XXObjects0</name>
         <uninitialized>true</uninitialized>
         <run_address>0x2001012c</run_address>
         <size>0x84</size>
      </object_component>
      <object_component id="oc-661">
         <name>.common:PowerCC32XX_contextSave</name>
         <uninitialized>true</uninitialized>
         <run_address>0x20010000</run_address>
         <size>0x12c</size>
      </object_component>
      <object_component id="oc-e1">
         <name>.common:ClockP_ctrl</name>
         <uninitialized>true</uninitialized>
         <run_address>0x20010208</run_address>
         <size>0x10</size>
      </object_component>
      <object_component id="oc-2a">
         <name>.sysmem</name>
         <uninitialized>true</uninitialized>
         <run_address>0x20004040</run_address>
         <size>0x10</size>
         <input_file_ref idref="fl-df"/>
      </object_component>
      <object_component id="oc-769">
         <name>.sysmem</name>
         <uninitialized>true</uninitialized>
         <run_address>0x20004040</run_address>
         <size>0x0</size>
      </object_component>
      <object_component id="oc-2d">
         <name>.stack</name>
         <uninitialized>true</uninitialized>
         <run_address>0x20003000</run_address>
         <size>0x4</size>
         <input_file_ref idref="fl-e0"/>
      </object_component>
      <object_component id="oc-768">
         <name>.stack</name>
         <uninitialized>true</uninitialized>
         <run_address>0x20003000</run_address>
         <size>0x0</size>
      </object_component>
      <object_component id="oc-27">
         <name>.resetVecs:retain</name>
         <load_address>0x20004000</load_address>
         <run_address>0x20004000</run_address>
         <size>0x40</size>
         <input_file_ref idref="fl-1a"/>
      </object_component>
      <object_component id="oc-bb">
         <name>.ramVecs</name>
         <uninitialized>true</uninitialized>
         <run_address>0x20000000</run_address>
         <size>0x30c</size>
         <input_file_ref idref="fl-1a"/>
      </object_component>
      <object_component id="oc-14d">
         <name>.debug_info</name>
         <load_address>0x0</load_address>
         <run_address>0x0</run_address>
         <size>0x1b9</size>
         <input_file_ref idref="fl-2"/>
      </object_component>
      <object_component id="oc-11e">
         <name>.debug_info</name>
         <load_address>0x1b9</load_address>
         <run_address>0x1b9</run_address>
         <size>0x151</size>
         <input_file_ref idref="fl-2"/>
      </object_component>
      <object_component id="oc-e7">
         <name>.debug_info</name>
         <load_address>0x30a</load_address>
         <run_address>0x30a</run_address>
         <size>0x26b</size>
         <input_file_ref idref="fl-2"/>
      </object_component>
      <object_component id="oc-36">
         <name>.debug_info</name>
         <load_address>0x575</load_address>
         <run_address>0x575</run_address>
         <size>0x84</size>
         <input_file_ref idref="fl-2"/>
      </object_component>
      <object_component id="oc-148">
         <name>.debug_info</name>
         <load_address>0x5f9</load_address>
         <run_address>0x5f9</run_address>
         <size>0x2a4</size>
         <input_file_ref idref="fl-2"/>
      </object_component>
      <object_component id="oc-21c">
         <name>.debug_info</name>
         <load_address>0x89d</load_address>
         <run_address>0x89d</run_address>
         <size>0xef</size>
         <input_file_ref idref="fl-2"/>
      </object_component>
      <object_component id="oc-12f">
         <name>.debug_info</name>
         <load_address>0x98c</load_address>
         <run_address>0x98c</run_address>
         <size>0xbb</size>
         <input_file_ref idref="fl-2"/>
      </object_component>
      <object_component id="oc-23f">
         <name>.debug_info</name>
         <load_address>0xa47</load_address>
         <run_address>0xa47</run_address>
         <size>0x53</size>
         <input_file_ref idref="fl-2"/>
      </object_component>
      <object_component id="oc-1f1">
         <name>.debug_info</name>
         <load_address>0xa9a</load_address>
         <run_address>0xa9a</run_address>
         <size>0x3f6</size>
         <input_file_ref idref="fl-3"/>
      </object_component>
      <object_component id="oc-1ee">
         <name>.debug_info</name>
         <load_address>0xe90</load_address>
         <run_address>0xe90</run_address>
         <size>0xe8</size>
         <input_file_ref idref="fl-3"/>
      </object_component>
      <object_component id="oc-1e8">
         <name>.debug_info</name>
         <load_address>0xf78</load_address>
         <run_address>0xf78</run_address>
         <size>0x1aa</size>
         <input_file_ref idref="fl-3"/>
      </object_component>
      <object_component id="oc-15f">
         <name>.debug_info</name>
         <load_address>0x1122</load_address>
         <run_address>0x1122</run_address>
         <size>0x21c</size>
         <input_file_ref idref="fl-3"/>
      </object_component>
      <object_component id="oc-1f5">
         <name>.debug_info</name>
         <load_address>0x133e</load_address>
         <run_address>0x133e</run_address>
         <size>0x4cf</size>
         <input_file_ref idref="fl-3"/>
      </object_component>
      <object_component id="oc-23a">
         <name>.debug_info</name>
         <load_address>0x180d</load_address>
         <run_address>0x180d</run_address>
         <size>0x3b</size>
         <input_file_ref idref="fl-3"/>
      </object_component>
      <object_component id="oc-1a3">
         <name>.debug_info</name>
         <load_address>0x1848</load_address>
         <run_address>0x1848</run_address>
         <size>0x507</size>
         <input_file_ref idref="fl-4"/>
      </object_component>
      <object_component id="oc-3c6">
         <name>.debug_info</name>
         <load_address>0x1d4f</load_address>
         <run_address>0x1d4f</run_address>
         <size>0x104</size>
         <input_file_ref idref="fl-4"/>
      </object_component>
      <object_component id="oc-3c9">
         <name>.debug_info</name>
         <load_address>0x1e53</load_address>
         <run_address>0x1e53</run_address>
         <size>0x112</size>
         <input_file_ref idref="fl-4"/>
      </object_component>
      <object_component id="oc-2cc">
         <name>.debug_info</name>
         <load_address>0x1f65</load_address>
         <run_address>0x1f65</run_address>
         <size>0x172</size>
         <input_file_ref idref="fl-4"/>
      </object_component>
      <object_component id="oc-2b9">
         <name>.debug_info</name>
         <load_address>0x20d7</load_address>
         <run_address>0x20d7</run_address>
         <size>0x10a</size>
         <input_file_ref idref="fl-4"/>
      </object_component>
      <object_component id="oc-280">
         <name>.debug_info</name>
         <load_address>0x21e1</load_address>
         <run_address>0x21e1</run_address>
         <size>0x10c</size>
         <input_file_ref idref="fl-4"/>
      </object_component>
      <object_component id="oc-50a">
         <name>.debug_info</name>
         <load_address>0x22ed</load_address>
         <run_address>0x22ed</run_address>
         <size>0x111</size>
         <input_file_ref idref="fl-4"/>
      </object_component>
      <object_component id="oc-3e7">
         <name>.debug_info</name>
         <load_address>0x23fe</load_address>
         <run_address>0x23fe</run_address>
         <size>0x10b</size>
         <input_file_ref idref="fl-4"/>
      </object_component>
      <object_component id="oc-2cf">
         <name>.debug_info</name>
         <load_address>0x2509</load_address>
         <run_address>0x2509</run_address>
         <size>0xfe</size>
         <input_file_ref idref="fl-4"/>
      </object_component>
      <object_component id="oc-36a">
         <name>.debug_info</name>
         <load_address>0x2607</load_address>
         <run_address>0x2607</run_address>
         <size>0xf8</size>
         <input_file_ref idref="fl-4"/>
      </object_component>
      <object_component id="oc-1b6">
         <name>.debug_info</name>
         <load_address>0x26ff</load_address>
         <run_address>0x26ff</run_address>
         <size>0x150</size>
         <input_file_ref idref="fl-4"/>
      </object_component>
      <object_component id="oc-154">
         <name>.debug_info</name>
         <load_address>0x284f</load_address>
         <run_address>0x284f</run_address>
         <size>0x186</size>
         <input_file_ref idref="fl-4"/>
      </object_component>
      <object_component id="oc-226">
         <name>.debug_info</name>
         <load_address>0x29d5</load_address>
         <run_address>0x29d5</run_address>
         <size>0x878</size>
         <input_file_ref idref="fl-4"/>
      </object_component>
      <object_component id="oc-134">
         <name>.debug_info</name>
         <load_address>0x324d</load_address>
         <run_address>0x324d</run_address>
         <size>0x100</size>
         <input_file_ref idref="fl-4"/>
      </object_component>
      <object_component id="oc-13e">
         <name>.debug_info</name>
         <load_address>0x334d</load_address>
         <run_address>0x334d</run_address>
         <size>0x137</size>
         <input_file_ref idref="fl-4"/>
      </object_component>
      <object_component id="oc-309">
         <name>.debug_info</name>
         <load_address>0x3484</load_address>
         <run_address>0x3484</run_address>
         <size>0xf8</size>
         <input_file_ref idref="fl-4"/>
      </object_component>
      <object_component id="oc-221">
         <name>.debug_info</name>
         <load_address>0x357c</load_address>
         <run_address>0x357c</run_address>
         <size>0x9a</size>
         <input_file_ref idref="fl-4"/>
      </object_component>
      <object_component id="oc-230">
         <name>.debug_info</name>
         <load_address>0x3616</load_address>
         <run_address>0x3616</run_address>
         <size>0x518</size>
         <input_file_ref idref="fl-4"/>
      </object_component>
      <object_component id="oc-22b">
         <name>.debug_info</name>
         <load_address>0x3b2e</load_address>
         <run_address>0x3b2e</run_address>
         <size>0xbb</size>
         <input_file_ref idref="fl-4"/>
      </object_component>
      <object_component id="oc-344">
         <name>.debug_info</name>
         <load_address>0x3be9</load_address>
         <run_address>0x3be9</run_address>
         <size>0xb6</size>
         <input_file_ref idref="fl-4"/>
      </object_component>
      <object_component id="oc-235">
         <name>.debug_info</name>
[...]
      </symbol>
      <symbol id="sm-40d">
         <name>PowerCC32XX_getParkState</name>
         <value>0x2000f125</value>
         <object_component_ref idref="oc-5de"/>
      </symbol>
      <symbol id="sm-41e">
         <name>PowerCC32XX_enterLPDS</name>
         <value>0x2000eb95</value>
         <object_component_ref idref="oc-552"/>
      </symbol>
      <symbol id="sm-41f">
         <name>PowerCC32XX_resumeLPDS</name>
         <value>0x2000e7cd</value>
         <object_component_ref idref="oc-663"/>
      </symbol>
      <symbol id="sm-5a9">
         <name>UARTCC32XX_close</name>
         <value>0x2000ce6d</value>
         <object_component_ref idref="oc-4ca"/>
      </symbol>
      <symbol id="sm-5aa">
         <name>UARTCC32XX_fxnTable</name>
         <value>0x2000fe6c</value>
         <object_component_ref idref="oc-3e2"/>
      </symbol>
      <symbol id="sm-5ab">
         <name>UARTCC32XX_init</name>
         <value>0x2000d56f</value>
         <object_component_ref idref="oc-4d6"/>
      </symbol>
      <symbol id="sm-5ac">
         <name>UARTCC32XX_writePolling</name>
         <value>0x2000e4f5</value>
         <object_component_ref idref="oc-4fa"/>
      </symbol>
      <symbol id="sm-5ad">
         <name>UARTCC32XX_writeCancel</name>
         <value>0x2000e429</value>
         <object_component_ref idref="oc-500"/>
      </symbol>
      <symbol id="sm-5ae">
         <name>UARTCC32XX_control</name>
         <value>0x2000d08d</value>
         <object_component_ref idref="oc-4d0"/>
      </symbol>
      <symbol id="sm-5af">
         <name>UARTCC32XX_open</name>
         <value>0x2000c46d</value>
         <object_component_ref idref="oc-4dc"/>
      </symbol>
      <symbol id="sm-5b0">
         <name>UARTCC32XX_readCancel</name>
         <value>0x2000efbd</value>
         <object_component_ref idref="oc-4ee"/>
      </symbol>
      <symbol id="sm-5b1">
         <name>UARTCC32XX_write</name>
         <value>0x2000d265</value>
         <object_component_ref idref="oc-4f4"/>
      </symbol>
      <symbol id="sm-5b2">
         <name>UARTCC32XX_read</name>
         <value>0x2000eda9</value>
         <object_component_ref idref="oc-4e2"/>
      </symbol>
      <symbol id="sm-5b3">
         <name>UARTCC32XX_readPolling</name>
         <value>0x2000d4b5</value>
         <object_component_ref idref="oc-4e8"/>
      </symbol>
      <symbol id="sm-5cb">
         <name>List_remove</name>
         <value>0x2000f21b</value>
         <object_component_ref idref="oc-69b"/>
      </symbol>
      <symbol id="sm-5cc">
         <name>List_put</name>
         <value>0x2000f1f5</value>
         <object_component_ref idref="oc-3af"/>
      </symbol>
      <symbol id="sm-5fb">
         <name>RingBuf_put</name>
         <value>0x2000eac5</value>
         <object_component_ref idref="oc-711"/>
      </symbol>
      <symbol id="sm-5fc">
         <name>RingBuf_isFull</name>
         <value>0x2000f63d</value>
         <object_component_ref idref="oc-717"/>
      </symbol>
      <symbol id="sm-5fd">
         <name>RingBuf_construct</name>
         <value>0x2000f54b</value>
         <object_component_ref idref="oc-5cc"/>
      </symbol>
      <symbol id="sm-5fe">
         <name>RingBuf_peek</name>
         <value>0x2000f2ed</value>
         <object_component_ref idref="oc-5be"/>
      </symbol>
      <symbol id="sm-5ff">
         <name>RingBuf_get</name>
         <value>0x2000ed69</value>
         <object_component_ref idref="oc-619"/>
      </symbol>
      <symbol id="sm-67a">
         <name>SemaphoreP_defaultParams</name>
         <value>0x2000fc60</value>
         <object_component_ref idref="oc-487"/>
      </symbol>
      <symbol id="sm-67b">
         <name>SemaphoreP_construct</name>
         <value>0x2000e871</value>
         <object_component_ref idref="oc-48b"/>
      </symbol>
      <symbol id="sm-67c">
         <name>SemaphoreP_create</name>
         <value>0x2000f4a9</value>
         <object_component_ref idref="oc-374"/>
      </symbol>
      <symbol id="sm-67d">
         <name>SemaphoreP_post</name>
         <value>0x2000ebd9</value>
         <object_component_ref idref="oc-2ae"/>
      </symbol>
      <symbol id="sm-67e">
         <name>SemaphoreP_pend</name>
         <value>0x2000dad1</value>
         <object_component_ref idref="oc-29c"/>
      </symbol>
      <symbol id="sm-67f">
         <name>SemaphoreP_delete</name>
         <value>0x2000f6c9</value>
         <object_component_ref idref="oc-296"/>
      </symbol>
      <symbol id="sm-680">
         <name>SemaphoreP_createBinary</name>
         <value>0x2000f3b7</value>
         <object_component_ref idref="oc-284"/>
      </symbol>
      <symbol id="sm-681">
         <name>SemaphoreP_Params_init</name>
         <value>0x2000f601</value>
         <object_component_ref idref="oc-36e"/>
      </symbol>
      <symbol id="sm-682">
         <name>clkFxn</name>
         <value>0x2000e557</value>
         <object_component_ref idref="oc-3a4"/>
      </symbol>
      <symbol id="sm-76c">
         <name>ClockP_ctrl</name>
         <value>0x20010208</value>
      </symbol>
      <symbol id="sm-76d">
         <name>ClockP_delete</name>
         <value>0x2000f58f</value>
         <object_component_ref idref="oc-599"/>
      </symbol>
      <symbol id="sm-76e">
         <name>ClockP_doTick</name>
         <value>0x2000e821</value>
         <object_component_ref idref="oc-79"/>
      </symbol>
      <symbol id="sm-76f">
         <name>ClockP_setTimeout</name>
         <value>0x2000f6c1</value>
         <object_component_ref idref="oc-71e"/>
      </symbol>
      <symbol id="sm-770">
         <name>ClockP_startup</name>
         <value>0x2000f029</value>
         <object_component_ref idref="oc-531"/>
      </symbol>
      <symbol id="sm-771">
         <name>ClockP_stop</name>
         <value>0x2000eb0d</value>
         <object_component_ref idref="oc-4b3"/>
      </symbol>
      <symbol id="sm-772">
         <name>ClockP_construct</name>
         <value>0x2000ece9</value>
         <object_component_ref idref="oc-6ad"/>
      </symbol>
      <symbol id="sm-773">
         <name>ClockP_getTicksUntilInterrupt</name>
         <value>0x2000eff5</value>
         <object_component_ref idref="oc-44d"/>
      </symbol>
      <symbol id="sm-774">
         <name>ClockP_setTicks</name>
         <value>0x2000f5c1</value>
         <object_component_ref idref="oc-475"/>
      </symbol>
      <symbol id="sm-775">
         <name>ClockP_tickPeriod</name>
         <value>0x2000fc70</value>
         <object_component_ref idref="oc-481"/>
      </symbol>
      <symbol id="sm-776">
         <name>ClockP_create</name>
         <value>0x2000f39d</value>
         <object_component_ref idref="oc-5ea"/>
      </symbol>
      <symbol id="sm-777">
         <name>ClockP_Params_init</name>
         <value>0x2000f671</value>
         <object_component_ref idref="oc-5e4"/>
      </symbol>
      <symbol id="sm-778">
         <name>ClockP_getSystemTicks</name>
         <value>0x2000f5b1</value>
         <object_component_ref idref="oc-459"/>
      </symbol>
      <symbol id="sm-779">
         <name>ClockP_destruct</name>
         <value>0x2000ee29</value>
         <object_component_ref idref="oc-39e"/>
      </symbol>
      <symbol id="sm-77a">
         <name>ClockP_start</name>
         <value>0x2000f0c5</value>
         <object_component_ref idref="oc-38c"/>
      </symbol>
      <symbol id="sm-77b">
         <name>ClockP_sysTickHandler</name>
         <value>0x2000e821</value>
         <object_component_ref idref="oc-79"/>
      </symbol>
      <symbol id="sm-77c">
         <name>ClockP_isActive</name>
         <value>0x2000f67b</value>
         <object_component_ref idref="oc-398"/>
      </symbol>
      <symbol id="sm-77d">
         <name>ClockP_getCpuFreq</name>
         <value>0x2000f5a1</value>
         <object_component_ref idref="oc-43b"/>
      </symbol>
      <symbol id="sm-77e">
         <name>ClockP_add</name>
         <value>0x2000f57f</value>
         <object_component_ref idref="oc-386"/>
      </symbol>
      <symbol id="sm-7ff">
         <name>HwiP_delete</name>
         <value>0x2000f5d1</value>
         <object_component_ref idref="oc-593"/>
      </symbol>
      <symbol id="sm-800">
         <name>HwiP_construct</name>
         <value>0x2000ddcd</value>
         <object_component_ref idref="oc-3f4"/>
      </symbol>
      <symbol id="sm-801">
         <name>HwiP_inISR</name>
         <value>0x2000f4d5</value>
         <object_component_ref idref="oc-3b6"/>
      </symbol>
      <symbol id="sm-802">
         <name>HwiP_dispatch</name>
         <value>0x2000f241</value>
         <object_component_ref idref="oc-518"/>
      </symbol>
      <symbol id="sm-803">
         <name>HwiP_destruct</name>
         <value>0x2000f2ad</value>
         <object_component_ref idref="oc-692"/>
      </symbol>
      <symbol id="sm-804">
         <name>HwiP_swiPIntNum</name>
         <value>0x2000fc6c</value>
         <object_component_ref idref="oc-51e"/>
      </symbol>
      <symbol id="sm-805">
         <name>HwiP_Params_init</name>
         <value>0x2000f539</value>
         <object_component_ref idref="oc-2de"/>
      </symbol>
      <symbol id="sm-806">
         <name>HwiP_disable</name>
         <value>0x2000f621</value>
         <object_component_ref idref="oc-28a"/>
      </symbol>
      <symbol id="sm-807">
         <name>HwiP_key</name>
         <value>0x2000fc68</value>
         <object_component_ref idref="oc-51e"/>
      </symbol>
      <symbol id="sm-808">
         <name>HwiP_create</name>
         <value>0x2000f151</value>
         <object_component_ref idref="oc-2e4"/>
      </symbol>
      <symbol id="sm-809">
         <name>HwiP_post</name>
         <value>0x2000f6c5</value>
         <object_component_ref idref="oc-578"/>
      </symbol>
      <symbol id="sm-80a">
         <name>HwiP_enable</name>
         <value>0x2000f62f</value>
         <object_component_ref idref="oc-158"/>
      </symbol>
      <symbol id="sm-80b">
         <name>HwiP_restore</name>
         <value>0x2000f5e1</value>
         <object_component_ref idref="oc-290"/>
      </symbol>
      <symbol id="sm-83b">
         <name>PowerCC32XX_initPolicy</name>
         <value>0x2000d32f</value>
         <object_component_ref idref="oc-35d"/>
      </symbol>
      <symbol id="sm-83c">
         <name>PowerCC32XX_sleepPolicy</name>
         <value>0x2000c8d9</value>
         <object_component_ref idref="oc-363"/>
      </symbol>
      <symbol id="sm-891">
         <name>resetISR</name>
         <value>0x2000f3d1</value>
         <object_component_ref idref="oc-21"/>
      </symbol>
      <symbol id="sm-892">
         <name>resetVectorAddr</name>
         <value>0x2000f3e4</value>
         <object_component_ref idref="oc-21"/>
      </symbol>
      <symbol id="sm-893">
         <name>initVectors</name>
         <value>0x2000ef4d</value>
         <object_component_ref idref="oc-59"/>
      </symbol>
      <symbol id="sm-894">
         <name>resetVectors</name>
         <value>0x20004000</value>
         <object_component_ref idref="oc-27"/>
      </symbol>
      <symbol id="sm-8c4">
         <name>SwiP_disable</name>
         <value>0x2000f349</value>
         <object_component_ref idref="oc-441"/>
      </symbol>
      <symbol id="sm-8c5">
         <name>SwiP_restore</name>
         <value>0x2000ec1d</value>
         <object_component_ref idref="oc-47b"/>
      </symbol>
      <symbol id="sm-8d0">
         <name>CPUcpsid</name>
         <value>0x2000f4bf</value>
         <object_component_ref idref="oc-a3"/>
      </symbol>
      <symbol id="sm-915">
         <name>IntVTableBaseSet</name>
         <value>0x2000f4e9</value>
         <object_component_ref idref="oc-af"/>
      </symbol>
      <symbol id="sm-916">
         <name>IntEnable</name>
         <value>0x2000d83d</value>
         <object_component_ref idref="oc-b5"/>
      </symbol>
      <symbol id="sm-917">
         <name>IntMasterDisable</name>
         <value>0x2000f685</value>
         <object_component_ref idref="oc-53"/>
      </symbol>
      <symbol id="sm-918">
         <name>IntPendSet</name>
         <value>0x2000de59</value>
         <object_component_ref idref="oc-686"/>
      </symbol>
      <symbol id="sm-952">
         <name>PinModeGet</name>
         <value>0x2000f05d</value>
         <object_component_ref idref="oc-269"/>
      </symbol>
      <symbol id="sm-953">
         <name>PinConfigSet</name>
         <value>0x2000dee1</value>
         <object_component_ref idref="oc-2d2"/>
      </symbol>
      <symbol id="sm-954">
         <name>PinModeSet</name>
         <value>0x2000ed29</value>
         <object_component_ref idref="oc-26f"/>
      </symbol>
      <symbol id="sm-955">
         <name>PinToPadGet</name>
         <value>0x2000f32d</value>
         <object_component_ref idref="oc-5b7"/>
      </symbol>
      <symbol id="sm-a1e">
         <name>PRCMLPDSRestoreInfoSet</name>
         <value>0x2000eb51</value>
         <object_component_ref idref="oc-668"/>
      </symbol>
      <symbol id="sm-a1f">
         <name>PRCMPeripheralReset</name>
         <value>0x2000e6c9</value>
         <object_component_ref idref="oc-25d"/>
      </symbol>
      <symbol id="sm-a20">
         <name>PRCMLPDSEnter</name>
         <value>0x2000e9ed</value>
         <object_component_ref idref="oc-569"/>
      </symbol>
      <symbol id="sm-a21">
         <name>PRCMPeripheralClkEnable</name>
         <value>0x2000ea35</value>
         <object_component_ref idref="oc-257"/>
      </symbol>
      <symbol id="sm-a22">
         <name>PRCMLPDSEnterKeepDebugIf</name>
         <value>0x2000eedd</value>
         <object_component_ref idref="oc-56f"/>
      </symbol>
      <symbol id="sm-a23">
         <name>PRCMCC3200MCUInit</name>
         <value>0x2000c041</value>
         <object_component_ref idref="oc-1a9"/>
      </symbol>
      <symbol id="sm-a24">
         <name>PRCMHIBRegWrite</name>
         <value>0x2000f493</value>
         <object_component_ref idref="oc-24b"/>
      </symbol>
      <symbol id="sm-a25">
         <name>PRCMSysResetCauseGet</name>
         <value>0x2000e559</value>
         <object_component_ref idref="oc-244"/>
      </symbol>
      <symbol id="sm-a26">
         <name>PRCMPeripheralClkDisable</name>
         <value>0x2000f17d</value>
         <object_component_ref idref="oc-263"/>
      </symbol>
      <symbol id="sm-a27">
         <name>PRCMHIBRegRead</name>
         <value>0x2000f47d</value>
         <object_component_ref idref="oc-251"/>
      </symbol>
      <symbol id="sm-a3b">
         <name>UARTBusy</name>
         <value>0x2000f41d</value>
         <object_component_ref idref="oc-621"/>
      </symbol>
      <symbol id="sm-a3c">
         <name>UARTIntEnable</name>
         <value>0x2000f435</value>
         <object_component_ref idref="oc-6f1"/>
      </symbol>
      <symbol id="sm-a40">
         <name>UtilsDelay</name>
         <value>0x2000f6bb</value>
         <object_component_ref idref="oc-24a"/>
      </symbol>
      <symbol id="sm-a50">
         <name>FlashDisable</name>
         <value>0x2000e9a5</value>
         <object_component_ref idref="oc-67e"/>
      </symbol>
      <symbol id="sm-a59">
         <name>__aeabi_lmul</name>
         <value>0x2000f465</value>
         <object_component_ref idref="oc-470"/>
      </symbol>
      <symbol id="sm-a74">
         <name>memcpy</name>
         <value>0x2000db71</value>
         <object_component_ref idref="oc-3b"/>
      </symbol>
      <symbol id="sm-a75">
         <name>__aeabi_memcpy</name>
         <value>0x2000db71</value>
         <object_component_ref idref="oc-3b"/>
      </symbol>
      <symbol id="sm-a76">
         <name>__aeabi_memcpy8</name>
         <value>0x2000db71</value>
         <object_component_ref idref="oc-3b"/>
      </symbol>
      <symbol id="sm-a77">
         <name>__aeabi_memcpy4</name>
         <value>0x2000db71</value>
         <object_component_ref idref="oc-3b"/>
      </symbol>
      <symbol id="sm-a84">
         <name>__aeabi_uldivmod</name>
         <value>0x2000dca5</value>
         <object_component_ref idref="oc-465"/>
      </symbol>
      <symbol id="sm-a98">
         <name>__TI_zero_init_nomemset</name>
         <value>0x2000f365</value>
         <object_component_ref idref="oc-47"/>
      </symbol>
      <symbol id="sm-aaf">
         <name>__TI_decompress_none</name>
         <value>0x2000f64b</value>
         <object_component_ref idref="oc-1a"/>
      </symbol>
      <symbol id="sm-ad2">
         <name>__TI_decompress_lzss</name>
         <value>0x2000e3c1</value>
         <object_component_ref idref="oc-14"/>
      </symbol>
      <symbol id="sm-b5b">
         <name>_sys_memory</name>
         <value>0x20004040</value>
         <object_component_ref idref="oc-2a"/>
      </symbol>
      <symbol id="sm-b5c">
         <name>free</name>
         <value>0x2000d181</value>
         <object_component_ref idref="oc-37f"/>
      </symbol>
      <symbol id="sm-b5d">
         <name>memalign</name>
         <value>0x2000cf8d</value>
         <object_component_ref idref="oc-50e"/>
      </symbol>
      <symbol id="sm-b5e">
         <name>malloc</name>
         <value>0x2000f6a3</value>
         <object_component_ref idref="oc-3ee"/>
      </symbol>
      <symbol id="sm-b5f">
         <name>aligned_alloc</name>
         <value>0x2000cf8d</value>
         <object_component_ref idref="oc-50e"/>
      </symbol>
      <symbol id="sm-b71">
         <name>__stack</name>
         <value>0x20003000</value>
         <object_component_ref idref="oc-2d"/>
      </symbol>
      <symbol id="sm-b72">
         <name>_c_int00_noargs</name>
         <value>0x2000f289</value>
         <object_component_ref idref="oc-c5"/>
      </symbol>
      <symbol id="sm-b7c">
         <name>__aeabi_idiv0</name>
         <value>0x2000eff3</value>
         <object_component_ref idref="oc-53a"/>
      </symbol>
      <symbol id="sm-b7d">
         <name>__aeabi_ldiv0</name>
         <value>0x2000eff3</value>
         <object_component_ref idref="oc-53a"/>
      </symbol>
      <symbol id="sm-ba6">
         <name>__TI_auto_init_nobinit_nopinit</name>
         <value>0x2000eca5</value>
         <object_component_ref idref="oc-171"/>
      </symbol>
      <symbol id="sm-bb0">
         <name>_system_pre_init</name>
         <value>0x2000f6cd</value>
         <object_component_ref idref="oc-114"/>
      </symbol>
      <symbol id="sm-bbc">
         <name>C$$EXIT</name>
         <value>0x2000f6d1</value>
         <object_component_ref idref="oc-165"/>
      </symbol>
      <symbol id="sm-bbd">
         <name>abort</name>
         <value>0x2000f6d1</value>
         <object_component_ref idref="oc-165"/>
      </symbol>
      <symbol id="sm-bd2">
         <name>_nop</name>
         <value>0x2000dd3b</value>
         <object_component_ref idref="oc-325"/>
      </symbol>
      <symbol id="sm-bd3">
         <name>_lock</name>
         <value>0x2000fc50</value>
         <object_component_ref idref="oc-1fe"/>
      </symbol>
      <symbol id="sm-bd4">
         <name>_unlock</name>
         <value>0x2000fc54</value>
         <object_component_ref idref="oc-1fe"/>
      </symbol>
      <symbol id="sm-bd6">
         <name>__TI_static_base__</name>
         <value>0x20010230</value>
      </symbol>
      <symbol id="sm-bd9">
         <name>ITM_flush</name>
         <value>0x0</value>
      </symbol>
      <symbol id="sm-bda">
         <name>ITM_restore</name>
         <value>0x0</value>
      </symbol>
      <symbol id="sm-bdb">
         <name>__mpu_init</name>
         <value>0x0</value>
      </symbol>
      <symbol id="sm-bdc">
         <name>_system_post_cinit</name>
         <value>0x0</value>
      </symbol>
      <symbol id="sm-bdd">
         <name>NoRTOS_start</name>
         <value>0x2000f62f</value>
      </symbol>
   </symbol_table>
   <title>Link successful</title>
</link_info>
